Archive member included to satisfy reference by file (symbol)

.pio\build\uno_r4_wifi\libFrameworkArduinoVariant.a(main.c.o)
                              c:/users/amtsn/.platformio/packages/toolchain-gccarmnoneeabi/bin/../lib/gcc/arm-none-eabi/7.2.1/../../../../arm-none-eabi/lib/thumb/v7e-m/fpv4-sp/hard/crt0.o (main)
.pio\build\uno_r4_wifi\libFrameworkArduino.a(Serial.cpp.o)
                              .pio\build\uno_r4_wifi\src\SmartLight.cpp.o (UART::begin(unsigned long))
.pio\build\uno_r4_wifi\libFrameworkArduino.a(SerialObj1.cpp.o)
                              .pio\build\uno_r4_wifi\src\SmartLight.cpp.o (_UART1_)
.pio\build\uno_r4_wifi\libFrameworkArduino.a(analog.cpp.o)
                              .pio\build\uno_r4_wifi\src\SmartLight.cpp.o (analogRead)
.pio\build\uno_r4_wifi\libFrameworkArduino.a(Common.cpp.o)
                              .pio\build\uno_r4_wifi\libFrameworkArduino.a(analog.cpp.o) (map(long, long, long, long, long))
.pio\build\uno_r4_wifi\libFrameworkArduino.a(Print.cpp.o)
                              .pio\build\uno_r4_wifi\libFrameworkArduino.a(Serial.cpp.o) (arduino::Print::write(unsigned char const*, unsigned int))
.pio\build\uno_r4_wifi\libFrameworkArduino.a(dac.cpp.o)
                              .pio\build\uno_r4_wifi\libFrameworkArduino.a(analog.cpp.o) (CDac::analogWrite(int))
.pio\build\uno_r4_wifi\libFrameworkArduino.a(digital.cpp.o)
                              .pio\build\uno_r4_wifi\src\SmartLight.cpp.o (pinMode)
.pio\build\uno_r4_wifi\libFrameworkArduino.a(main.cpp.o)
                              .pio\build\uno_r4_wifi\libFrameworkArduinoVariant.a(main.c.o) (hal_entry)
.pio\build\uno_r4_wifi\libFrameworkArduino.a(pinDefinitions.cpp.o)
                              .pio\build\uno_r4_wifi\libFrameworkArduino.a(analog.cpp.o) (pinPeripheral(e_bsp_io_port_pin_t, unsigned long))
.pio\build\uno_r4_wifi\libFrameworkArduino.a(pwm.cpp.o)
                              .pio\build\uno_r4_wifi\libFrameworkArduino.a(analog.cpp.o) (PwmOut::PwmOut(int))
.pio\build\uno_r4_wifi\libFrameworkArduino.a(time.cpp.o)
                              .pio\build\uno_r4_wifi\libFrameworkArduino.a(analog.cpp.o) (delayMicroseconds)
.pio\build\uno_r4_wifi\libFrameworkArduino.a(variant_helper.cpp.o)
                              .pio\build\uno_r4_wifi\libFrameworkArduino.a(Serial.cpp.o) (getPinCfgs(unsigned char, PinCfgReq_t))
.pio\build\uno_r4_wifi\libFrameworkArduino.a(vector_table.c.o)
                              .pio\build\uno_r4_wifi\libFrameworkArduino.a(main.cpp.o) (g_vector_table)
.pio\build\uno_r4_wifi\libFrameworkArduino.a(FspTimer.cpp.o)
                              .pio\build\uno_r4_wifi\libFrameworkArduino.a(pwm.cpp.o) (FspTimer::FspTimer())
.pio\build\uno_r4_wifi\libFrameworkArduino.a(IRQManager.cpp.o)
                              .pio\build\uno_r4_wifi\libFrameworkArduino.a(Serial.cpp.o) (IRQManager::getInstance())
.pio\build\uno_r4_wifi\libFrameworkArduino.a(cm_backtrace.c.o)
                              .pio\build\uno_r4_wifi\libFrameworkArduino.a(main.cpp.o) (cm_backtrace_init)
.pio\build\uno_r4_wifi\libFrameworkArduino.a(cortex_handlers.c.o)
                              .pio\build\uno_r4_wifi\libFrameworkArduino.a(main.cpp.o) (Stacktrace_Handler)
C:\Users\amtsn\.platformio\packages\framework-arduinorenesas-uno\variants\UNOWIFIR4\libs\libfsp.a(r_spi.o)
                              .pio\build\uno_r4_wifi\libFrameworkArduino.a(IRQManager.cpp.o) (spi_rxi_isr)
C:\Users\amtsn\.platformio\packages\framework-arduinorenesas-uno\variants\UNOWIFIR4\libs\libfsp.a(r_sci_uart.o)
                              .pio\build\uno_r4_wifi\libFrameworkArduino.a(Serial.cpp.o) (R_SCI_UART_Write)
C:\Users\amtsn\.platformio\packages\framework-arduinorenesas-uno\variants\UNOWIFIR4\libs\libfsp.a(r_sci_spi.o)
                              .pio\build\uno_r4_wifi\libFrameworkArduino.a(IRQManager.cpp.o) (sci_spi_txi_isr)
C:\Users\amtsn\.platformio\packages\framework-arduinorenesas-uno\variants\UNOWIFIR4\libs\libfsp.a(r_sci_i2c.o)
                              .pio\build\uno_r4_wifi\libFrameworkArduino.a(IRQManager.cpp.o) (sci_i2c_rxi_isr)
C:\Users\amtsn\.platformio\packages\framework-arduinorenesas-uno\variants\UNOWIFIR4\libs\libfsp.a(r_rtc.o)
                              .pio\build\uno_r4_wifi\libFrameworkArduino.a(IRQManager.cpp.o) (rtc_alarm_periodic_isr)
C:\Users\amtsn\.platformio\packages\framework-arduinorenesas-uno\variants\UNOWIFIR4\libs\libfsp.a(r_ioport.o)
                              .pio\build\uno_r4_wifi\libFrameworkArduino.a(digital.cpp.o) (R_IOPORT_PinRead)
C:\Users\amtsn\.platformio\packages\framework-arduinorenesas-uno\variants\UNOWIFIR4\libs\libfsp.a(r_iic_slave.o)
                              .pio\build\uno_r4_wifi\libFrameworkArduino.a(IRQManager.cpp.o) (iic_slave_rxi_isr)
C:\Users\amtsn\.platformio\packages\framework-arduinorenesas-uno\variants\UNOWIFIR4\libs\libfsp.a(r_iic_master.o)
[...]
Memory Configuration

Name             Origin             Length             Attributes
FLASH            0x00004000         0x0003c000         xr
RAM              0x20000000         0x00008000         xrw
DATA_FLASH       0x40100000         0x00002000         xr
OPTION_SETTING   0x00000000         0x00000000         r
OPTION_SETTING_S 0x00000000         0x00000000         r
ID_CODE          0x01010018         0x00000020         xr
*default*        0x00000000         0xffffffff

Linker script and memory map

LOAD c:/users/amtsn/.platformio/packages/toolchain-gccarmnoneeabi/bin/../lib/gcc/arm-none-eabi/7.2.1/thumb/v7e-m/fpv4-sp/hard/crti.o
LOAD c:/users/amtsn/.platformio/packages/toolchain-gccarmnoneeabi/bin/../lib/gcc/arm-none-eabi/7.2.1/thumb/v7e-m/fpv4-sp/hard/crtbegin.o
LOAD c:/users/amtsn/.platformio/packages/toolchain-gccarmnoneeabi/bin/../lib/gcc/arm-none-eabi/7.2.1/../../../../arm-none-eabi/lib/thumb/v7e-m/fpv4-sp/hard/crt0.o
LOAD .pio\build\uno_r4_wifi\src\SmartLight.cpp.o
START GROUP
LOAD .pio\build\uno_r4_wifi\libFrameworkArduinoVariant.a
LOAD .pio\build\uno_r4_wifi\libFrameworkArduino.a
LOAD C:\Users\amtsn\.platformio\packages\framework-arduinorenesas-uno\variants\UNOWIFIR4\libs\libfsp.a
LOAD c:/users/amtsn/.platformio/packages/toolchain-gccarmnoneeabi/bin/../lib/gcc/arm-none-eabi/7.2.1/../../../../arm-none-eabi/lib/thumb/v7e-m/fpv4-sp/hard\libstdc++_nano.a
LOAD c:/users/amtsn/.platformio/packages/toolchain-gccarmnoneeabi/bin/../lib/gcc/arm-none-eabi/7.2.1/../../../../arm-none-eabi/lib/thumb/v7e-m/fpv4-sp/hard\libsupc++_nano.a
LOAD c:/users/amtsn/.platformio/packages/toolchain-gccarmnoneeabi/bin/../lib/gcc/arm-none-eabi/7.2.1/thumb/v7e-m/fpv4-sp/hard\libgcc.a
LOAD c:/users/amtsn/.platformio/packages/toolchain-gccarmnoneeabi/bin/../lib/gcc/arm-none-eabi/7.2.1/../../../../arm-none-eabi/lib/thumb/v7e-m/fpv4-sp/hard\libnosys.a
END GROUP
LOAD c:/users/amtsn/.platformio/packages/toolchain-gccarmnoneeabi/bin/../lib/gcc/arm-none-eabi/7.2.1/../../../../arm-none-eabi/lib/thumb/v7e-m/fpv4-sp/hard\libstdc++_nano.a
LOAD c:/users/amtsn/.platformio/packages/toolchain-gccarmnoneeabi/bin/../lib/gcc/arm-none-eabi/7.2.1/../../../../arm-none-eabi/lib/thumb/v7e-m/fpv4-sp/hard\libm.a
LOAD c:/users/amtsn/.platformio/packages/toolchain-gccarmnoneeabi/bin/../lib/gcc/arm-none-eabi/7.2.1/../../../../arm-none-eabi/lib/thumb/v7e-m/fpv4-sp/hard\libc_nano.a
START GROUP
LOAD c:/users/amtsn/.platformio/packages/toolchain-gccarmnoneeabi/bin/../lib/gcc/arm-none-eabi/7.2.1/thumb/v7e-m/fpv4-sp/hard\libgcc.a
LOAD c:/users/amtsn/.platformio/packages/toolchain-gccarmnoneeabi/bin/../lib/gcc/arm-none-eabi/7.2.1/../../../../arm-none-eabi/lib/thumb/v7e-m/fpv4-sp/hard\libc_nano.a
END GROUP
START GROUP
LOAD c:/users/amtsn/.platformio/packages/toolchain-gccarmnoneeabi/bin/../lib/gcc/arm-none-eabi/7.2.1/thumb/v7e-m/fpv4-sp/hard\libgcc.a
LOAD c:/users/amtsn/.platformio/packages/toolchain-gccarmnoneeabi/bin/../lib/gcc/arm-none-eabi/7.2.1/../../../../arm-none-eabi/lib/thumb/v7e-m/fpv4-sp/hard\libc_nano.a
LOAD c:/users/amtsn/.platformio/packages/toolchain-gccarmnoneeabi/bin/../lib/gcc/arm-none-eabi/7.2.1/../../../../arm-none-eabi/lib/thumb/v7e-m/fpv4-sp/hard\libnosys.a
END GROUP
START GROUP
LOAD c:/users/amtsn/.platformio/packages/toolchain-gccarmnoneeabi/bin/../lib/gcc/arm-none-eabi/7.2.1/thumb/v7e-m/fpv4-sp/hard\libgcc.a
LOAD c:/users/amtsn/.platformio/packages/toolchain-gccarmnoneeabi/bin/../lib/gcc/arm-none-eabi/7.2.1/../../../../arm-none-eabi/lib/thumb/v7e-m/fpv4-sp/hard\libc_nano.a
LOAD c:/users/amtsn/.platformio/packages/toolchain-gccarmnoneeabi/bin/../lib/gcc/arm-none-eabi/7.2.1/../../../../arm-none-eabi/lib/thumb/v7e-m/fpv4-sp/hard\libnosys.a
END GROUP
LOAD c:/users/amtsn/.platformio/packages/toolchain-gccarmnoneeabi/bin/../lib/gcc/arm-none-eabi/7.2.1/thumb/v7e-m/fpv4-sp/hard/crtend.o
LOAD c:/users/amtsn/.platformio/packages/toolchain-gccarmnoneeabi/bin/../lib/gcc/arm-none-eabi/7.2.1/thumb/v7e-m/fpv4-sp/hard/crtn.o
                0x20000000                RAM_START = 0x20000000
                0x00008000                RAM_LENGTH = 0x8000
                0x00000000                FLASH_START = 0x0
                0x00040000                FLASH_LENGTH = 0x40000
                0x40100000                DATA_FLASH_START = 0x40100000
                0x00002000                DATA_FLASH_LENGTH = 0x2000
                0x00000000                OPTION_SETTING_START = 0x0
                0x00000000                OPTION_SETTING_LENGTH = 0x0
                0x00000000                OPTION_SETTING_S_START = 0x0
                0x00000000                OPTION_SETTING_S_LENGTH = 0x0
                0x01010018                ID_CODE_START = 0x1010018
                0x00000020                ID_CODE_LENGTH = 0x20
                0x90000000                SDRAM_START = 0x90000000
                0x00000000                SDRAM_LENGTH = 0x0
                0x60000000                QSPI_FLASH_START = 0x60000000
                0x00000000                QSPI_FLASH_LENGTH = 0x0
                0x68000000                OSPI_DEVICE_0_START = 0x68000000
                0x00000000                OSPI_DEVICE_0_LENGTH = 0x0
                0x70000000                OSPI_DEVICE_1_START = 0x70000000
                0x00000000                OSPI_DEVICE_1_LENGTH = 0x0
                0x00004000                FLASH_IMAGE_START = 0x4000
                0x00000100                VECTOR_TABLE_LENGTH = 0x100
                0x00000400                BSP_CFG_STACK_MAIN_BYTES = 0x400
START GROUP
LOAD c:/users/amtsn/.platformio/packages/toolchain-gccarmnoneeabi/bin/../lib/gcc/arm-none-eabi/7.2.1/thumb/v7e-m/fpv4-sp/hard\libgcc.a
LOAD c:/users/amtsn/.platformio/packages/toolchain-gccarmnoneeabi/bin/../lib/gcc/arm-none-eabi/7.2.1/../../../../arm-none-eabi/lib/thumb/v7e-m/fpv4-sp/hard\libc.a
LOAD c:/users/amtsn/.platformio/packages/toolchain-gccarmnoneeabi/bin/../lib/gcc/arm-none-eabi/7.2.1/../../../../arm-none-eabi/lib/thumb/v7e-m/fpv4-sp/hard\libm.a
LOAD c:/users/amtsn/.platformio/packages/toolchain-gccarmnoneeabi/bin/../lib/gcc/arm-none-eabi/7.2.1/../../../../arm-none-eabi/lib/thumb/v7e-m/fpv4-sp/hard\libnosys.a
END GROUP

.text           0x00004000     0x8ae4
                0x00000000                __tz_FLASH_S = ABSOLUTE (FLASH_START)
                0x00004000                __ROM_Start = .
 *(.sketch_boot)
                0x00004000                . = ALIGN (0x800)
 *(.fixed_vectors*)
 .fixed_vectors
                0x00004000       0x40 C:\Users\amtsn\.platformio\packages\framework-arduinorenesas-uno\variants\UNOWIFIR4\libs\libfsp.a(startup.o)
                0x00004000                __Vectors
 *(.application_vectors*)
 .application_vectors
                0x00004040       0x80 .pio\build\uno_r4_wifi\libFrameworkArduino.a(vector_table.c.o)
                0x00004040                g_vector_table
                0x000040c0                __Vectors_End = .
 *(.text*)
 .text          0x000040c0       0x40 c:/users/amtsn/.platformio/packages/toolchain-gccarmnoneeabi/bin/../lib/gcc/arm-none-eabi/7.2.1/thumb/v7e-m/fpv4-sp/hard/crtbegin.o
 .text._ZN10SmartLight10SmartLight11LightSensorEv
                0x00004100       0x54 .pio\build\uno_r4_wifi\src\SmartLight.cpp.o
                0x00004100                SmartLight::SmartLight::LightSensor()
 .text._ZN10SmartLight10SmartLight12MotionSensorEv
                0x00004154       0x3c .pio\build\uno_r4_wifi\src\SmartLight.cpp.o
                0x00004154                SmartLight::SmartLight::MotionSensor()
 .text.loop     0x00004190       0x5c .pio\build\uno_r4_wifi\src\SmartLight.cpp.o
                0x00004190                loop
 .text.startup._GLOBAL__sub_I_SmartLightSystem
                0x000041ec       0x30 .pio\build\uno_r4_wifi\src\SmartLight.cpp.o
 .text._ZN10SmartLight10SmartLight5setupEv
                0x0000421c       0x98 .pio\build\uno_r4_wifi\src\SmartLight.cpp.o
                0x0000421c                SmartLight::SmartLight::setup()
 .text.setup    0x000042b4       0x10 .pio\build\uno_r4_wifi\src\SmartLight.cpp.o
                0x000042b4                setup
 .text.startup.main
                0x000042c4        0xa .pio\build\uno_r4_wifi\libFrameworkArduinoVariant.a(main.c.o)
                0x000042c4                main
 .text._ZN7arduino5Print17availableForWriteEv
                0x000042ce        0x4 .pio\build\uno_r4_wifi\libFrameworkArduino.a(Serial.cpp.o)
                0x000042ce                arduino::Print::availableForWrite()
 .text._ZN4UARTcvbEv
                0x000042d2        0x4 .pio\build\uno_r4_wifi\libFrameworkArduino.a(Serial.cpp.o)
                0x000042d2                UART::operator bool()
 .text._ZN4UART5beginEm
                0x000042d6        0xa .pio\build\uno_r4_wifi\libFrameworkArduino.a(Serial.cpp.o)
                0x000042d6                UART::begin(unsigned long)
 .text._ZN4UART5flushEv
                0x000042e0        0xa .pio\build\uno_r4_wifi\libFrameworkArduino.a(Serial.cpp.o)
                0x000042e0                UART::flush()
 .text._ZN4UART4peekEv
                0x000042ea       0x18 .pio\build\uno_r4_wifi\libFrameworkArduino.a(Serial.cpp.o)
                0x000042ea                UART::peek()
 .text._ZN4UART5writeEh
                0x00004302       0x34 .pio\build\uno_r4_wifi\libFrameworkArduino.a(Serial.cpp.o)
                0x00004302                UART::write(unsigned char)
 .text._ZN4UART3endEv
                0x00004336       0x22 .pio\build\uno_r4_wifi\libFrameworkArduino.a(Serial.cpp.o)
                0x00004336                UART::end()
 .text._ZN7__GuardD2Ev
                0x00004358        0xc .pio\build\uno_r4_wifi\libFrameworkArduino.a(Serial.cpp.o)
                0x00004358                __Guard::~__Guard()
                0x00004358                __Guard::~__Guard()
 .text._ZN4UART9availableEv
                0x00004364       0x32 .pio\build\uno_r4_wifi\libFrameworkArduino.a(Serial.cpp.o)
                0x00004364                UART::available()
 *fill*         0x00004396        0x2 ff
 .text._ZN4UART15WrapperCallbackEP20st_uart_callback_arg
                0x00004398       0x90 .pio\build\uno_r4_wifi\libFrameworkArduino.a(Serial.cpp.o)
                0x00004398                UART::WrapperCallback(st_uart_callback_arg*)
 .text._ZN4UART4readEv
                0x00004428       0x5c .pio\build\uno_r4_wifi\libFrameworkArduino.a(Serial.cpp.o)
                0x00004428                UART::read()
 .text._ZN4UARTC2Eiiii
                0x00004484       0x78 .pio\build\uno_r4_wifi\libFrameworkArduino.a(Serial.cpp.o)
                0x00004484                UART::UART(int, int, int, int)
                0x00004484                UART::UART(int, int, int, int)
 .text._ZN4UART13setUpUartIrqsER11st_uart_cfg
                0x000044fc       0x14 .pio\build\uno_r4_wifi\libFrameworkArduino.a(Serial.cpp.o)
                0x000044fc                UART::setUpUartIrqs(st_uart_cfg&)
 .text._ZN4UART8cfg_pinsEi
                0x00004510       0xe8 .pio\build\uno_r4_wifi\libFrameworkArduino.a(Serial.cpp.o)
                0x00004510                UART::cfg_pins(int)
 .text._ZN4UART5beginEmt
                0x000045f8      0x1a8 .pio\build\uno_r4_wifi\libFrameworkArduino.a(Serial.cpp.o)
                0x000045f8                UART::begin(unsigned long, unsigned short)
 .text._ZN4UART9write_rawEPhj
                0x000047a0       0x1e .pio\build\uno_r4_wifi\libFrameworkArduino.a(Serial.cpp.o)
                0x000047a0                UART::write_raw(unsigned char*, unsigned int)
 *fill*         0x000047be        0x2 ff
 .text.startup._GLOBAL__sub_I__UART1_
                0x000047c0       0x1c .pio\build\uno_r4_wifi\libFrameworkArduino.a(SerialObj1.cpp.o)
 .text._ZL13readAllGroupAP13ADC_Container
                0x000047dc       0x2c .pio\build\uno_r4_wifi\libFrameworkArduino.a(analog.cpp.o)
 .text._ZL11ADC_irq_cbkP20st_adc_callback_args
                0x00004808       0x58 .pio\build\uno_r4_wifi\libFrameworkArduino.a(analog.cpp.o)
 .text._ZL10adcConvertP13ADC_Containert
                0x00004860       0xa4 .pio\build\uno_r4_wifi\libFrameworkArduino.a(analog.cpp.o)
 .text._ZL21get_ADC_container_ptrlRt.constprop.4
                0x00004904       0x38 .pio\build\uno_r4_wifi\libFrameworkArduino.a(analog.cpp.o)
 .text._ZN13ADC_ContainerC2EhPFvP20st_adc_callback_argsEPv
                0x0000493c       0x6e .pio\build\uno_r4_wifi\libFrameworkArduino.a(analog.cpp.o)
                0x0000493c                ADC_Container::ADC_Container(unsigned char, void (*)(st_adc_callback_args*), void*)
                0x0000493c                ADC_Container::ADC_Container(unsigned char, void (*)(st_adc_callback_args*), void*)
 .text._ZN13ADC_ContainerD2Ev
                0x000049aa       0x12 .pio\build\uno_r4_wifi\libFrameworkArduino.a(analog.cpp.o)
                0x000049aa                ADC_Container::~ADC_Container()
                0x000049aa                ADC_Container::~ADC_Container()
 .text.analogRead
                0x000049bc       0x3c .pio\build\uno_r4_wifi\libFrameworkArduino.a(analog.cpp.o)
                0x000049bc                analogRead
 .text.analogReference
                0x000049f8       0x5c .pio\build\uno_r4_wifi\libFrameworkArduino.a(analog.cpp.o)
                0x000049f8                analogReference
 *fill*         0x00004a54        0x4 ff
 .text._Z15analogReferencev
                0x00004a58      0x10c .pio\build\uno_r4_wifi\libFrameworkArduino.a(analog.cpp.o)
                0x00004a58                analogReference()
 .text._Z23__get_timer_for_channeli
                0x00004b64       0x2c .pio\build\uno_r4_wifi\libFrameworkArduino.a(analog.cpp.o)
                0x00004b64                __get_timer_for_channel(int)
 .text.startup._GLOBAL__sub_I__ZN13ADC_ContainerC2EhPFvP20st_adc_callback_argsEPv
                0x00004b90       0x4c .pio\build\uno_r4_wifi\libFrameworkArduino.a(analog.cpp.o)
 .text.exit._GLOBAL__sub_D__ZN13ADC_ContainerC2EhPFvP20st_adc_callback_argsEPv
                0x00004bdc       0x1c .pio\build\uno_r4_wifi\libFrameworkArduino.a(analog.cpp.o)
 .text._Z3maplllll
                0x00004bf8       0x14 .pio\build\uno_r4_wifi\libFrameworkArduino.a(Common.cpp.o)
                0x00004bf8                map(long, long, long, long, long)
 .text._ZN7arduino5Print5writeEPKhj
                0x00004c0c       0x2c .pio\build\uno_r4_wifi\libFrameworkArduino.a(Print.cpp.o)
                0x00004c0c                arduino::Print::write(unsigned char const*, unsigned int)
 .text._ZN7arduino5Print5writeEPKc.part.2
                0x00004c38       0x1e .pio\build\uno_r4_wifi\libFrameworkArduino.a(Print.cpp.o)
 .text._ZN7arduino5Print5writeEPKc
                0x00004c56        0xa .pio\build\uno_r4_wifi\libFrameworkArduino.a(Print.cpp.o)
                0x00004c56                arduino::Print::write(char const*)
 .text._ZN7arduino5Print7printlnEv
                0x00004c60        0xc .pio\build\uno_r4_wifi\libFrameworkArduino.a(Print.cpp.o)
                0x00004c60                arduino::Print::println()
 .text._ZN7arduino5Print7printlnEPKc
                0x00004c6c       0x14 .pio\build\uno_r4_wifi\libFrameworkArduino.a(Print.cpp.o)
                0x00004c6c                arduino::Print::println(char const*)
 .text._ZN4CDacC2Eh
                0x00004c80       0x6c .pio\build\uno_r4_wifi\libFrameworkArduino.a(dac.cpp.o)
                0x00004c80                CDac::CDac(unsigned char)
                0x00004c80                CDac::CDac(unsigned char)
 .text.startup._GLOBAL__sub_I__ZN4CDacC2Eh
                0x00004cec        0xc .pio\build\uno_r4_wifi\libFrameworkArduino.a(dac.cpp.o)
 .text.pinMode  0x00004cf8       0x30 .pio\build\uno_r4_wifi\libFrameworkArduino.a(digital.cpp.o)
                0x00004cf8                pinMode
 .text.digitalWrite
                0x00004d28       0x18 .pio\build\uno_r4_wifi\libFrameworkArduino.a(digital.cpp.o)
                0x00004d28                digitalWrite
 .text.digitalRead
                0x00004d40       0x28 .pio\build\uno_r4_wifi\libFrameworkArduino.a(digital.cpp.o)
                0x00004d40                digitalRead
 .text.R_BSP_PinAccessEnable
                0x00004d68       0x2c .pio\build\uno_r4_wifi\libFrameworkArduino.a(main.cpp.o)
 .text.start_freertos_on_header_inclusion
                0x00004d94        0x2 .pio\build\uno_r4_wifi\libFrameworkArduino.a(main.cpp.o)
                0x00004d94                start_freertos_on_header_inclusion
 .text.early_start_freertos_on_header_inclusion
                0x00004d96        0x2 .pio\build\uno_r4_wifi\libFrameworkArduino.a(main.cpp.o)
                0x00004d96                early_start_freertos_on_header_inclusion
 .text._Z12arduino_mainv
                0x00004d98       0x94 .pio\build\uno_r4_wifi\libFrameworkArduino.a(main.cpp.o)
                0x00004d98                arduino_main()
 .text._write   0x00004e2c        0xc .pio\build\uno_r4_wifi\libFrameworkArduino.a(main.cpp.o)
                0x00004e2c                _write
 .text.hal_entry
                0x00004e38        0x6 .pio\build\uno_r4_wifi\libFrameworkArduino.a(main.cpp.o)
                0x00004e38                hal_entry
 .text.atexit   0x00004e3e        0x4 .pio\build\uno_r4_wifi\libFrameworkArduino.a(main.cpp.o)
                0x00004e3e                atexit
 *fill*         0x00004e42        0x2 ff
 .text._Z13pinPeripheral19e_bsp_io_port_pin_tm
                0x00004e44       0x10 .pio\build\uno_r4_wifi\libFrameworkArduino.a(pinDefinitions.cpp.o)
                0x00004e44                pinPeripheral(e_bsp_io_port_pin_t, unsigned long)
 .text._ZL21timer_micros_callbackP22st_timer_callback_args
                0x00004e54       0x10 .pio\build\uno_r4_wifi\libFrameworkArduino.a(time.cpp.o)
 .text.delayMicroseconds
                0x00004e64        0x6 .pio\build\uno_r4_wifi\libFrameworkArduino.a(time.cpp.o)
                0x00004e64                delayMicroseconds
 .text.yield    0x00004e6a        0x2 .pio\build\uno_r4_wifi\libFrameworkArduino.a(time.cpp.o)
                0x00004e6a                yield
 .text.delay    0x00004e6c       0x1c .pio\build\uno_r4_wifi\libFrameworkArduino.a(time.cpp.o)
                0x00004e6c                delay
 .text._Z8startAgtv
                0x00004e88       0x6c .pio\build\uno_r4_wifi\libFrameworkArduino.a(time.cpp.o)
                0x00004e88                startAgt()
 .text.startup._GLOBAL__sub_I_delayMicroseconds
                0x00004ef4        0xc .pio\build\uno_r4_wifi\libFrameworkArduino.a(time.cpp.o)
 .text.exit._GLOBAL__sub_D_delayMicroseconds
                0x00004f00        0xc .pio\build\uno_r4_wifi\libFrameworkArduino.a(time.cpp.o)
 .text._Z10getPinCfgsh11PinCfgReq_t
                0x00004f0c       0xe0 .pio\build\uno_r4_wifi\libFrameworkArduino.a(variant_helper.cpp.o)
                0x00004f0c                getPinCfgs(unsigned char, PinCfgReq_t)
 .text._ZN8FspTimerC2Ev
                0x00004fec       0x18 .pio\build\uno_r4_wifi\libFrameworkArduino.a(FspTimer.cpp.o)
                0x00004fec                FspTimer::FspTimer()
                0x00004fec                FspTimer::FspTimer()
 .text._ZN8FspTimer5beginE12e_timer_modehhmm18e_timer_source_divPFvP22st_timer_callback_argsEPv
                0x00005004      0x16c .pio\build\uno_r4_wifi\libFrameworkArduino.a(FspTimer.cpp.o)
                0x00005004                FspTimer::begin(e_timer_mode, unsigned char, unsigned char, unsigned long, unsigned long, e_timer_source_div, void (*)(st_timer_callback_args*), void*)
 .text._ZN8FspTimer4openEv
                0x00005170       0x4e .pio\build\uno_r4_wifi\libFrameworkArduino.a(FspTimer.cpp.o)
                0x00005170                FspTimer::open()
 .text._ZN8FspTimer5startEv
                0x000051be       0x2e .pio\build\uno_r4_wifi\libFrameworkArduino.a(FspTimer.cpp.o)
                0x000051be                FspTimer::start()
 .text._ZN8FspTimer5closeEv
                0x000051ec       0x2e .pio\build\uno_r4_wifi\libFrameworkArduino.a(FspTimer.cpp.o)
                0x000051ec                FspTimer::close()
 *fill*         0x0000521a        0x2 ff
 .text._ZN8FspTimer3endEv
                0x0000521c       0x48 .pio\build\uno_r4_wifi\libFrameworkArduino.a(FspTimer.cpp.o)
                0x0000521c                FspTimer::end()
 .text._ZN8FspTimerD2Ev
                0x00005264        0xc .pio\build\uno_r4_wifi\libFrameworkArduino.a(FspTimer.cpp.o)
                0x00005264                FspTimer::~FspTimer()
                0x00005264                FspTimer::~FspTimer()
 .text._ZN8FspTimer15get_cfg_for_irqEv
                0x00005270       0x14 .pio\build\uno_r4_wifi\libFrameworkArduino.a(FspTimer.cpp.o)
                0x00005270                FspTimer::get_cfg_for_irq()
 .text._ZN8FspTimer9is_openedEv
                0x00005284       0x18 .pio\build\uno_r4_wifi\libFrameworkArduino.a(FspTimer.cpp.o)
                0x00005284                FspTimer::is_opened()
 .text._ZN8FspTimer18setup_overflow_irqEhPFvvE
                0x0000529c       0x4e .pio\build\uno_r4_wifi\libFrameworkArduino.a(FspTimer.cpp.o)
                0x0000529c                FspTimer::setup_overflow_irq(unsigned char, void (*)())
 *fill*         0x000052ea        0x2 ff
 .text.__NVIC_SetPriority
                0x000052ec       0x28 .pio\build\uno_r4_wifi\libFrameworkArduino.a(IRQManager.cpp.o)
 .text.R_BSP_IrqEnable
                0x00005314       0x34 .pio\build\uno_r4_wifi\libFrameworkArduino.a(IRQManager.cpp.o)
 .text.R_BSP_IrqDisable
                0x00005348       0x24 .pio\build\uno_r4_wifi\libFrameworkArduino.a(IRQManager.cpp.o)
 .text.__tcf_0  0x0000536c        0x2 .pio\build\uno_r4_wifi\libFrameworkArduino.a(IRQManager.cpp.o)
 *fill*         0x0000536e        0x2 ff
 .text._ZN10IRQManager11getInstanceEv
                0x00005370       0x38 .pio\build\uno_r4_wifi\libFrameworkArduino.a(IRQManager.cpp.o)
                0x00005370                IRQManager::getInstance()
 .text._ZN10IRQManager18set_ext_link_eventEii
                0x000053a8       0xc8 .pio\build\uno_r4_wifi\libFrameworkArduino.a(IRQManager.cpp.o)
                0x000053a8                IRQManager::set_ext_link_event(int, int)
 .text._ZN10IRQManager23set_gpt_over_link_eventEii
                0x00005470       0x70 .pio\build\uno_r4_wifi\libFrameworkArduino.a(IRQManager.cpp.o)
                0x00005470                IRQManager::set_gpt_over_link_event(int, int)
 .text._ZN10IRQManager18set_agt_link_eventEii
                0x000054e0       0x28 .pio\build\uno_r4_wifi\libFrameworkArduino.a(IRQManager.cpp.o)
                0x000054e0                IRQManager::set_agt_link_event(int, int)
 .text._ZN10IRQManager16addTimerOverflowER5timerPFvvE
                0x00005508       0x80 .pio\build\uno_r4_wifi\libFrameworkArduino.a(IRQManager.cpp.o)
                0x00005508                IRQManager::addTimerOverflow(timer&, void (*)())
 .text._ZN10IRQManager21set_iic_tx_link_eventEii
                0x00005588       0x20 .pio\build\uno_r4_wifi\libFrameworkArduino.a(IRQManager.cpp.o)
                0x00005588                IRQManager::set_iic_tx_link_event(int, int)
 .text._ZN10IRQManager21set_iic_rx_link_eventEii
                0x000055a8       0x20 .pio\build\uno_r4_wifi\libFrameworkArduino.a(IRQManager.cpp.o)
                0x000055a8                IRQManager::set_iic_rx_link_event(int, int)
 .text._ZN10IRQManager22set_iic_tei_link_eventEii
                0x000055c8       0x20 .pio\build\uno_r4_wifi\libFrameworkArduino.a(IRQManager.cpp.o)
                0x000055c8                IRQManager::set_iic_tei_link_event(int, int)
 .text._ZN10IRQManager22set_iic_eri_link_eventEii
                0x000055e8       0x20 .pio\build\uno_r4_wifi\libFrameworkArduino.a(IRQManager.cpp.o)
                0x000055e8                IRQManager::set_iic_eri_link_event(int, int)
 .text._ZN10IRQManager21set_sci_tx_link_eventEii
                0x00005608       0x38 .pio\build\uno_r4_wifi\libFrameworkArduino.a(IRQManager.cpp.o)
                0x00005608                IRQManager::set_sci_tx_link_event(int, int)
 .text._ZN10IRQManager21set_sci_rx_link_eventEii
                0x00005640       0x38 .pio\build\uno_r4_wifi\libFrameworkArduino.a(IRQManager.cpp.o)
                0x00005640                IRQManager::set_sci_rx_link_event(int, int)
 .text._ZN10IRQManager22set_sci_tei_link_eventEii
                0x00005678       0x38 .pio\build\uno_r4_wifi\libFrameworkArduino.a(IRQManager.cpp.o)
                0x00005678                IRQManager::set_sci_tei_link_event(int, int)
 .text._ZN10IRQManager22set_sci_eri_link_eventEii
                0x000056b0       0x38 .pio\build\uno_r4_wifi\libFrameworkArduino.a(IRQManager.cpp.o)
                0x000056b0                IRQManager::set_sci_eri_link_event(int, int)
 .text._ZN10IRQManager21set_spi_tx_link_eventEii
                0x000056e8       0x20 .pio\build\uno_r4_wifi\libFrameworkArduino.a(IRQManager.cpp.o)
                0x000056e8                IRQManager::set_spi_tx_link_event(int, int)
 .text._ZN10IRQManager21set_spi_rx_link_eventEii
                0x00005708       0x20 .pio\build\uno_r4_wifi\libFrameworkArduino.a(IRQManager.cpp.o)
                0x00005708                IRQManager::set_spi_rx_link_event(int, int)
 .text._ZN10IRQManager22set_spi_tei_link_eventEii
                0x00005728       0x20 .pio\build\uno_r4_wifi\libFrameworkArduino.a(IRQManager.cpp.o)
                0x00005728                IRQManager::set_spi_tei_link_event(int, int)
 .text._ZN10IRQManager22set_spi_eri_link_eventEii
                0x00005748       0x20 .pio\build\uno_r4_wifi\libFrameworkArduino.a(IRQManager.cpp.o)
                0x00005748                IRQManager::set_spi_eri_link_event(int, int)
 .text._ZN10IRQManager13addPeripheralE12Peripheral_tPv
                0x00005768      0x904 .pio\build\uno_r4_wifi\libFrameworkArduino.a(IRQManager.cpp.o)
                0x00005768                IRQManager::addPeripheral(Peripheral_t, void*)
 .text.dump_stack
                0x0000606c       0x7c .pio\build\uno_r4_wifi\libFrameworkArduino.a(cm_backtrace.c.o)
 .text.cm_backtrace_init
                0x000060e8       0x74 .pio\build\uno_r4_wifi\libFrameworkArduino.a(cm_backtrace.c.o)
                0x000060e8                cm_backtrace_init
 .text.cm_backtrace_firmware_info
                0x0000615c       0x2c .pio\build\uno_r4_wifi\libFrameworkArduino.a(cm_backtrace.c.o)
                0x0000615c                cm_backtrace_firmware_info
 .text.cm_backtrace_call_stack
                0x00006188       0xe4 .pio\build\uno_r4_wifi\libFrameworkArduino.a(cm_backtrace.c.o)
                0x00006188                cm_backtrace_call_stack
 .text.print_call_stack
                0x0000626c       0x94 .pio\build\uno_r4_wifi\libFrameworkArduino.a(cm_backtrace.c.o)
 .text.cm_backtrace_fault
                0x00006300      0x470 .pio\build\uno_r4_wifi\libFrameworkArduino.a(cm_backtrace.c.o)
                0x00006300                cm_backtrace_fault
 .text.Stacktrace_Handler
                0x00006770        0xa .pio\build\uno_r4_wifi\libFrameworkArduino.a(cortex_handlers.c.o)
                0x00006770                Stacktrace_Handler
 *fill*         0x0000677a        0x2 ff
 .text.r_spi_call_callback
                0x0000677c       0x40 C:\Users\amtsn\.platformio\packages\framework-arduinorenesas-uno\variants\UNOWIFIR4\libs\libfsp.a(r_spi.o)
 .text.spi_rxi_isr
                0x000067bc       0x9c C:\Users\amtsn\.platformio\packages\framework-arduinorenesas-uno\variants\UNOWIFIR4\libs\libfsp.a(r_spi.o)
                0x000067bc                spi_rxi_isr
 .text.spi_txi_isr
                0x00006858       0xd8 C:\Users\amtsn\.platformio\packages\framework-arduinorenesas-uno\variants\UNOWIFIR4\libs\libfsp.a(r_spi.o)
                0x00006858                spi_txi_isr
 .text.spi_tei_isr
                0x00006930       0xe0 C:\Users\amtsn\.platformio\packages\framework-arduinorenesas-uno\variants\UNOWIFIR4\libs\libfsp.a(r_spi.o)
                0x00006930                spi_tei_isr
 .text.spi_eri_isr
                0x00006a10       0xdc C:\Users\amtsn\.platformio\packages\framework-arduinorenesas-uno\variants\UNOWIFIR4\libs\libfsp.a(r_spi.o)
                0x00006a10                spi_eri_isr
 .text.R_SCI_UART_Write
                0x00006aec       0xb0 C:\Users\amtsn\.platformio\packages\framework-arduinorenesas-uno\variants\UNOWIFIR4\libs\libfsp.a(r_sci_uart.o)
                0x00006aec                R_SCI_UART_Write
 .text.R_SCI_UART_BaudSet
                0x00006b9c       0x44 C:\Users\amtsn\.platformio\packages\framework-arduinorenesas-uno\variants\UNOWIFIR4\libs\libfsp.a(r_sci_uart.o)
                0x00006b9c                R_SCI_UART_BaudSet
 .text.R_SCI_UART_Close
                0x00006be0       0xd8 C:\Users\amtsn\.platformio\packages\framework-arduinorenesas-uno\variants\UNOWIFIR4\libs\libfsp.a(r_sci_uart.o)
                0x00006be0                R_SCI_UART_Close
 .text.r_sci_uart_call_callback
                0x00006cb8       0x44 C:\Users\amtsn\.platformio\packages\framework-arduinorenesas-uno\variants\UNOWIFIR4\libs\libfsp.a(r_sci_uart.o)
 .text.r_sci_uart_transfer_configure.isra.0
                0x00006cfc       0x38 C:\Users\amtsn\.platformio\packages\framework-arduinorenesas-uno\variants\UNOWIFIR4\libs\libfsp.a(r_sci_uart.o)
 .text.R_SCI_UART_Open
                0x00006d34      0x448 C:\Users\amtsn\.platformio\packages\framework-arduinorenesas-uno\variants\UNOWIFIR4\libs\libfsp.a(r_sci_uart.o)
                0x00006d34                R_SCI_UART_Open
 .text.R_SCI_UART_BaudCalculate
                0x0000717c      0x184 C:\Users\amtsn\.platformio\packages\framework-arduinorenesas-uno\variants\UNOWIFIR4\libs\libfsp.a(r_sci_uart.o)
                0x0000717c                R_SCI_UART_BaudCalculate
 .text.sci_uart_txi_isr
                0x00007300       0xec C:\Users\amtsn\.platformio\packages\framework-arduinorenesas-uno\variants\UNOWIFIR4\libs\libfsp.a(r_sci_uart.o)
                0x00007300                sci_uart_txi_isr
 .text.sci_uart_rxi_isr
                0x000073ec      0x184 C:\Users\amtsn\.platformio\packages\framework-arduinorenesas-uno\variants\UNOWIFIR4\libs\libfsp.a(r_sci_uart.o)
                0x000073ec                sci_uart_rxi_isr
 .text.sci_uart_tei_isr
                0x00007570       0x40 C:\Users\amtsn\.platformio\packages\framework-arduinorenesas-uno\variants\UNOWIFIR4\libs\libfsp.a(r_sci_uart.o)
                0x00007570                sci_uart_tei_isr
 .text.sci_uart_eri_isr
                0x000075b0       0x78 C:\Users\amtsn\.platformio\packages\framework-arduinorenesas-uno\variants\UNOWIFIR4\libs\libfsp.a(r_sci_uart.o)
                0x000075b0                sci_uart_eri_isr
 .text.r_sci_spi_call_callback
                0x00007628       0x40 C:\Users\amtsn\.platformio\packages\framework-arduinorenesas-uno\variants\UNOWIFIR4\libs\libfsp.a(r_sci_spi.o)
 .text.sci_spi_txi_isr
                0x00007668       0x68 C:\Users\amtsn\.platformio\packages\framework-arduinorenesas-uno\variants\UNOWIFIR4\libs\libfsp.a(r_sci_spi.o)
                0x00007668                sci_spi_txi_isr
 .text.sci_spi_rxi_isr
                0x000076d0       0x74 C:\Users\amtsn\.platformio\packages\framework-arduinorenesas-uno\variants\UNOWIFIR4\libs\libfsp.a(r_sci_spi.o)
                0x000076d0                sci_spi_rxi_isr
 .text.sci_spi_tei_isr
                0x00007744       0x3c C:\Users\amtsn\.platformio\packages\framework-arduinorenesas-uno\variants\UNOWIFIR4\libs\libfsp.a(r_sci_spi.o)
                0x00007744                sci_spi_tei_isr
 .text.sci_spi_eri_isr
                0x00007780       0x44 C:\Users\amtsn\.platformio\packages\framework-arduinorenesas-uno\variants\UNOWIFIR4\libs\libfsp.a(r_sci_spi.o)
                0x00007780                sci_spi_eri_isr
 .text.sci_i2c_enable_transfer_support_tx
                0x000077c4       0x34 C:\Users\amtsn\.platformio\packages\framework-arduinorenesas-uno\variants\UNOWIFIR4\libs\libfsp.a(r_sci_i2c.o)
 .text.sci_i2c_notify
                0x000077f8       0x64 C:\Users\amtsn\.platformio\packages\framework-arduinorenesas-uno\variants\UNOWIFIR4\libs\libfsp.a(r_sci_i2c.o)
                0x000077f8                sci_i2c_notify
 .text.sci_i2c_rxi_isr
                0x0000785c       0x20 C:\Users\amtsn\.platformio\packages\framework-arduinorenesas-uno\variants\UNOWIFIR4\libs\libfsp.a(r_sci_i2c.o)
                0x0000785c                sci_i2c_rxi_isr
 .text.sci_i2c_txi_isr
                0x0000787c      0x198 C:\Users\amtsn\.platformio\packages\framework-arduinorenesas-uno\variants\UNOWIFIR4\libs\libfsp.a(r_sci_i2c.o)
                0x0000787c                sci_i2c_txi_isr
 .text.sci_i2c_tei_isr
                0x00007a14       0xf0 C:\Users\amtsn\.platformio\packages\framework-arduinorenesas-uno\variants\UNOWIFIR4\libs\libfsp.a(r_sci_i2c.o)
                0x00007a14                sci_i2c_tei_isr
 .text.rtc_alarm_periodic_isr
                0x00007b04       0x68 C:\Users\amtsn\.platformio\packages\framework-arduinorenesas-uno\variants\UNOWIFIR4\libs\libfsp.a(r_rtc.o)
                0x00007b04                rtc_alarm_periodic_isr
 .text.rtc_carry_isr
                0x00007b6c       0x2c C:\Users\amtsn\.platformio\packages\framework-arduinorenesas-uno\variants\UNOWIFIR4\libs\libfsp.a(r_rtc.o)
                0x00007b6c                rtc_carry_isr
 .text.R_IOPORT_PinRead
                0x00007b98       0x1c C:\Users\amtsn\.platformio\packages\framework-arduinorenesas-uno\variants\UNOWIFIR4\libs\libfsp.a(r_ioport.o)
                0x00007b98                R_IOPORT_PinRead
 .text.R_IOPORT_PinWrite
                0x00007bb4       0x20 C:\Users\amtsn\.platformio\packages\framework-arduinorenesas-uno\variants\UNOWIFIR4\libs\libfsp.a(r_ioport.o)
                0x00007bb4                R_IOPORT_PinWrite
 .text.bsp_vbatt_init
                0x00007bd4       0xac C:\Users\amtsn\.platformio\packages\framework-arduinorenesas-uno\variants\UNOWIFIR4\libs\libfsp.a(r_ioport.o)
 .text.R_IOPORT_PinCfg
                0x00007c80       0xa8 C:\Users\amtsn\.platformio\packages\framework-arduinorenesas-uno\variants\UNOWIFIR4\libs\libfsp.a(r_ioport.o)
                0x00007c80                R_IOPORT_PinCfg
 .text.r_iic_slave_call_callback
                0x00007d28       0x3c C:\Users\amtsn\.platformio\packages\framework-arduinorenesas-uno\variants\UNOWIFIR4\libs\libfsp.a(r_iic_slave.o)
 .text.iic_slave_initiate_transaction
                0x00007d64       0x74 C:\Users\amtsn\.platformio\packages\framework-arduinorenesas-uno\variants\UNOWIFIR4\libs\libfsp.a(r_iic_slave.o)
 .text.iic_slave_rxi_isr
                0x00007dd8      0x12c C:\Users\amtsn\.platformio\packages\framework-arduinorenesas-uno\variants\UNOWIFIR4\libs\libfsp.a(r_iic_slave.o)
                0x00007dd8                iic_slave_rxi_isr
 .text.iic_slave_txi_isr
                0x00007f04       0xa8 C:\Users\amtsn\.platformio\packages\framework-arduinorenesas-uno\variants\UNOWIFIR4\libs\libfsp.a(r_iic_slave.o)
                0x00007f04                iic_slave_txi_isr
 .text.iic_slave_tei_isr
                0x00007fac       0x94 C:\Users\amtsn\.platformio\packages\framework-arduinorenesas-uno\variants\UNOWIFIR4\libs\libfsp.a(r_iic_slave.o)
                0x00007fac                iic_slave_tei_isr
 .text.iic_slave_eri_isr
                0x00008040      0x10c C:\Users\amtsn\.platformio\packages\framework-arduinorenesas-uno\variants\UNOWIFIR4\libs\libfsp.a(r_iic_slave.o)
                0x00008040                iic_slave_eri_isr
 .text.iic_master_notify
                0x0000814c       0x3c C:\Users\amtsn\.platformio\packages\framework-arduinorenesas-uno\variants\UNOWIFIR4\libs\libfsp.a(r_iic_master.o)
 .text.iic_master_open_hw_master
                0x00008188      0x184 C:\Users\amtsn\.platformio\packages\framework-arduinorenesas-uno\variants\UNOWIFIR4\libs\libfsp.a(r_iic_master.o)
 .text.iic_master_rxi_isr
                0x0000830c      0x13c C:\Users\amtsn\.platformio\packages\framework-arduinorenesas-uno\variants\UNOWIFIR4\libs\libfsp.a(r_iic_master.o)
                0x0000830c                iic_master_rxi_isr
 .text.iic_master_txi_isr
                0x00008448       0xec C:\Users\amtsn\.platformio\packages\framework-arduinorenesas-uno\variants\UNOWIFIR4\libs\libfsp.a(r_iic_master.o)
                0x00008448                iic_master_txi_isr
 .text.iic_master_tei_isr
                0x00008534       0xc4 C:\Users\amtsn\.platformio\packages\framework-arduinorenesas-uno\variants\UNOWIFIR4\libs\libfsp.a(r_iic_master.o)
                0x00008534                iic_master_tei_isr
 .text.iic_master_eri_isr
                0x000085f8      0x140 C:\Users\amtsn\.platformio\packages\framework-arduinorenesas-uno\variants\UNOWIFIR4\libs\libfsp.a(r_iic_master.o)
                0x000085f8                iic_master_eri_isr
 .text.r_icu_isr
                0x00008738       0x6c C:\Users\amtsn\.platformio\packages\framework-arduinorenesas-uno\variants\UNOWIFIR4\libs\libfsp.a(r_icu.o)
                0x00008738                r_icu_isr
 .text.R_GPT_Start
                0x000087a4        0xc C:\Users\amtsn\.platformio\packages\framework-arduinorenesas-uno\variants\UNOWIFIR4\libs\libfsp.a(r_gpt.o)
                0x000087a4                R_GPT_Start
 .text.R_GPT_Enable
                0x000087b0       0x30 C:\Users\amtsn\.platformio\packages\framework-arduinorenesas-uno\variants\UNOWIFIR4\libs\libfsp.a(r_gpt.o)
                0x000087b0                R_GPT_Enable
 .text.r_gpt_enable_irq
                0x000087e0       0x5c C:\Users\amtsn\.platformio\packages\framework-arduinorenesas-uno\variants\UNOWIFIR4\libs\libfsp.a(r_gpt.o)
 .text.r_gpt_call_callback
                0x0000883c       0x3c C:\Users\amtsn\.platformio\packages\framework-arduinorenesas-uno\variants\UNOWIFIR4\libs\libfsp.a(r_gpt.o)
 .text.gpt_calculate_duty_cycle.isra.0
                0x00008878       0x78 C:\Users\amtsn\.platformio\packages\framework-arduinorenesas-uno\variants\UNOWIFIR4\libs\libfsp.a(r_gpt.o)
 .text.R_GPT_Open
                0x000088f0      0x264 C:\Users\amtsn\.platformio\packages\framework-arduinorenesas-uno\variants\UNOWIFIR4\libs\libfsp.a(r_gpt.o)
                0x000088f0                R_GPT_Open
 .text.R_GPT_Close
                0x00008b54       0xd4 C:\Users\amtsn\.platformio\packages\framework-arduinorenesas-uno\variants\UNOWIFIR4\libs\libfsp.a(r_gpt.o)
                0x00008b54                R_GPT_Close
 .text.gpt_counter_overflow_isr
                0x00008c28       0x78 C:\Users\amtsn\.platformio\packages\framework-arduinorenesas-uno\variants\UNOWIFIR4\libs\libfsp.a(r_gpt.o)
                0x00008c28                gpt_counter_overflow_isr
 .text.R_DAC_Open
                0x00008ca0       0x88 C:\Users\amtsn\.platformio\packages\framework-arduinorenesas-uno\variants\UNOWIFIR4\libs\libfsp.a(r_dac.o)
                0x00008ca0                R_DAC_Open
 .text.R_DAC_Write
                0x00008d28        0xc C:\Users\amtsn\.platformio\packages\framework-arduinorenesas-uno\variants\UNOWIFIR4\libs\libfsp.a(r_dac.o)
                0x00008d28                R_DAC_Write
 .text.R_DAC_Start
                0x00008d34       0x30 C:\Users\amtsn\.platformio\packages\framework-arduinorenesas-uno\variants\UNOWIFIR4\libs\libfsp.a(r_dac.o)
                0x00008d34                R_DAC_Start
 .text.R_DAC_Stop
                0x00008d64       0x34 C:\Users\amtsn\.platformio\packages\framework-arduinorenesas-uno\variants\UNOWIFIR4\libs\libfsp.a(r_dac.o)
                0x00008d64                R_DAC_Stop
 .text.R_DAC_Close
                0x00008d98       0x40 C:\Users\amtsn\.platformio\packages\framework-arduinorenesas-uno\variants\UNOWIFIR4\libs\libfsp.a(r_dac.o)
                0x00008d98                R_DAC_Close
 .text.r_can_call_callback
                0x00008dd8       0x68 C:\Users\amtsn\.platformio\packages\framework-arduinorenesas-uno\variants\UNOWIFIR4\libs\libfsp.a(r_can.o)
 .text.can_error_isr
                0x00008e40       0xd4 C:\Users\amtsn\.platformio\packages\framework-arduinorenesas-uno\variants\UNOWIFIR4\libs\libfsp.a(r_can.o)
                0x00008e40                can_error_isr
 .text.can_rx_isr
                0x00008f14      0x118 C:\Users\amtsn\.platformio\packages\framework-arduinorenesas-uno\variants\UNOWIFIR4\libs\libfsp.a(r_can.o)
                0x00008f14                can_rx_isr
 .text.can_tx_isr
                0x0000902c       0xa0 C:\Users\amtsn\.platformio\packages\framework-arduinorenesas-uno\variants\UNOWIFIR4\libs\libfsp.a(r_can.o)
                0x0000902c                can_tx_isr
 .text.R_AGT_Start
                0x000090cc       0x38 C:\Users\amtsn\.platformio\packages\framework-arduinorenesas-uno\variants\UNOWIFIR4\libs\libfsp.a(r_agt.o)
                0x000090cc                R_AGT_Start
 .text.R_AGT_Enable
                0x00009104       0x14 C:\Users\amtsn\.platformio\packages\framework-arduinorenesas-uno\variants\UNOWIFIR4\libs\libfsp.a(r_agt.o)
                0x00009104                R_AGT_Enable
 .text.R_AGT_Close
                0x00009118       0x84 C:\Users\amtsn\.platformio\packages\framework-arduinorenesas-uno\variants\UNOWIFIR4\libs\libfsp.a(r_agt.o)
                0x00009118                R_AGT_Close
 .text.R_AGT_Open
                0x0000919c      0x118 C:\Users\amtsn\.platformio\packages\framework-arduinorenesas-uno\variants\UNOWIFIR4\libs\libfsp.a(r_agt.o)
                0x0000919c                R_AGT_Open
 .text.agt_int_isr
                0x000092b4       0x88 C:\Users\amtsn\.platformio\packages\framework-arduinorenesas-uno\variants\UNOWIFIR4\libs\libfsp.a(r_agt.o)
                0x000092b4                agt_int_isr
 .text.R_ADC_ScanStart
                0x0000933c        0xc C:\Users\amtsn\.platformio\packages\framework-arduinorenesas-uno\variants\UNOWIFIR4\libs\libfsp.a(r_adc.o)
                0x0000933c                R_ADC_ScanStart
 .text.R_ADC_StatusGet
                0x00009348       0x10 C:\Users\amtsn\.platformio\packages\framework-arduinorenesas-uno\variants\UNOWIFIR4\libs\libfsp.a(r_adc.o)
                0x00009348                R_ADC_StatusGet
 .text.R_ADC_Read
                0x00009358       0x10 C:\Users\amtsn\.platformio\packages\framework-arduinorenesas-uno\variants\UNOWIFIR4\libs\libfsp.a(r_adc.o)
                0x00009358                R_ADC_Read
 .text.R_ADC_ScanCfg
                0x00009368      0x1a0 C:\Users\amtsn\.platformio\packages\framework-arduinorenesas-uno\variants\UNOWIFIR4\libs\libfsp.a(r_adc.o)
                0x00009368                R_ADC_ScanCfg
 .text.R_ADC_Open
                0x00009508      0x240 C:\Users\amtsn\.platformio\packages\framework-arduinorenesas-uno\variants\UNOWIFIR4\libs\libfsp.a(r_adc.o)
                0x00009508                R_ADC_Open
 .text.R_ADC_Close
                0x00009748       0xfc C:\Users\amtsn\.platformio\packages\framework-arduinorenesas-uno\variants\UNOWIFIR4\libs\libfsp.a(r_adc.o)
                0x00009748                R_ADC_Close
 .text.bsp_prv_software_delay_loop
                0x00009844        0xc C:\Users\amtsn\.platformio\packages\framework-arduinorenesas-uno\variants\UNOWIFIR4\libs\libfsp.a(bsp_delay.o)
                0x00009844                bsp_prv_software_delay_loop
 .text.R_BSP_SoftwareDelay
                0x00009850       0x5c C:\Users\amtsn\.platformio\packages\framework-arduinorenesas-uno\variants\UNOWIFIR4\libs\libfsp.a(bsp_delay.o)
                0x00009850                R_BSP_SoftwareDelay
 .text.bsp_irq_cfg
                0x000098ac       0x2c C:\Users\amtsn\.platformio\packages\framework-arduinorenesas-uno\variants\UNOWIFIR4\libs\libfsp.a(bsp_irq.o)
                0x000098ac                bsp_irq_cfg
 .text.R_BSP_RegisterProtectEnable
                0x000098d8       0x60 C:\Users\amtsn\.platformio\packages\framework-arduinorenesas-uno\variants\UNOWIFIR4\libs\libfsp.a(bsp_register_protection.o)
                0x000098d8                R_BSP_RegisterProtectEnable
 .text.R_BSP_RegisterProtectDisable
                0x00009938       0x54 C:\Users\amtsn\.platformio\packages\framework-arduinorenesas-uno\variants\UNOWIFIR4\libs\libfsp.a(bsp_register_protection.o)
                0x00009938                R_BSP_RegisterProtectDisable
 .text.Default_Handler
                0x0000998c        0x4 C:\Users\amtsn\.platformio\packages\framework-arduinorenesas-uno\variants\UNOWIFIR4\libs\libfsp.a(startup.o)
                0x0000998c                DebugMon_Handler
                0x0000998c                HardFault_Handler
                0x0000998c                SysTick_Handler
                0x0000998c                PendSV_Handler
                0x0000998c                UsageFault_Handler
                0x0000998c                SecureFault_Handler
                0x0000998c                Default_Handler
                0x0000998c                MemManage_Handler
                0x0000998c                SVC_Handler
                0x0000998c                BusFault_Handler
 .text.Reset_Handler
                0x00009990        0xc C:\Users\amtsn\.platformio\packages\framework-arduinorenesas-uno\variants\UNOWIFIR4\libs\libfsp.a(startup.o)
                0x00009990                Reset_Handler
 .text.R_BSP_WarmStart
                0x0000999c        0x4 C:\Users\amtsn\.platformio\packages\framework-arduinorenesas-uno\variants\UNOWIFIR4\libs\libfsp.a(system.o)
                0x0000999c                R_BSP_WarmStart
 .text.SystemInit
                0x000099a0      0x15c C:\Users\amtsn\.platformio\packages\framework-arduinorenesas-uno\variants\UNOWIFIR4\libs\libfsp.a(system.o)
                0x000099a0                SystemInit
 .text.SystemCoreClockUpdate
                0x00009afc       0x28 C:\Users\amtsn\.platformio\packages\framework-arduinorenesas-uno\variants\UNOWIFIR4\libs\libfsp.a(bsp_clocks.o)
                0x00009afc                SystemCoreClockUpdate
 .text.bsp_clock_init
                0x00009b24      0x12c C:\Users\amtsn\.platformio\packages\framework-arduinorenesas-uno\variants\UNOWIFIR4\libs\libfsp.a(bsp_clocks.o)
                0x00009b24                bsp_clock_init
 .text.bsp_init_internal
                0x00009c50        0x4 C:\Users\amtsn\.platformio\packages\framework-arduinorenesas-uno\variants\UNOWIFIR4\libs\libfsp.a(bsp_common.o)
                0x00009c50                bsp_init_internal
                0x00009c50                bsp_init
 .text.NMI_Handler
                0x00009c54       0x38 C:\Users\amtsn\.platformio\packages\framework-arduinorenesas-uno\variants\UNOWIFIR4\libs\libfsp.a(bsp_group_irq.o)
                0x00009c54                NMI_Handler
 .text._Znwj    0x00009c8c       0x22 c:/users/amtsn/.platformio/packages/toolchain-gccarmnoneeabi/bin/../lib/gcc/arm-none-eabi/7.2.1/../../../../arm-none-eabi/lib/thumb/v7e-m/fpv4-sp/hard\libstdc++_nano.a(new_op.o)
                0x00009c8c                operator new(unsigned int)
 .text.__cxa_guard_acquire
                0x00009cae       0x18 c:/users/amtsn/.platformio/packages/toolchain-gccarmnoneeabi/bin/../lib/gcc/arm-none-eabi/7.2.1/../../../../arm-none-eabi/lib/thumb/v7e-m/fpv4-sp/hard\libstdc++_nano.a(guard.o)
                0x00009cae                __cxa_guard_acquire
 .text.__cxa_guard_release
                0x00009cc6        0x6 c:/users/amtsn/.platformio/packages/toolchain-gccarmnoneeabi/bin/../lib/gcc/arm-none-eabi/7.2.1/../../../../arm-none-eabi/lib/thumb/v7e-m/fpv4-sp/hard\libstdc++_nano.a(guard.o)
                0x00009cc6                __cxa_guard_release
 .text._ZSt15get_new_handlerv
                0x00009ccc       0x10 c:/users/amtsn/.platformio/packages/toolchain-gccarmnoneeabi/bin/../lib/gcc/arm-none-eabi/7.2.1/../../../../arm-none-eabi/lib/thumb/v7e-m/fpv4-sp/hard\libstdc++_nano.a(new_handler.o)
                0x00009ccc                std::get_new_handler()
 .text._ZdlPvj  0x00009cdc        0x4 c:/users/amtsn/.platformio/packages/toolchain-gccarmnoneeabi/bin/../lib/gcc/arm-none-eabi/7.2.1/../../../../arm-none-eabi/lib/thumb/v7e-m/fpv4-sp/hard\libstdc++_nano.a(del_ops.o)
                0x00009cdc                operator delete(void*, unsigned int)
 .text._ZdlPv   0x00009ce0        0x4 c:/users/amtsn/.platformio/packages/toolchain-gccarmnoneeabi/bin/../lib/gcc/arm-none-eabi/7.2.1/../../../../arm-none-eabi/lib/thumb/v7e-m/fpv4-sp/hard\libstdc++_nano.a(del_op.o)
                0x00009ce0                operator delete(void*)
 .text          0x00009ce4      0x378 c:/users/amtsn/.platformio/packages/toolchain-gccarmnoneeabi/bin/../lib/gcc/arm-none-eabi/7.2.1/thumb/v7e-m/fpv4-sp/hard\libgcc.a(_arm_addsubdf3.o)
                0x00009ce4                __aeabi_drsub
                0x00009cec                __aeabi_dsub
                0x00009cec                __subdf3
                0x00009cf0                __aeabi_dadd
                0x00009cf0                __adddf3
                0x00009f68                __floatunsidf
                0x00009f68                __aeabi_ui2d
                0x00009f88                __floatsidf
                0x00009f88                __aeabi_i2d
                0x00009fac                __aeabi_f2d
                0x00009fac                __extendsfdf2
                0x00009ff0                __floatundidf
                0x00009ff0                __aeabi_ul2d
                0x0000a000                __floatdidf
                0x0000a000                __aeabi_l2d
 .text          0x0000a05c      0x424 c:/users/amtsn/.platformio/packages/toolchain-gccarmnoneeabi/bin/../lib/gcc/arm-none-eabi/7.2.1/thumb/v7e-m/fpv4-sp/hard\libgcc.a(_arm_muldivdf3.o)
                0x0000a05c                __aeabi_dmul
                0x0000a05c                __muldf3
                0x0000a2b0                __divdf3
                0x0000a2b0                __aeabi_ddiv
 .text          0x0000a480      0x110 c:/users/amtsn/.platformio/packages/toolchain-gccarmnoneeabi/bin/../lib/gcc/arm-none-eabi/7.2.1/thumb/v7e-m/fpv4-sp/hard\libgcc.a(_arm_cmpdf2.o)
                0x0000a480                __gtdf2
                0x0000a480                __gedf2
                0x0000a488                __ltdf2
                0x0000a488                __ledf2
                0x0000a490                __nedf2
                0x0000a490                __eqdf2
                0x0000a490                __cmpdf2
                0x0000a50c                __aeabi_cdrcmple
                0x0000a51c                __aeabi_cdcmpeq
                0x0000a51c                __aeabi_cdcmple
                0x0000a52c                __aeabi_dcmpeq
                0x0000a540                __aeabi_dcmplt
                0x0000a554                __aeabi_dcmple
                0x0000a568                __aeabi_dcmpge
                0x0000a57c                __aeabi_dcmpgt
 .text          0x0000a590       0xa0 c:/users/amtsn/.platformio/packages/toolchain-gccarmnoneeabi/bin/../lib/gcc/arm-none-eabi/7.2.1/thumb/v7e-m/fpv4-sp/hard\libgcc.a(_arm_truncdfsf2.o)
                0x0000a590                __truncdfsf2
                0x0000a590                __aeabi_d2f
 .text          0x0000a630       0xa0 c:/users/amtsn/.platformio/packages/toolchain-gccarmnoneeabi/bin/../lib/gcc/arm-none-eabi/7.2.1/thumb/v7e-m/fpv4-sp/hard\libgcc.a(_aeabi_ldivmod.o)
                0x0000a630                __aeabi_ldivmod
 .text          0x0000a6d0      0x2cc c:/users/amtsn/.platformio/packages/toolchain-gccarmnoneeabi/bin/../lib/gcc/arm-none-eabi/7.2.1/thumb/v7e-m/fpv4-sp/hard\libgcc.a(_udivmoddi4.o)
                0x0000a6d0                __udivmoddi4
 .text          0x0000a99c        0x4 c:/users/amtsn/.platformio/packages/toolchain-gccarmnoneeabi/bin/../lib/gcc/arm-none-eabi/7.2.1/thumb/v7e-m/fpv4-sp/hard\libgcc.a(_dvmd_tls.o)
                0x0000a99c                __aeabi_idiv0
                0x0000a99c                __aeabi_ldiv0
 .text.PINCOUNT_fn
                0x0000a9a0        0x4 .pio\build\uno_r4_wifi\libFrameworkArduinoVariant.a(variant.cpp.o)
                0x0000a9a0                PINCOUNT_fn
 .text._Z17__maybe_start_usbv
                0x0000a9a4        0x2 .pio\build\uno_r4_wifi\libFrameworkArduinoVariant.a(variant.cpp.o)
                0x0000a9a4                __maybe_start_usb()
 *fill*         0x0000a9a6        0x2 ff
 .text.initVariant
                0x0000a9a8       0x9c .pio\build\uno_r4_wifi\libFrameworkArduinoVariant.a(variant.cpp.o)
                0x0000a9a8                initVariant
 .text.abort    0x0000aa44        0xe c:/users/amtsn/.platformio/packages/toolchain-gccarmnoneeabi/bin/../lib/gcc/arm-none-eabi/7.2.1/../../../../arm-none-eabi/lib/thumb/v7e-m/fpv4-sp/hard\libc_nano.a(lib_a-abort.o)
                0x0000aa44                abort
 *fill*         0x0000aa52        0x2 ff
 .text.malloc   0x0000aa54       0x10 c:/users/amtsn/.platformio/packages/toolchain-gccarmnoneeabi/bin/../lib/gcc/arm-none-eabi/7.2.1/../../../../arm-none-eabi/lib/thumb/v7e-m/fpv4-sp/hard\libc_nano.a(lib_a-malloc.o)
                0x0000aa54                malloc
 .text.free     0x0000aa64       0x10 c:/users/amtsn/.platformio/packages/toolchain-gccarmnoneeabi/bin/../lib/gcc/arm-none-eabi/7.2.1/../../../../arm-none-eabi/lib/thumb/v7e-m/fpv4-sp/hard\libc_nano.a(lib_a-malloc.o)
                0x0000aa64                free
 .text.memcpy   0x0000aa74       0x16 c:/users/amtsn/.platformio/packages/toolchain-gccarmnoneeabi/bin/../lib/gcc/arm-none-eabi/7.2.1/../../../../arm-none-eabi/lib/thumb/v7e-m/fpv4-sp/hard\libc_nano.a(lib_a-memcpy-stub.o)
                0x0000aa74                memcpy
 .text.memset   0x0000aa8a       0x10 c:/users/amtsn/.platformio/packages/toolchain-gccarmnoneeabi/bin/../lib/gcc/arm-none-eabi/7.2.1/../../../../arm-none-eabi/lib/thumb/v7e-m/fpv4-sp/hard\libc_nano.a(lib_a-memset.o)
                0x0000aa8a                memset
 *fill*         0x0000aa9a        0x2 ff
 .text._free_r  0x0000aa9c       0x9c c:/users/amtsn/.platformio/packages/toolchain-gccarmnoneeabi/bin/../lib/gcc/arm-none-eabi/7.2.1/../../../../arm-none-eabi/lib/thumb/v7e-m/fpv4-sp/hard\libc_nano.a(lib_a-nano-freer.o)
                0x0000aa9c                _free_r
 .text._malloc_r
                0x0000ab38       0xb4 c:/users/amtsn/.platformio/packages/toolchain-gccarmnoneeabi/bin/../lib/gcc/arm-none-eabi/7.2.1/../../../../arm-none-eabi/lib/thumb/v7e-m/fpv4-sp/hard\libc_nano.a(lib_a-nano-mallocr.o)
                0x0000ab38                _malloc_r
 .text.printf   0x0000abec       0x30 c:/users/amtsn/.platformio/packages/toolchain-gccarmnoneeabi/bin/../lib/gcc/arm-none-eabi/7.2.1/../../../../arm-none-eabi/lib/thumb/v7e-m/fpv4-sp/hard\libc_nano.a(lib_a-printf.o)
                0x0000abec                iprintf
                0x0000abec                printf
 .text._sbrk_r  0x0000ac1c       0x20 c:/users/amtsn/.platformio/packages/toolchain-gccarmnoneeabi/bin/../lib/gcc/arm-none-eabi/7.2.1/../../../../arm-none-eabi/lib/thumb/v7e-m/fpv4-sp/hard\libc_nano.a(lib_a-sbrkr.o)
                0x0000ac1c                _sbrk_r
 .text._raise_r
                0x0000ac3c       0x50 c:/users/amtsn/.platformio/packages/toolchain-gccarmnoneeabi/bin/../lib/gcc/arm-none-eabi/7.2.1/../../../../arm-none-eabi/lib/thumb/v7e-m/fpv4-sp/hard\libc_nano.a(lib_a-signal.o)
                0x0000ac3c                _raise_r
 .text.raise    0x0000ac8c       0x10 c:/users/amtsn/.platformio/packages/toolchain-gccarmnoneeabi/bin/../lib/gcc/arm-none-eabi/7.2.1/../../../../arm-none-eabi/lib/thumb/v7e-m/fpv4-sp/hard\libc_nano.a(lib_a-signal.o)
                0x0000ac8c                raise
 .text._kill_r  0x0000ac9c       0x24 c:/users/amtsn/.platformio/packages/toolchain-gccarmnoneeabi/bin/../lib/gcc/arm-none-eabi/7.2.1/../../../../arm-none-eabi/lib/thumb/v7e-m/fpv4-sp/hard\libc_nano.a(lib_a-signalr.o)
                0x0000ac9c                _kill_r
 .text._getpid_r
                0x0000acc0        0x4 c:/users/amtsn/.platformio/packages/toolchain-gccarmnoneeabi/bin/../lib/gcc/arm-none-eabi/7.2.1/../../../../arm-none-eabi/lib/thumb/v7e-m/fpv4-sp/hard\libc_nano.a(lib_a-signalr.o)
                0x0000acc0                _getpid_r
 .text.sprintf  0x0000acc4       0x40 c:/users/amtsn/.platformio/packages/toolchain-gccarmnoneeabi/bin/../lib/gcc/arm-none-eabi/7.2.1/../../../../arm-none-eabi/lib/thumb/v7e-m/fpv4-sp/hard\libc_nano.a(lib_a-sprintf.o)
                0x0000acc4                siprintf
                0x0000acc4                sprintf
 .text          0x0000ad04       0x10 c:/users/amtsn/.platformio/packages/toolchain-gccarmnoneeabi/bin/../lib/gcc/arm-none-eabi/7.2.1/../../../../arm-none-eabi/lib/thumb/v7e-m/fpv4-sp/hard\libc_nano.a(lib_a-strlen.o)
                0x0000ad04                strlen
 .text.std      0x0000ad14       0x48 c:/users/amtsn/.platformio/packages/toolchain-gccarmnoneeabi/bin/../lib/gcc/arm-none-eabi/7.2.1/../../../../arm-none-eabi/lib/thumb/v7e-m/fpv4-sp/hard\libc_nano.a(lib_a-findfp.o)
 .text._cleanup_r
                0x0000ad5c        0xc c:/users/amtsn/.platformio/packages/toolchain-gccarmnoneeabi/bin/../lib/gcc/arm-none-eabi/7.2.1/../../../../arm-none-eabi/lib/thumb/v7e-m/fpv4-sp/hard\libc_nano.a(lib_a-findfp.o)
                0x0000ad5c                _cleanup_r
 .text.__sfmoreglue
                0x0000ad68       0x2c c:/users/amtsn/.platformio/packages/toolchain-gccarmnoneeabi/bin/../lib/gcc/arm-none-eabi/7.2.1/../../../../arm-none-eabi/lib/thumb/v7e-m/fpv4-sp/hard\libc_nano.a(lib_a-findfp.o)
                0x0000ad68                __sfmoreglue
 .text.__sinit  0x0000ad94       0x60 c:/users/amtsn/.platformio/packages/toolchain-gccarmnoneeabi/bin/../lib/gcc/arm-none-eabi/7.2.1/../../../../arm-none-eabi/lib/thumb/v7e-m/fpv4-sp/hard\libc_nano.a(lib_a-findfp.o)
                0x0000ad94                __sinit
 .text.__sfp    0x0000adf4       0x78 c:/users/amtsn/.platformio/packages/toolchain-gccarmnoneeabi/bin/../lib/gcc/arm-none-eabi/7.2.1/../../../../arm-none-eabi/lib/thumb/v7e-m/fpv4-sp/hard\libc_nano.a(lib_a-findfp.o)
                0x0000adf4                __sfp
 .text._fwalk_reent
                0x0000ae6c       0x3c c:/users/amtsn/.platformio/packages/toolchain-gccarmnoneeabi/bin/../lib/gcc/arm-none-eabi/7.2.1/../../../../arm-none-eabi/lib/thumb/v7e-m/fpv4-sp/hard\libc_nano.a(lib_a-fwalk.o)
                0x0000ae6c                _fwalk_reent
 .text.__malloc_lock
                0x0000aea8        0x2 c:/users/amtsn/.platformio/packages/toolchain-gccarmnoneeabi/bin/../lib/gcc/arm-none-eabi/7.2.1/../../../../arm-none-eabi/lib/thumb/v7e-m/fpv4-sp/hard\libc_nano.a(lib_a-mlock.o)
                0x0000aea8                __malloc_lock
 .text.__malloc_unlock
                0x0000aeaa        0x2 c:/users/amtsn/.platformio/packages/toolchain-gccarmnoneeabi/bin/../lib/gcc/arm-none-eabi/7.2.1/../../../../arm-none-eabi/lib/thumb/v7e-m/fpv4-sp/hard\libc_nano.a(lib_a-mlock.o)
                0x0000aeaa                __malloc_unlock
 .text.__ssputs_r
                0x0000aeac       0xb4 c:/users/amtsn/.platformio/packages/toolchain-gccarmnoneeabi/bin/../lib/gcc/arm-none-eabi/7.2.1/../../../../arm-none-eabi/lib/thumb/v7e-m/fpv4-sp/hard\libc_nano.a(lib_a-nano-svfprintf.o)
                0x0000aeac                __ssputs_r
 .text._svfprintf_r
                0x0000af60      0x1ec c:/users/amtsn/.platformio/packages/toolchain-gccarmnoneeabi/bin/../lib/gcc/arm-none-eabi/7.2.1/../../../../arm-none-eabi/lib/thumb/v7e-m/fpv4-sp/hard\libc_nano.a(lib_a-nano-svfprintf.o)
                0x0000af60                _svfiprintf_r
                0x0000af60                _svfprintf_r
 .text.__sfputc_r
                0x0000b14c       0x2e c:/users/amtsn/.platformio/packages/toolchain-gccarmnoneeabi/bin/../lib/gcc/arm-none-eabi/7.2.1/../../../../arm-none-eabi/lib/thumb/v7e-m/fpv4-sp/hard\libc_nano.a(lib_a-nano-vfprintf.o)
 .text.__sfputs_r
                0x0000b17a       0x24 c:/users/amtsn/.platformio/packages/toolchain-gccarmnoneeabi/bin/../lib/gcc/arm-none-eabi/7.2.1/../../../../arm-none-eabi/lib/thumb/v7e-m/fpv4-sp/hard\libc_nano.a(lib_a-nano-vfprintf.o)
                0x0000b17a                __sfputs_r
 *fill*         0x0000b19e        0x2 ff
 .text._vfprintf_r
                0x0000b1a0      0x228 c:/users/amtsn/.platformio/packages/toolchain-gccarmnoneeabi/bin/../lib/gcc/arm-none-eabi/7.2.1/../../../../arm-none-eabi/lib/thumb/v7e-m/fpv4-sp/hard\libc_nano.a(lib_a-nano-vfprintf.o)
                0x0000b1a0                _vfprintf_r
                0x0000b1a0                _vfiprintf_r
 .text._printf_common
                0x0000b3c8       0xea c:/users/amtsn/.platformio/packages/toolchain-gccarmnoneeabi/bin/../lib/gcc/arm-none-eabi/7.2.1/../../../../arm-none-eabi/lib/thumb/v7e-m/fpv4-sp/hard\libc_nano.a(lib_a-nano-vfprintf_i.o)
                0x0000b3c8                _printf_common
 *fill*         0x0000b4b2        0x2 ff
 .text._printf_i
                0x0000b4b4      0x224 c:/users/amtsn/.platformio/packages/toolchain-gccarmnoneeabi/bin/../lib/gcc/arm-none-eabi/7.2.1/../../../../arm-none-eabi/lib/thumb/v7e-m/fpv4-sp/hard\libc_nano.a(lib_a-nano-vfprintf_i.o)
                0x0000b4b4                _printf_i
 .text.__sread  0x0000b6d8       0x22 c:/users/amtsn/.platformio/packages/toolchain-gccarmnoneeabi/bin/../lib/gcc/arm-none-eabi/7.2.1/../../../../arm-none-eabi/lib/thumb/v7e-m/fpv4-sp/hard\libc_nano.a(lib_a-stdio.o)
                0x0000b6d8                __sread
 .text.__swrite
                0x0000b6fa       0x38 c:/users/amtsn/.platformio/packages/toolchain-gccarmnoneeabi/bin/../lib/gcc/arm-none-eabi/7.2.1/../../../../arm-none-eabi/lib/thumb/v7e-m/fpv4-sp/hard\libc_nano.a(lib_a-stdio.o)
                0x0000b6fa                __swrite
 .text.__sseek  0x0000b732       0x24 c:/users/amtsn/.platformio/packages/toolchain-gccarmnoneeabi/bin/../lib/gcc/arm-none-eabi/7.2.1/../../../../arm-none-eabi/lib/thumb/v7e-m/fpv4-sp/hard\libc_nano.a(lib_a-stdio.o)
                0x0000b732                __sseek
 .text.__sclose
                0x0000b756        0x8 c:/users/amtsn/.platformio/packages/toolchain-gccarmnoneeabi/bin/../lib/gcc/arm-none-eabi/7.2.1/../../../../arm-none-eabi/lib/thumb/v7e-m/fpv4-sp/hard\libc_nano.a(lib_a-stdio.o)
                0x0000b756                __sclose
 *fill*         0x0000b75e        0x2 ff
 .text.__swbuf_r
                0x0000b760       0xa4 c:/users/amtsn/.platformio/packages/toolchain-gccarmnoneeabi/bin/../lib/gcc/arm-none-eabi/7.2.1/../../../../arm-none-eabi/lib/thumb/v7e-m/fpv4-sp/hard\libc_nano.a(lib_a-wbuf.o)
                0x0000b760                __swbuf_r
 .text._write_r
                0x0000b804       0x24 c:/users/amtsn/.platformio/packages/toolchain-gccarmnoneeabi/bin/../lib/gcc/arm-none-eabi/7.2.1/../../../../arm-none-eabi/lib/thumb/v7e-m/fpv4-sp/hard\libc_nano.a(lib_a-writer.o)
                0x0000b804                _write_r
 .text.__swsetup_r
                0x0000b828       0xdc c:/users/amtsn/.platformio/packages/toolchain-gccarmnoneeabi/bin/../lib/gcc/arm-none-eabi/7.2.1/../../../../arm-none-eabi/lib/thumb/v7e-m/fpv4-sp/hard\libc_nano.a(lib_a-wsetup.o)
                0x0000b828                __swsetup_r
 .text._close_r
                0x0000b904       0x20 c:/users/amtsn/.platformio/packages/toolchain-gccarmnoneeabi/bin/../lib/gcc/arm-none-eabi/7.2.1/../../../../arm-none-eabi/lib/thumb/v7e-m/fpv4-sp/hard\libc_nano.a(lib_a-closer.o)
                0x0000b904                _close_r
 .text.__sflush_r
                0x0000b924      0x10c c:/users/amtsn/.platformio/packages/toolchain-gccarmnoneeabi/bin/../lib/gcc/arm-none-eabi/7.2.1/../../../../arm-none-eabi/lib/thumb/v7e-m/fpv4-sp/hard\libc_nano.a(lib_a-fflush.o)
                0x0000b924                __sflush_r
 .text._fflush_r
                0x0000ba30       0x54 c:/users/amtsn/.platformio/packages/toolchain-gccarmnoneeabi/bin/../lib/gcc/arm-none-eabi/7.2.1/../../../../arm-none-eabi/lib/thumb/v7e-m/fpv4-sp/hard\libc_nano.a(lib_a-fflush.o)
                0x0000ba30                _fflush_r
 .text._lseek_r
                0x0000ba84       0x24 c:/users/amtsn/.platformio/packages/toolchain-gccarmnoneeabi/bin/../lib/gcc/arm-none-eabi/7.2.1/../../../../arm-none-eabi/lib/thumb/v7e-m/fpv4-sp/hard\libc_nano.a(lib_a-lseekr.o)
                0x0000ba84                _lseek_r
 .text.__swhatbuf_r
                0x0000baa8       0x48 c:/users/amtsn/.platformio/packages/toolchain-gccarmnoneeabi/bin/../lib/gcc/arm-none-eabi/7.2.1/../../../../arm-none-eabi/lib/thumb/v7e-m/fpv4-sp/hard\libc_nano.a(lib_a-makebuf.o)
                0x0000baa8                __swhatbuf_r
 .text.__smakebuf_r
                0x0000baf0       0x80 c:/users/amtsn/.platformio/packages/toolchain-gccarmnoneeabi/bin/../lib/gcc/arm-none-eabi/7.2.1/../../../../arm-none-eabi/lib/thumb/v7e-m/fpv4-sp/hard\libc_nano.a(lib_a-makebuf.o)
                0x0000baf0                __smakebuf_r
 .text          0x0000bb70       0xa0 c:/users/amtsn/.platformio/packages/toolchain-gccarmnoneeabi/bin/../lib/gcc/arm-none-eabi/7.2.1/../../../../arm-none-eabi/lib/thumb/v7e-m/fpv4-sp/hard\libc_nano.a(lib_a-memchr.o)
                0x0000bb70                memchr
 .text.memmove  0x0000bc10       0x32 c:/users/amtsn/.platformio/packages/toolchain-gccarmnoneeabi/bin/../lib/gcc/arm-none-eabi/7.2.1/../../../../arm-none-eabi/lib/thumb/v7e-m/fpv4-sp/hard\libc_nano.a(lib_a-memmove.o)
                0x0000bc10                memmove
 .text._realloc_r
                0x0000bc42       0x4c c:/users/amtsn/.platformio/packages/toolchain-gccarmnoneeabi/bin/../lib/gcc/arm-none-eabi/7.2.1/../../../../arm-none-eabi/lib/thumb/v7e-m/fpv4-sp/hard\libc_nano.a(lib_a-nano-reallocr.o)
                0x0000bc42                _realloc_r
 *fill*         0x0000bc8e        0x2 ff
 .text._read_r  0x0000bc90       0x24 c:/users/amtsn/.platformio/packages/toolchain-gccarmnoneeabi/bin/../lib/gcc/arm-none-eabi/7.2.1/../../../../arm-none-eabi/lib/thumb/v7e-m/fpv4-sp/hard\libc_nano.a(lib_a-readr.o)
                0x0000bc90                _read_r
 .text._fstat_r
                0x0000bcb4       0x24 c:/users/amtsn/.platformio/packages/toolchain-gccarmnoneeabi/bin/../lib/gcc/arm-none-eabi/7.2.1/../../../../arm-none-eabi/lib/thumb/v7e-m/fpv4-sp/hard\libc_nano.a(lib_a-fstatr.o)
                0x0000bcb4                _fstat_r
 .text._isatty_r
                0x0000bcd8       0x20 c:/users/amtsn/.platformio/packages/toolchain-gccarmnoneeabi/bin/../lib/gcc/arm-none-eabi/7.2.1/../../../../arm-none-eabi/lib/thumb/v7e-m/fpv4-sp/hard\libc_nano.a(lib_a-isattyr.o)
                0x0000bcd8                _isatty_r
 .text._malloc_usable_size_r
                0x0000bcf8       0x10 c:/users/amtsn/.platformio/packages/toolchain-gccarmnoneeabi/bin/../lib/gcc/arm-none-eabi/7.2.1/../../../../arm-none-eabi/lib/thumb/v7e-m/fpv4-sp/hard\libc_nano.a(lib_a-nano-msizer.o)
                0x0000bcf8                _malloc_usable_size_r
 .text._close   0x0000bd08       0x10 c:/users/amtsn/.platformio/packages/toolchain-gccarmnoneeabi/bin/../lib/gcc/arm-none-eabi/7.2.1/../../../../arm-none-eabi/lib/thumb/v7e-m/fpv4-sp/hard\libnosys.a(close.o)
                0x0000bd08                _close
 .text._fstat   0x0000bd18       0x10 c:/users/amtsn/.platformio/packages/toolchain-gccarmnoneeabi/bin/../lib/gcc/arm-none-eabi/7.2.1/../../../../arm-none-eabi/lib/thumb/v7e-m/fpv4-sp/hard\libnosys.a(fstat.o)
                0x0000bd18                _fstat
 .text._getpid  0x0000bd28       0x10 c:/users/amtsn/.platformio/packages/toolchain-gccarmnoneeabi/bin/../lib/gcc/arm-none-eabi/7.2.1/../../../../arm-none-eabi/lib/thumb/v7e-m/fpv4-sp/hard\libnosys.a(getpid.o)
                0x0000bd28                _getpid
 .text._isatty  0x0000bd38       0x10 c:/users/amtsn/.platformio/packages/toolchain-gccarmnoneeabi/bin/../lib/gcc/arm-none-eabi/7.2.1/../../../../arm-none-eabi/lib/thumb/v7e-m/fpv4-sp/hard\libnosys.a(isatty.o)
                0x0000bd38                _isatty
 .text._kill    0x0000bd48       0x10 c:/users/amtsn/.platformio/packages/toolchain-gccarmnoneeabi/bin/../lib/gcc/arm-none-eabi/7.2.1/../../../../arm-none-eabi/lib/thumb/v7e-m/fpv4-sp/hard\libnosys.a(kill.o)
                0x0000bd48                _kill
 .text._lseek   0x0000bd58       0x10 c:/users/amtsn/.platformio/packages/toolchain-gccarmnoneeabi/bin/../lib/gcc/arm-none-eabi/7.2.1/../../../../arm-none-eabi/lib/thumb/v7e-m/fpv4-sp/hard\libnosys.a(lseek.o)
                0x0000bd58                _lseek
 .text._read    0x0000bd68       0x10 c:/users/amtsn/.platformio/packages/toolchain-gccarmnoneeabi/bin/../lib/gcc/arm-none-eabi/7.2.1/../../../../arm-none-eabi/lib/thumb/v7e-m/fpv4-sp/hard\libnosys.a(read.o)
                0x0000bd68                _read
 .text._sbrk    0x0000bd78       0x1c c:/users/amtsn/.platformio/packages/toolchain-gccarmnoneeabi/bin/../lib/gcc/arm-none-eabi/7.2.1/../../../../arm-none-eabi/lib/thumb/v7e-m/fpv4-sp/hard\libnosys.a(sbrk.o)
                0x0000bd78                _sbrk
 .text._exit    0x0000bd94        0x4 c:/users/amtsn/.platformio/packages/toolchain-gccarmnoneeabi/bin/../lib/gcc/arm-none-eabi/7.2.1/../../../../arm-none-eabi/lib/thumb/v7e-m/fpv4-sp/hard\libnosys.a(_exit.o)
                0x0000bd94                _exit
 *(.version)
 .version       0x0000bd98       0x50 C:\Users\amtsn\.platformio\packages\framework-arduinorenesas-uno\variants\UNOWIFIR4\libs\libfsp.a(bsp_common.o)
 *(.init)
 .init          0x0000bde8        0x4 c:/users/amtsn/.platformio/packages/toolchain-gccarmnoneeabi/bin/../lib/gcc/arm-none-eabi/7.2.1/thumb/v7e-m/fpv4-sp/hard/crti.o
                0x0000bde8                _init
 .init          0x0000bdec        0x8 c:/users/amtsn/.platformio/packages/toolchain-gccarmnoneeabi/bin/../lib/gcc/arm-none-eabi/7.2.1/thumb/v7e-m/fpv4-sp/hard/crtn.o
 *(.fini)
 .fini          0x0000bdf4        0x4 c:/users/amtsn/.platformio/packages/toolchain-gccarmnoneeabi/bin/../lib/gcc/arm-none-eabi/7.2.1/thumb/v7e-m/fpv4-sp/hard/crti.o
                0x0000bdf4                _fini
 .fini          0x0000bdf8        0x8 c:/users/amtsn/.platformio/packages/toolchain-gccarmnoneeabi/bin/../lib/gcc/arm-none-eabi/7.2.1/thumb/v7e-m/fpv4-sp/hard/crtn.o
 *crtbegin.o(.ctors)
 *crtbegin?.o(.ctors)
 *(EXCLUDE_FILE(*crtend.o *crtend?.o) .ctors)
 *(SORT_BY_NAME(.ctors.*))
 *(.ctors)
 *crtbegin.o(.dtors)
 *crtbegin?.o(.dtors)
 *(EXCLUDE_FILE(*crtend.o *crtend?.o) .dtors)
 *(SORT_BY_NAME(.dtors.*))
 *(.dtors)
 *(.rodata*)
 .rodata._ZN10SmartLight10SmartLight11LightSensorEv.str1.1
                0x0000be00       0x2d .pio\build\uno_r4_wifi\src\SmartLight.cpp.o
 .rodata._ZN10SmartLight10SmartLight12MotionSensorEv.str1.1
                0x0000be2d       0x24 .pio\build\uno_r4_wifi\src\SmartLight.cpp.o
 .rodata._ZN10SmartLight10SmartLight5setupEv.str1.1
                0x0000be51       0x96 .pio\build\uno_r4_wifi\src\SmartLight.cpp.o
 .rodata.loop.str1.1
                0x0000bee7        0xf .pio\build\uno_r4_wifi\src\SmartLight.cpp.o
 *fill*         0x0000bef6        0x2 ff
 .rodata._ZTV4UART
                0x0000bef8       0x34 .pio\build\uno_r4_wifi\libFrameworkArduino.a(Serial.cpp.o)
                0x0000bef8                vtable for UART
 .rodata.CSWTCH.44
                0x0000bf2c        0x6 .pio\build\uno_r4_wifi\libFrameworkArduino.a(analog.cpp.o)
 .rodata.CSWTCH.72
                0x0000bf32        0x5 .pio\build\uno_r4_wifi\libFrameworkArduino.a(analog.cpp.o)
 .rodata._ZN7arduino5Print7printlnEv.str1.1
                0x0000bf37        0x3 .pio\build\uno_r4_wifi\libFrameworkArduino.a(Print.cpp.o)
 .rodata        0x0000bf3a        0xd .pio\build\uno_r4_wifi\libFrameworkArduino.a(main.cpp.o)
 .rodata._Z12arduino_mainv.str1.1
                0x0000bf47       0x10 .pio\build\uno_r4_wifi\libFrameworkArduino.a(main.cpp.o)
 .rodata.g_interrupt_event_link_select
                0x0000bf57       0x20 .pio\build\uno_r4_wifi\libFrameworkArduino.a(vector_table.c.o)
                0x0000bf57                g_interrupt_event_link_select
 .rodata.__FUNCTION__.6535
                0x0000bf77       0x13 .pio\build\uno_r4_wifi\libFrameworkArduino.a(cm_backtrace.c.o)
 .rodata.cm_backtrace_assert.str1.1
                0x0000bf8a       0x26 .pio\build\uno_r4_wifi\libFrameworkArduino.a(cm_backtrace.c.o)
                                 0x28 (size before relaxing)
 .rodata.cm_backtrace_fault.str1.1
                0x0000bfb0      0x6ae .pio\build\uno_r4_wifi\libFrameworkArduino.a(cm_backtrace.c.o)
 .rodata.cm_backtrace_firmware_info.str1.1
                0x0000c65e       0x23 .pio\build\uno_r4_wifi\libFrameworkArduino.a(cm_backtrace.c.o)
 .rodata.cm_backtrace_init.str1.1
                0x0000c681       0x62 .pio\build\uno_r4_wifi\libFrameworkArduino.a(cm_backtrace.c.o)
 .rodata.dump_stack.str1.1
                0x0000c6e3       0x65 .pio\build\uno_r4_wifi\libFrameworkArduino.a(cm_backtrace.c.o)
                                 0x8d (size before relaxing)
 .rodata.print_call_stack.str1.1
                0x0000c748       0x65 .pio\build\uno_r4_wifi\libFrameworkArduino.a(cm_backtrace.c.o)
 .rodata.str1.1
                0x0000c7ad       0x20 .pio\build\uno_r4_wifi\libFrameworkArduino.a(cm_backtrace.c.o)
 *fill*         0x0000c7cd        0x3 ff
 .rodata.g_async_baud
                0x0000c7d0        0xd C:\Users\amtsn\.platformio\packages\framework-arduinorenesas-uno\variants\UNOWIFIR4\libs\libfsp.a(r_sci_uart.o)
 *fill*         0x0000c7dd        0x3 ff
 .rodata.g_div_coefficient
                0x0000c7e0       0x1a C:\Users\amtsn\.platformio\packages\framework-arduinorenesas-uno\variants\UNOWIFIR4\libs\libfsp.a(r_sci_uart.o)
 *fill*         0x0000c7fa        0x2 ff
 .rodata.adc_elc_trigger_lut
                0x0000c7fc        0xc C:\Users\amtsn\.platformio\packages\framework-arduinorenesas-uno\variants\UNOWIFIR4\libs\libfsp.a(r_adc.o)
 .rodata.g_prcr_masks
                0x0000c808        0x8 C:\Users\amtsn\.platformio\packages\framework-arduinorenesas-uno\variants\UNOWIFIR4\libs\libfsp.a(bsp_register_protection.o)
 .rodata._ZL4P000
                0x0000c810        0x4 .pio\build\uno_r4_wifi\libFrameworkArduinoVariant.a(variant.cpp.o)
 .rodata._ZL4P001
                0x0000c814        0x4 .pio\build\uno_r4_wifi\libFrameworkArduinoVariant.a(variant.cpp.o)
 .rodata._ZL4P002
                0x0000c818        0x4 .pio\build\uno_r4_wifi\libFrameworkArduinoVariant.a(variant.cpp.o)
 .rodata._ZL4P003
                0x0000c81c        0x2 .pio\build\uno_r4_wifi\libFrameworkArduinoVariant.a(variant.cpp.o)
 .rodata._ZL4P004
                0x0000c81e        0x4 .pio\build\uno_r4_wifi\libFrameworkArduinoVariant.a(variant.cpp.o)
 .rodata._ZL4P011
                0x0000c822        0x4 .pio\build\uno_r4_wifi\libFrameworkArduinoVariant.a(variant.cpp.o)
 .rodata._ZL4P012
                0x0000c826        0x2 .pio\build\uno_r4_wifi\libFrameworkArduinoVariant.a(variant.cpp.o)
 .rodata._ZL4P013
                0x0000c828        0x2 .pio\build\uno_r4_wifi\libFrameworkArduinoVariant.a(variant.cpp.o)
 .rodata._ZL4P015
                0x0000c82a        0x4 .pio\build\uno_r4_wifi\libFrameworkArduinoVariant.a(variant.cpp.o)
 .rodata._ZL4P100
                0x0000c82e        0xe .pio\build\uno_r4_wifi\libFrameworkArduinoVariant.a(variant.cpp.o)
 .rodata._ZL4P101
                0x0000c83c        0xe .pio\build\uno_r4_wifi\libFrameworkArduinoVariant.a(variant.cpp.o)
 .rodata._ZL4P102
                0x0000c84a        0xc .pio\build\uno_r4_wifi\libFrameworkArduinoVariant.a(variant.cpp.o)
 .rodata._ZL4P103
                0x0000c856        0x8 .pio\build\uno_r4_wifi\libFrameworkArduinoVariant.a(variant.cpp.o)
 .rodata._ZL4P104
                0x0000c85e        0x6 .pio\build\uno_r4_wifi\libFrameworkArduinoVariant.a(variant.cpp.o)
 .rodata._ZL4P105
                0x0000c864        0x4 .pio\build\uno_r4_wifi\libFrameworkArduinoVariant.a(variant.cpp.o)
 .rodata._ZL4P106
                0x0000c868        0x2 .pio\build\uno_r4_wifi\libFrameworkArduinoVariant.a(variant.cpp.o)
 .rodata._ZL4P107
                0x0000c86a        0x2 .pio\build\uno_r4_wifi\libFrameworkArduinoVariant.a(variant.cpp.o)
 .rodata._ZL4P109
                0x0000c86c        0xa .pio\build\uno_r4_wifi\libFrameworkArduinoVariant.a(variant.cpp.o)
 .rodata._ZL4P110
                0x0000c876        0xc .pio\build\uno_r4_wifi\libFrameworkArduinoVariant.a(variant.cpp.o)
 .rodata._ZL4P111
                0x0000c882        0xa .pio\build\uno_r4_wifi\libFrameworkArduinoVariant.a(variant.cpp.o)
 .rodata._ZL4P112
                0x0000c88c        0x6 .pio\build\uno_r4_wifi\libFrameworkArduinoVariant.a(variant.cpp.o)
 .rodata._ZL4P204
                0x0000c892        0xa .pio\build\uno_r4_wifi\libFrameworkArduinoVariant.a(variant.cpp.o)
 .rodata._ZL4P205
                0x0000c89c        0xa .pio\build\uno_r4_wifi\libFrameworkArduinoVariant.a(variant.cpp.o)
 .rodata._ZL4P206
                0x0000c8a6        0x6 .pio\build\uno_r4_wifi\libFrameworkArduinoVariant.a(variant.cpp.o)
 .rodata._ZL4P212
                0x0000c8ac        0x6 .pio\build\uno_r4_wifi\libFrameworkArduinoVariant.a(variant.cpp.o)
 .rodata._ZL4P213
                0x0000c8b2        0x6 .pio\build\uno_r4_wifi\libFrameworkArduinoVariant.a(variant.cpp.o)
 .rodata._ZL4P301
                0x0000c8b8        0x8 .pio\build\uno_r4_wifi\libFrameworkArduinoVariant.a(variant.cpp.o)
 .rodata._ZL4P302
                0x0000c8c0        0x6 .pio\build\uno_r4_wifi\libFrameworkArduinoVariant.a(variant.cpp.o)
 .rodata._ZL4P303
                0x0000c8c6        0x2 .pio\build\uno_r4_wifi\libFrameworkArduinoVariant.a(variant.cpp.o)
 .rodata._ZL4P304
                0x0000c8c8        0x4 .pio\build\uno_r4_wifi\libFrameworkArduinoVariant.a(variant.cpp.o)
 .rodata._ZL4P401
                0x0000c8cc        0xa .pio\build\uno_r4_wifi\libFrameworkArduinoVariant.a(variant.cpp.o)
 .rodata._ZL4P410
                0x0000c8d6        0x8 .pio\build\uno_r4_wifi\libFrameworkArduinoVariant.a(variant.cpp.o)
 .rodata._ZL4P411
                0x0000c8de        0x8 .pio\build\uno_r4_wifi\libFrameworkArduinoVariant.a(variant.cpp.o)
 .rodata._ZL4P500
                0x0000c8e6        0x4 .pio\build\uno_r4_wifi\libFrameworkArduinoVariant.a(variant.cpp.o)
 .rodata._ZL4P501
                0x0000c8ea        0x8 .pio\build\uno_r4_wifi\libFrameworkArduinoVariant.a(variant.cpp.o)
 .rodata._ZL4P502
                0x0000c8f2        0x8 .pio\build\uno_r4_wifi\libFrameworkArduinoVariant.a(variant.cpp.o)
 .rodata._ZL6P014_b
                0x0000c8fa        0x4 .pio\build\uno_r4_wifi\libFrameworkArduinoVariant.a(variant.cpp.o)
 .rodata._ZL6P400_b
                0x0000c8fe        0x8 .pio\build\uno_r4_wifi\libFrameworkArduinoVariant.a(variant.cpp.o)
 .rodata._ZL6P408_b
                0x0000c906        0x8 .pio\build\uno_r4_wifi\libFrameworkArduinoVariant.a(variant.cpp.o)
 *fill*         0x0000c90e        0x2 ff
 .rodata.g_pin_cfg
                0x0000c910      0x138 .pio\build\uno_r4_wifi\libFrameworkArduinoVariant.a(variant.cpp.o)
                0x0000c910                g_pin_cfg
 .rodata._global_impure_ptr
                0x0000ca48        0x4 c:/users/amtsn/.platformio/packages/toolchain-gccarmnoneeabi/bin/../lib/gcc/arm-none-eabi/7.2.1/../../../../arm-none-eabi/lib/thumb/v7e-m/fpv4-sp/hard\libc_nano.a(lib_a-impure.o)
                0x0000ca48                _global_impure_ptr
 .rodata.__sf_fake_stderr
                0x0000ca4c       0x20 c:/users/amtsn/.platformio/packages/toolchain-gccarmnoneeabi/bin/../lib/gcc/arm-none-eabi/7.2.1/../../../../arm-none-eabi/lib/thumb/v7e-m/fpv4-sp/hard\libc_nano.a(lib_a-findfp.o)
                0x0000ca4c                __sf_fake_stderr
 .rodata.__sf_fake_stdin
                0x0000ca6c       0x20 c:/users/amtsn/.platformio/packages/toolchain-gccarmnoneeabi/bin/../lib/gcc/arm-none-eabi/7.2.1/../../../../arm-none-eabi/lib/thumb/v7e-m/fpv4-sp/hard\libc_nano.a(lib_a-findfp.o)
                0x0000ca6c                __sf_fake_stdin
 .rodata.__sf_fake_stdout
                0x0000ca8c       0x20 c:/users/amtsn/.platformio/packages/toolchain-gccarmnoneeabi/bin/../lib/gcc/arm-none-eabi/7.2.1/../../../../arm-none-eabi/lib/thumb/v7e-m/fpv4-sp/hard\libc_nano.a(lib_a-findfp.o)
                0x0000ca8c                __sf_fake_stdout
 .rodata._svfprintf_r.str1.1
                0x0000caac       0x11 c:/users/amtsn/.platformio/packages/toolchain-gccarmnoneeabi/bin/../lib/gcc/arm-none-eabi/7.2.1/../../../../arm-none-eabi/lib/thumb/v7e-m/fpv4-sp/hard\libc_nano.a(lib_a-nano-svfprintf.o)
 .rodata._vfprintf_r.str1.1
                0x0000cabd       0x11 c:/users/amtsn/.platformio/packages/toolchain-gccarmnoneeabi/bin/../lib/gcc/arm-none-eabi/7.2.1/../../../../arm-none-eabi/lib/thumb/v7e-m/fpv4-sp/hard\libc_nano.a(lib_a-nano-vfprintf.o)
 .rodata._printf_i.str1.1
                0x0000cabd       0x22 c:/users/amtsn/.platformio/packages/toolchain-gccarmnoneeabi/bin/../lib/gcc/arm-none-eabi/7.2.1/../../../../arm-none-eabi/lib/thumb/v7e-m/fpv4-sp/hard\libc_nano.a(lib_a-nano-vfprintf_i.o)
 *(.eh_frame*)
 *fill*         0x0000cadf        0x1 ff
 .eh_frame      0x0000cae0        0x0 c:/users/amtsn/.platformio/packages/toolchain-gccarmnoneeabi/bin/../lib/gcc/arm-none-eabi/7.2.1/thumb/v7e-m/fpv4-sp/hard/crtbegin.o
 .eh_frame      0x0000cae0        0x4 c:/users/amtsn/.platformio/packages/toolchain-gccarmnoneeabi/bin/../lib/gcc/arm-none-eabi/7.2.1/thumb/v7e-m/fpv4-sp/hard/crtend.o
                0x0000cae4                __ROM_End = .
                0x000000c0                __Vectors_Size = (__Vectors_End - __Vectors)

.glue_7         0x0000cae4        0x0
 .glue_7        0x0000cae4        0x0 linker stubs

.glue_7t        0x0000cae4        0x0
 .glue_7t       0x0000cae4        0x0 linker stubs

.vfp11_veneer   0x0000cae4        0x0
 .vfp11_veneer  0x0000cae4        0x0 linker stubs

.v4_bx          0x0000cae4        0x0
 .v4_bx         0x0000cae4        0x0 linker stubs

.iplt           0x0000cae4        0x0
 .iplt          0x0000cae4        0x0 c:/users/amtsn/.platformio/packages/toolchain-gccarmnoneeabi/bin/../lib/gcc/arm-none-eabi/7.2.1/thumb/v7e-m/fpv4-sp/hard/crtbegin.o

.ARM.extab
 *(.ARM.extab* .gnu.linkonce.armextab.*)
                0x0000cae4                __exidx_start = .

.ARM.exidx      0x0000cae4        0x8
 *(.ARM.exidx* .gnu.linkonce.armexidx.*)
 .ARM.exidx     0x0000cae4        0x8 c:/users/amtsn/.platformio/packages/toolchain-gccarmnoneeabi/bin/../lib/gcc/arm-none-eabi/7.2.1/thumb/v7e-m/fpv4-sp/hard\libgcc.a(_udivmoddi4.o)
                0x0000caec                __exidx_end = .
                0x0000caec                __etext = .
                0x20000000                __tz_RAM_S = ORIGIN (RAM)

.rel.dyn        0x0000caec        0x0
 .rel.iplt      0x0000caec        0x0 c:/users/amtsn/.platformio/packages/toolchain-gccarmnoneeabi/bin/../lib/gcc/arm-none-eabi/7.2.1/thumb/v7e-m/fpv4-sp/hard/crtbegin.o

.fsp_dtc_vector_table
                0x20000000        0x0
                0x20000000                . = ORIGIN (RAM)
 *(.fsp_dtc_vector_table)

.data           0x20000000       0x8c load address 0x0000caec
                0x20000000                __data_start__ = .
                0x20000000                . = ALIGN (0x4)
                0x20000000                __Code_In_RAM_Start = .
 *(.code_in_ram*)
                0x20000000                __Code_In_RAM_End = .
 *(vtable)
 *(.data.*)
 .data._ZL30_analogRequestedReadResolution
                0x20000000        0x4 .pio\build\uno_r4_wifi\libFrameworkArduino.a(analog.cpp.o)
 .data._impure_ptr
                0x20000004        0x4 c:/users/amtsn/.platformio/packages/toolchain-gccarmnoneeabi/bin/../lib/gcc/arm-none-eabi/7.2.1/../../../../arm-none-eabi/lib/thumb/v7e-m/fpv4-sp/hard\libc_nano.a(lib_a-impure.o)
                0x20000004                _impure_ptr
 .data.impure_data
                0x20000008       0x60 c:/users/amtsn/.platformio/packages/toolchain-gccarmnoneeabi/bin/../lib/gcc/arm-none-eabi/7.2.1/../../../../arm-none-eabi/lib/thumb/v7e-m/fpv4-sp/hard\libc_nano.a(lib_a-impure.o)
 *(.data)
                0x20000068                . = ALIGN (0x4)
                0x20000068                PROVIDE (__preinit_array_start, .)
 *(.preinit_array)
                0x20000068                PROVIDE (__preinit_array_end, .)
                0x20000068                . = ALIGN (0x4)
                0x20000068                PROVIDE (__init_array_start, .)
 *(SORT_BY_NAME(.init_array.*))
 *(.init_array)
 .init_array    0x20000068        0x4 c:/users/amtsn/.platformio/packages/toolchain-gccarmnoneeabi/bin/../lib/gcc/arm-none-eabi/7.2.1/thumb/v7e-m/fpv4-sp/hard/crtbegin.o
 .init_array    0x2000006c        0x4 .pio\build\uno_r4_wifi\src\SmartLight.cpp.o
 .init_array    0x20000070        0x4 .pio\build\uno_r4_wifi\libFrameworkArduino.a(SerialObj1.cpp.o)
 .init_array    0x20000074        0x4 .pio\build\uno_r4_wifi\libFrameworkArduino.a(analog.cpp.o)
 .init_array    0x20000078        0x4 .pio\build\uno_r4_wifi\libFrameworkArduino.a(dac.cpp.o)
 .init_array    0x2000007c        0x4 .pio\build\uno_r4_wifi\libFrameworkArduino.a(time.cpp.o)
                0x20000080                PROVIDE (__init_array_end, .)
                0x20000080                . = ALIGN (0x4)
                [!provide]                PROVIDE (__fini_array_start, .)
 *(SORT_BY_NAME(.fini_array.*))
 *(.fini_array)
 .fini_array    0x20000080        0x4 c:/users/amtsn/.platformio/packages/toolchain-gccarmnoneeabi/bin/../lib/gcc/arm-none-eabi/7.2.1/thumb/v7e-m/fpv4-sp/hard/crtbegin.o
 .fini_array    0x20000084        0x4 .pio\build\uno_r4_wifi\libFrameworkArduino.a(analog.cpp.o)
 .fini_array    0x20000088        0x4 .pio\build\uno_r4_wifi\libFrameworkArduino.a(time.cpp.o)
                [!provide]                PROVIDE (__fini_array_end, .)
 *(.jcr*)
                0x2000008c                . = ALIGN (0x4)
                0x2000008c                __data_end__ = .

.igot.plt       0x2000008c        0x0 load address 0x0000cb78
 .igot.plt      0x2000008c        0x0 c:/users/amtsn/.platformio/packages/toolchain-gccarmnoneeabi/bin/../lib/gcc/arm-none-eabi/7.2.1/thumb/v7e-m/fpv4-sp/hard/crtbegin.o

.noinit         0x2000008c       0x1c load address 0x0000cb78
                0x2000008c                . = ALIGN (0x4)
                0x2000008c                __noinit_start = .
 *(.noinit*)
 .noinit        0x2000008c       0x18 C:\Users\amtsn\.platformio\packages\framework-arduinorenesas-uno\variants\UNOWIFIR4\libs\libfsp.a(bsp_clocks.o)
                0x200000a8                . = ALIGN (0x8)
 *fill*         0x200000a4        0x4 
 *(.heap.*)
                0x200000a8                __noinit_end = .

.bss            0x200000a8      0x93c load address 0x0000cb78
                0x200000a8                . = ALIGN (0x4)
                0x200000a8                __bss_start__ = .
 *(.bss*)
 .bss           0x200000a8       0x1c c:/users/amtsn/.platformio/packages/toolchain-gccarmnoneeabi/bin/../lib/gcc/arm-none-eabi/7.2.1/thumb/v7e-m/fpv4-sp/hard/crtbegin.o
 *fill*         0x200000c4        0x4 
 .bss.SmartLightSystem
                0x200000c8       0x28 .pio\build\uno_r4_wifi\src\SmartLight.cpp.o
                0x200000c8                SmartLightSystem
 .bss._ZN4UART7g_uartsE
                0x200000f0       0x28 .pio\build\uno_r4_wifi\libFrameworkArduino.a(Serial.cpp.o)
                0x200000f0                UART::g_uarts
 .bss._UART1_   0x20000118      0x4ac .pio\build\uno_r4_wifi\libFrameworkArduino.a(SerialObj1.cpp.o)
                0x20000118                _UART1_
 .bss._ZL17scan_complete_cbk
                0x200005c4        0x4 .pio\build\uno_r4_wifi\libFrameworkArduino.a(analog.cpp.o)
 .bss._ZL20window_compare_a_cbk
                0x200005c8        0x4 .pio\build\uno_r4_wifi\libFrameworkArduino.a(analog.cpp.o)
 .bss._ZL20window_compare_b_cbk
                0x200005cc        0x4 .pio\build\uno_r4_wifi\libFrameworkArduino.a(analog.cpp.o)
 .bss._ZL25analog_values_by_channels
                0x200005d0       0x3a .pio\build\uno_r4_wifi\libFrameworkArduino.a(analog.cpp.o)
 *fill*         0x2000060a        0x2 
 .bss._ZL3adc   0x2000060c       0x5c .pio\build\uno_r4_wifi\libFrameworkArduino.a(analog.cpp.o)
 .bss._ZL4adc1  0x20000668       0x5c .pio\build\uno_r4_wifi\libFrameworkArduino.a(analog.cpp.o)
 .bss._ZL4aref  0x200006c4        0x4 .pio\build\uno_r4_wifi\libFrameworkArduino.a(analog.cpp.o)
 .bss._ZL4pwms  0x200006c8       0x68 .pio\build\uno_r4_wifi\libFrameworkArduino.a(analog.cpp.o)
 .bss._dac12    0x20000730       0x3c .pio\build\uno_r4_wifi\libFrameworkArduino.a(dac.cpp.o)
                0x20000730                _dac12
 .bss.irq_vector_table
                0x2000076c        0x4 .pio\build\uno_r4_wifi\libFrameworkArduino.a(main.cpp.o)
                0x2000076c                irq_vector_table
 .bss._ZL9agt_timer
                0x20000770       0x38 .pio\build\uno_r4_wifi\libFrameworkArduino.a(time.cpp.o)
 .bss.agt_time_ms
                0x200007a8        0x4 .pio\build\uno_r4_wifi\libFrameworkArduino.a(time.cpp.o)
                0x200007a8                agt_time_ms
 .bss._ZN8FspTimer16agt_used_channelE
                0x200007ac        0x2 .pio\build\uno_r4_wifi\libFrameworkArduino.a(FspTimer.cpp.o)
                0x200007ac                FspTimer::agt_used_channel
 .bss._ZN8FspTimer16gpt_used_channelE
                0x200007ae        0x8 .pio\build\uno_r4_wifi\libFrameworkArduino.a(FspTimer.cpp.o)
                0x200007ae                FspTimer::gpt_used_channel
 .bss._ZN8FspTimer18force_pwm_reservedE
                0x200007b6        0x1 .pio\build\uno_r4_wifi\libFrameworkArduino.a(FspTimer.cpp.o)
                0x200007b6                FspTimer::force_pwm_reserved
 *fill*         0x200007b7        0x1 
 .bss._ZGVZN10IRQManager11getInstanceEvE8instance
                0x200007b8        0x4 .pio\build\uno_r4_wifi\libFrameworkArduino.a(IRQManager.cpp.o)
 .bss._ZZN10IRQManager11getInstanceEvE8instance
                0x200007bc        0x4 .pio\build\uno_r4_wifi\libFrameworkArduino.a(IRQManager.cpp.o)
 .bss.call_stack_info
                0x200007c0       0x90 .pio\build\uno_r4_wifi\libFrameworkArduino.a(cm_backtrace.c.o)
 .bss.code_size
                0x20000850        0x4 .pio\build\uno_r4_wifi\libFrameworkArduino.a(cm_backtrace.c.o)
 .bss.code_start_addr
                0x20000854        0x4 .pio\build\uno_r4_wifi\libFrameworkArduino.a(cm_backtrace.c.o)
 .bss.fw_name   0x20000858        0x4 .pio\build\uno_r4_wifi\libFrameworkArduino.a(cm_backtrace.c.o)
 .bss.init_ok   0x2000085c        0x1 .pio\build\uno_r4_wifi\libFrameworkArduino.a(cm_backtrace.c.o)
 *fill*         0x2000085d        0x3 
 .bss.main_stack_size
                0x20000860        0x4 .pio\build\uno_r4_wifi\libFrameworkArduino.a(cm_backtrace.c.o)
 .bss.main_stack_start_addr
                0x20000864        0x4 .pio\build\uno_r4_wifi\libFrameworkArduino.a(cm_backtrace.c.o)
 .bss.on_fault  0x20000868        0x1 .pio\build\uno_r4_wifi\libFrameworkArduino.a(cm_backtrace.c.o)
 *fill*         0x20000869        0x3 
 .bss.regs      0x2000086c       0x44 .pio\build\uno_r4_wifi\libFrameworkArduino.a(cm_backtrace.c.o)
 .bss.stack_is_overflow
                0x200008b0        0x1 .pio\build\uno_r4_wifi\libFrameworkArduino.a(cm_backtrace.c.o)
 *fill*         0x200008b1        0x3 
 .bss.sw_ver    0x200008b4        0x4 .pio\build\uno_r4_wifi\libFrameworkArduino.a(cm_backtrace.c.o)
 .bss.gp_prv_agt_periods
                0x200008b8        0x8 C:\Users\amtsn\.platformio\packages\framework-arduinorenesas-uno\variants\UNOWIFIR4\libs\libfsp.a(r_agt.o)
 .bss.g_protect_pfswe_counter
                0x200008c0        0x4 C:\Users\amtsn\.platformio\packages\framework-arduinorenesas-uno\variants\UNOWIFIR4\libs\libfsp.a(bsp_io.o)
                0x200008c0                g_protect_pfswe_counter
 .bss.gp_renesas_isr_context
                0x200008c4       0x80 C:\Users\amtsn\.platformio\packages\framework-arduinorenesas-uno\variants\UNOWIFIR4\libs\libfsp.a(bsp_irq.o)
                0x200008c4                gp_renesas_isr_context
 .bss.g_protect_counters
                0x20000944        0x8 C:\Users\amtsn\.platformio\packages\framework-arduinorenesas-uno\variants\UNOWIFIR4\libs\libfsp.a(bsp_register_protection.o)
                0x20000944                g_protect_counters
 .bss.SystemCoreClock
                0x2000094c        0x4 C:\Users\amtsn\.platformio\packages\framework-arduinorenesas-uno\variants\UNOWIFIR4\libs\libfsp.a(system.o)
                0x2000094c                SystemCoreClock
 .bss.g_bsp_group_irq_sources
                0x20000950       0x40 C:\Users\amtsn\.platformio\packages\framework-arduinorenesas-uno\variants\UNOWIFIR4\libs\libfsp.a(bsp_group_irq.o)
                0x20000950                g_bsp_group_irq_sources
 .bss._ZN12_GLOBAL__N_113__new_handlerE
                0x20000990        0x4 c:/users/amtsn/.platformio/packages/toolchain-gccarmnoneeabi/bin/../lib/gcc/arm-none-eabi/7.2.1/../../../../arm-none-eabi/lib/thumb/v7e-m/fpv4-sp/hard\libstdc++_nano.a(new_handler.o)
 .bss.__malloc_free_list
                0x20000994        0x4 c:/users/amtsn/.platformio/packages/toolchain-gccarmnoneeabi/bin/../lib/gcc/arm-none-eabi/7.2.1/../../../../arm-none-eabi/lib/thumb/v7e-m/fpv4-sp/hard\libc_nano.a(lib_a-nano-mallocr.o)
                0x20000994                __malloc_free_list
 .bss.__malloc_sbrk_start
                0x20000998        0x4 c:/users/amtsn/.platformio/packages/toolchain-gccarmnoneeabi/bin/../lib/gcc/arm-none-eabi/7.2.1/../../../../arm-none-eabi/lib/thumb/v7e-m/fpv4-sp/hard\libc_nano.a(lib_a-nano-mallocr.o)
                0x20000998                __malloc_sbrk_start
 .bss.heap_end.5377
                0x2000099c        0x4 c:/users/amtsn/.platformio/packages/toolchain-gccarmnoneeabi/bin/../lib/gcc/arm-none-eabi/7.2.1/../../../../arm-none-eabi/lib/thumb/v7e-m/fpv4-sp/hard\libnosys.a(sbrk.o)
 *(COMMON)
 COMMON         0x200009a0       0x40 .pio\build\uno_r4_wifi\libFrameworkArduinoVariant.a(common_data.c.o)
                0x200009a0                g_ioport_ctrl
                0x200009a8                g_cgc0_ctrl
                0x200009b8                g_elc_ctrl
                0x200009c0                g_external_irq1_ctrl
                0x200009d0                g_external_irq0_ctrl
 COMMON         0x200009e0        0x4 c:/users/amtsn/.platformio/packages/toolchain-gccarmnoneeabi/bin/../lib/gcc/arm-none-eabi/7.2.1/../../../../arm-none-eabi/lib/thumb/v7e-m/fpv4-sp/hard\libc_nano.a(lib_a-reent.o)
                0x200009e0                errno
                0x200009e4                . = ALIGN (0x4)
                0x200009e4                __bss_end__ = .

.heap           0x200009e8     0x2000 load address 0x0000cb78