Archive member included to satisfy reference by file (symbol)

.pio\build\uno_r4_wifi\libFrameworkArduinoVariant.a(main.c.o)
                              c:/users/amtsn/.platformio/packages/toolchain-gccarmnoneeabi/bin/../lib/gcc/arm-none-eabi/7.2.1/../../../../arm-none-eabi/lib/thumb/v7e-m/fpv4-sp/hard/crt0.o (main)
.pio\build\uno_r4_wifi\libFrameworkArduino.a(Serial.cpp.o)
                              .pio\build\uno_r4_wifi\src\SmartLight.cpp.o (UART::begin(unsigned long))
.pio\build\uno_r4_wifi\libFrameworkArduino.a(SerialObj1.cpp.o)
                              .pio\build\uno_r4_wifi\src\SmartLight.cpp.o (_UART1_)
.pio\build\uno_r4_wifi\libFrameworkArduino.a(analog.cpp.o)
                              .pio\build\uno_r4_wifi\src\SmartLight.cpp.o (analogRead)
.pio\build\uno_r4_wifi\libFrameworkArduino.a(Common.cpp.o)
                              .pio\build\uno_r4_wifi\libFrameworkArduino.a(analog.cpp.o) (map(long, long, long, long, long))
.pio\build\uno_r4_wifi\libFrameworkArduino.a(Print.cpp.o)
                              .pio\build\uno_r4_wifi\libFrameworkArduino.a(Serial.cpp.o) (arduino::Print::write(unsigned char const*, unsigned int))
.pio\build\uno_r4_wifi\libFrameworkArduino.a(dac.cpp.o)
                              .pio\build\uno_r4_wifi\libFrameworkArduino.a(analog.cpp.o) (CDac::analogWrite(int))
.pio\build\uno_r4_wifi\libFrameworkArduino.a(digital.cpp.o)
                              .pio\build\uno_r4_wifi\src\SmartLight.cpp.o (pinMode)
.pio\build\uno_r4_wifi\libFrameworkArduino.a(main.cpp.o)
                              .pio\build\uno_r4_wifi\libFrameworkArduinoVariant.a(main.c.o) (hal_entry)
.pio\build\uno_r4_wifi\libFrameworkArduino.a(pinDefinitions.cpp.o)
                              .pio\build\uno_r4_wifi\libFrameworkArduino.a(analog.cpp.o) (pinPeripheral(e_bsp_io_port_pin_t, unsigned long))
.pio\build\uno_r4_wifi\libFrameworkArduino.a(pwm.cpp.o)
                              .pio\build\uno_r4_wifi\libFrameworkArduino.a(analog.cpp.o) (PwmOut::PwmOut(int))
.pio\build\uno_r4_wifi\libFrameworkArduino.a(time.cpp.o)
                              .pio\build\uno_r4_wifi\libFrameworkArduino.a(analog.cpp.o) (delayMicroseconds)
.pio\build\uno_r4_wifi\libFrameworkArduino.a(variant_helper.cpp.o)
                              .pio\build\uno_r4_wifi\libFrameworkArduino.a(Serial.cpp.o) (getPinCfgs(unsigned char, PinCfgReq_t))
.pio\build\uno_r4_wifi\libFrameworkArduino.a(vector_table.c.o)
                              .pio\build\uno_r4_wifi\libFrameworkArduino.a(main.cpp.o) (g_vector_table)
.pio\build\uno_r4_wifi\libFrameworkArduino.a(FspTimer.cpp.o)
                              .pio\build\uno_r4_wifi\libFrameworkArduino.a(pwm.cpp.o) (FspTimer::FspTimer())
.pio\build\uno_r4_wifi\libFrameworkArduino.a(IRQManager.cpp.o)
                              .pio\build\uno_r4_wifi\libFrameworkArduino.a(Serial.cpp.o) (IRQManager::getInstance())
.pio\build\uno_r4_wifi\libFrameworkArduino.a(cm_backtrace.c.o)
                              .pio\build\uno_r4_wifi\libFrameworkArduino.a(main.cpp.o) (cm_backtrace_init)
.pio\build\uno_r4_wifi\libFrameworkArduino.a(cortex_handlers.c.o)
                              .pio\build\uno_r4_wifi\libFrameworkArduino.a(main.cpp.o) (Stacktrace_Handler)
C:\Users\amtsn\.platformio\packages\framework-arduinorenesas-uno\variants\UNOWIFIR4\libs\libfsp.a(r_spi.o)
                              .pio\build\uno_r4_wifi\libFrameworkArduino.a(IRQManager.cpp.o) (spi_rxi_isr)
C:\Users\amtsn\.platformio\packages\framework-arduinorenesas-uno\variants\UNOWIFIR4\libs\libfsp.a(r_sci_uart.o)
                              .pio\build\uno_r4_wifi\libFrameworkArduino.a(Serial.cpp.o) (R_SCI_UART_Write)
C:\Users\amtsn\.platformio\packages\framework-arduinorenesas-uno\variants\UNOWIFIR4\libs\libfsp.a(r_sci_spi.o)
                              .pio\build\uno_r4_wifi\libFrameworkArduino.a(IRQManager.cpp.o) (sci_spi_txi_isr)
C:\Users\amtsn\.platformio\packages\framework-arduinorenesas-uno\variants\UNOWIFIR4\libs\libfsp.a(r_sci_i2c.o)
                              .pio\build\uno_r4_wifi\libFrameworkArduino.a(IRQManager.cpp.o) (sci_i2c_rxi_isr)
C:\Users\amtsn\.platformio\packages\framework-arduinorenesas-uno\variants\UNOWIFIR4\libs\libfsp.a(r_rtc.o)
                              .pio\build\uno_r4_wifi\libFrameworkArduino.a(IRQManager.cpp.o) (rtc_alarm_periodic_isr)
C:\Users\amtsn\.platformio\packages\framework-arduinorenesas-uno\variants\UNOWIFIR4\libs\libfsp.a(r_ioport.o)
                              .pio\build\uno_r4_wifi\libFrameworkArduino.a(digital.cpp.o) (R_IOPORT_PinRead)
C:\Users\amtsn\.platformio\packages\framework-arduinorenesas-uno\variants\UNOWIFIR4\libs\libfsp.a(r_iic_slave.o)
                              .pio\build\uno_r4_wifi\libFrameworkArduino.a(IRQManager.cpp.o) (iic_slave_rxi_isr)
C:\Users\amtsn\.platformio\packages\framework-arduinorenesas-uno\variants\UNOWIFIR4\libs\libfsp.a(r_iic_master.o)
[...]
Memory Configuration

Name             Origin             Length             Attributes
FLASH            0x00004000         0x0003c000         xr
RAM              0x20000000         0x00008000         xrw
DATA_FLASH       0x40100000         0x00002000         xr
OPTION_SETTING   0x00000000         0x00000000         r
OPTION_SETTING_S 0x00000000         0x00000000         r
ID_CODE          0x01010018         0x00000020         xr
*default*        0x00000000         0xffffffff

Linker script and memory map

LOAD c:/users/amtsn/.platformio/packages/toolchain-gccarmnoneeabi/bin/../lib/gcc/arm-none-eabi/7.2.1/thumb/v7e-m/fpv4-sp/hard/crti.o
LOAD c:/users/amtsn/.platformio/packages/toolchain-gccarmnoneeabi/bin/../lib/gcc/arm-none-eabi/7.2.1/thumb/v7e-m/fpv4-sp/hard/crtbegin.o
LOAD c:/users/amtsn/.platformio/packages/toolchain-gccarmnoneeabi/bin/../lib/gcc/arm-none-eabi/7.2.1/../../../../arm-none-eabi/lib/thumb/v7e-m/fpv4-sp/hard/crt0.o
LOAD .pio\build\uno_r4_wifi\src\SmartLight.cpp.o
START GROUP
LOAD .pio\build\uno_r4_wifi\libFrameworkArduinoVariant.a
LOAD .pio\build\uno_r4_wifi\libFrameworkArduino.a
LOAD C:\Users\amtsn\.platformio\packages\framework-arduinorenesas-uno\variants\UNOWIFIR4\libs\libfsp.a
LOAD c:/users/amtsn/.platformio/packages/toolchain-gccarmnoneeabi/bin/../lib/gcc/arm-none-eabi/7.2.1/../../../../arm-none-eabi/lib/thumb/v7e-m/fpv4-sp/hard\libstdc++_nano.a
LOAD c:/users/amtsn/.platformio/packages/toolchain-gccarmnoneeabi/bin/../lib/gcc/arm-none-eabi/7.2.1/../../../../arm-none-eabi/lib/thumb/v7e-m/fpv4-sp/hard\libsupc++_nano.a
LOAD c:/users/amtsn/.platformio/packages/toolchain-gccarmnoneeabi/bin/../lib/gcc/arm-none-eabi/7.2.1/thumb/v7e-m/fpv4-sp/hard\libgcc.a
LOAD c:/users/amtsn/.platformio/packages/toolchain-gccarmnoneeabi/bin/../lib/gcc/arm-none-eabi/7.2.1/../../../../arm-none-eabi/lib/thumb/v7e-m/fpv4-sp/hard\libnosys.a
END GROUP
LOAD c:/users/amtsn/.platformio/packages/toolchain-gccarmnoneeabi/bin/../lib/gcc/arm-none-eabi/7.2.1/../../../../arm-none-eabi/lib/thumb/v7e-m/fpv4-sp/hard\libstdc++_nano.a
LOAD c:/users/amtsn/.platformio/packages/toolchain-gccarmnoneeabi/bin/../lib/gcc/arm-none-eabi/7.2.1/../../../../arm-none-eabi/lib/thumb/v7e-m/fpv4-sp/hard\libm.a
LOAD c:/users/amtsn/.platformio/packages/toolchain-gccarmnoneeabi/bin/../lib/gcc/arm-none-eabi/7.2.1/../../../../arm-none-eabi/lib/thumb/v7e-m/fpv4-sp/hard\libc_nano.a
START GROUP
LOAD c:/users/amtsn/.platformio/packages/toolchain-gccarmnoneeabi/bin/../lib/gcc/arm-none-eabi/7.2.1/thumb/v7e-m/fpv4-sp/hard\libgcc.a
LOAD c:/users/amtsn/.platformio/packages/toolchain-gccarmnoneeabi/bin/../lib/gcc/arm-none-eabi/7.2.1/../../../../arm-none-eabi/lib/thumb/v7e-m/fpv4-sp/hard\libc_nano.a
END GROUP
START GROUP
LOAD c:/users/amtsn/.platformio/packages/toolchain-gccarmnoneeabi/bin/../lib/gcc/arm-none-eabi/7.2.1/thumb/v7e-m/fpv4-sp/hard\libgcc.a
LOAD c:/users/amtsn/.platformio/packages/toolchain-gccarmnoneeabi/bin/../lib/gcc/arm-none-eabi/7.2.1/../../../../arm-none-eabi/lib/thumb/v7e-m/fpv4-sp/hard\libc_nano.a
LOAD c:/users/amtsn/.platformio/packages/toolchain-gccarmnoneeabi/bin/../lib/gcc/arm-none-eabi/7.2.1/../../../../arm-none-eabi/lib/thumb/v7e-m/fpv4-sp/hard\libnosys.a
END GROUP
START GROUP
LOAD c:/users/amtsn/.platformio/packages/toolchain-gccarmnoneeabi/bin/../lib/gcc/arm-none-eabi/7.2.1/thumb/v7e-m/fpv4-sp/hard\libgcc.a
LOAD c:/users/amtsn/.platformio/packages/toolchain-gccarmnoneeabi/bin/../lib/gcc/arm-none-eabi/7.2.1/../../../../arm-none-eabi/lib/thumb/v7e-m/fpv4-sp/hard\libc_nano.a
LOAD c:/users/amtsn/.platformio/packages/toolchain-gccarmnoneeabi/bin/../lib/gcc/arm-none-eabi/7.2.1/../../../../arm-none-eabi/lib/thumb/v7e-m/fpv4-sp/hard\libnosys.a
END GROUP
LOAD c:/users/amtsn/.platformio/packages/toolchain-gccarmnoneeabi/bin/../lib/gcc/arm-none-eabi/7.2.1/thumb/v7e-m/fpv4-sp/hard/crtend.o
LOAD c:/users/amtsn/.platformio/packages/toolchain-gccarmnoneeabi/bin/../lib/gcc/arm-none-eabi/7.2.1/thumb/v7e-m/fpv4-sp/hard/crtn.o
                0x20000000                RAM_START = 0x20000000
                0x00008000                RAM_LENGTH = 0x8000
                0x00000000                FLASH_START = 0x0
                0x00040000                FLASH_LENGTH = 0x40000
                0x40100000                DATA_FLASH_START = 0x40100000
                0x00002000                DATA_FLASH_LENGTH = 0x2000
                0x00000000                OPTION_SETTING_START = 0x0
                0x00000000                OPTION_SETTING_LENGTH = 0x0
                0x00000000                OPTION_SETTING_S_START = 0x0
                0x00000000                OPTION_SETTING_S_LENGTH = 0x0
                0x01010018                ID_CODE_START = 0x1010018
                0x00000020                ID_CODE_LENGTH = 0x20
                0x90000000                SDRAM_START = 0x90000000
                0x00000000                SDRAM_LENGTH = 0x0
                0x60000000                QSPI_FLASH_START = 0x60000000
                0x00000000                QSPI_FLASH_LENGTH = 0x0
                0x68000000                OSPI_DEVICE_0_START = 0x68000000
                0x00000000                OSPI_DEVICE_0_LENGTH = 0x0
                0x70000000                OSPI_DEVICE_1_START = 0x70000000
                0x00000000                OSPI_DEVICE_1_LENGTH = 0x0
                0x00004000                FLASH_IMAGE_START = 0x4000
                0x00000100                VECTOR_TABLE_LENGTH = 0x100
                0x00000400                BSP_CFG_STACK_MAIN_BYTES = 0x400
START GROUP
LOAD c:/users/amtsn/.platformio/packages/toolchain-gccarmnoneeabi/bin/../lib/gcc/arm-none-eabi/7.2.1/thumb/v7e-m/fpv4-sp/hard\libgcc.a
LOAD c:/users/amtsn/.platformio/packages/toolchain-gccarmnoneeabi/bin/../lib/gcc/arm-none-eabi/7.2.1/../../../../arm-none-eabi/lib/thumb/v7e-m/fpv4-sp/hard\libc.a
LOAD c:/users/amtsn/.platformio/packages/toolchain-gccarmnoneeabi/bin/../lib/gcc/arm-none-eabi/7.2.1/../../../../arm-none-eabi/lib/thumb/v7e-m/fpv4-sp/hard\libm.a
LOAD c:/users/amtsn/.platformio/packages/toolchain-gccarmnoneeabi/bin/../lib/gcc/arm-none-eabi/7.2.1/../../../../arm-none-eabi/lib/thumb/v7e-m/fpv4-sp/hard\libnosys.a
END GROUP

.text           0x00004000     0xa514
                0x00000000                __tz_FLASH_S = ABSOLUTE (FLASH_START)
                0x00004000                __ROM_Start = .
 *(.sketch_boot)
                0x00004000                . = ALIGN (0x800)
 *(.fixed_vectors*)
 .fixed_vectors
                0x00004000       0x40 C:\Users\amtsn\.platformio\packages\framework-arduinorenesas-uno\variants\UNOWIFIR4\libs\libfsp.a(startup.o)
                0x00004000                __Vectors
 *(.application_vectors*)
 .application_vectors
                0x00004040       0x80 .pio\build\uno_r4_wifi\libFrameworkArduino.a(vector_table.c.o)
                0x00004040                g_vector_table
                0x000040c0                __Vectors_End = .
 *(.text*)
 .text          0x000040c0       0x40 c:/users/amtsn/.platformio/packages/toolchain-gccarmnoneeabi/bin/../lib/gcc/arm-none-eabi/7.2.1/thumb/v7e-m/fpv4-sp/hard/crtbegin.o
 .text._ZN10SmartLight10SmartLight11LightSensorEv
                0x00004100       0x58 .pio\build\uno_r4_wifi\src\SmartLight.cpp.o
                0x00004100                SmartLight::SmartLight::LightSensor()
 .text._ZN10SmartLight10SmartLight12MotionSensorEv
                0x00004158       0x5c .pio\build\uno_r4_wifi\src\SmartLight.cpp.o
                0x00004158                SmartLight::SmartLight::MotionSensor()
 .text.loop     0x000041b4       0x5c .pio\build\uno_r4_wifi\src\SmartLight.cpp.o
                0x000041b4                loop
 .text.startup._GLOBAL__sub_I_SmartLightSystem
                0x00004210       0x2c .pio\build\uno_r4_wifi\src\SmartLight.cpp.o
 .text._ZN10SmartLight10SmartLight5setupEv
                0x0000423c       0x90 .pio\build\uno_r4_wifi\src\SmartLight.cpp.o
                0x0000423c                SmartLight::SmartLight::setup()
 .text.setup    0x000042cc       0x10 .pio\build\uno_r4_wifi\src\SmartLight.cpp.o
                0x000042cc                setup
 .text.startup.main
                0x000042dc        0xa .pio\build\uno_r4_wifi\libFrameworkArduinoVariant.a(main.c.o)
                0x000042dc                main
 .text._ZN7arduino5Print17availableForWriteEv
                0x000042e6        0x4 .pio\build\uno_r4_wifi\libFrameworkArduino.a(Serial.cpp.o)
                0x000042e6                arduino::Print::availableForWrite()
 .text._ZN4UARTcvbEv
                0x000042ea        0x4 .pio\build\uno_r4_wifi\libFrameworkArduino.a(Serial.cpp.o)
                0x000042ea                UART::operator bool()
 .text._ZN4UART5beginEm
                0x000042ee        0xa .pio\build\uno_r4_wifi\libFrameworkArduino.a(Serial.cpp.o)
                0x000042ee                UART::begin(unsigned long)
 .text._ZN4UART5flushEv
                0x000042f8        0xa .pio\build\uno_r4_wifi\libFrameworkArduino.a(Serial.cpp.o)
                0x000042f8                UART::flush()
 .text._ZN4UART4peekEv
                0x00004302       0x18 .pio\build\uno_r4_wifi\libFrameworkArduino.a(Serial.cpp.o)
                0x00004302                UART::peek()
 .text._ZN4UART5writeEh
                0x0000431a       0x34 .pio\build\uno_r4_wifi\libFrameworkArduino.a(Serial.cpp.o)
                0x0000431a                UART::write(unsigned char)
 .text._ZN4UART3endEv
                0x0000434e       0x22 .pio\build\uno_r4_wifi\libFrameworkArduino.a(Serial.cpp.o)
                0x0000434e                UART::end()
 .text._ZN7__GuardD2Ev
                0x00004370        0xc .pio\build\uno_r4_wifi\libFrameworkArduino.a(Serial.cpp.o)
                0x00004370                __Guard::~__Guard()
                0x00004370                __Guard::~__Guard()
 .text._ZN4UART9availableEv
                0x0000437c       0x32 .pio\build\uno_r4_wifi\libFrameworkArduino.a(Serial.cpp.o)
                0x0000437c                UART::available()
 *fill*         0x000043ae        0x2 ff
 .text._ZN4UART15WrapperCallbackEP20st_uart_callback_arg
                0x000043b0       0x90 .pio\build\uno_r4_wifi\libFrameworkArduino.a(Serial.cpp.o)
                0x000043b0                UART::WrapperCallback(st_uart_callback_arg*)
 .text._ZN4UART4readEv
                0x00004440       0x5c .pio\build\uno_r4_wifi\libFrameworkArduino.a(Serial.cpp.o)
                0x00004440                UART::read()
 .text._ZN4UARTC2Eiiii
                0x0000449c       0x78 .pio\build\uno_r4_wifi\libFrameworkArduino.a(Serial.cpp.o)
                0x0000449c                UART::UART(int, int, int, int)
                0x0000449c                UART::UART(int, int, int, int)
 .text._ZN4UART13setUpUartIrqsER11st_uart_cfg
                0x00004514       0x14 .pio\build\uno_r4_wifi\libFrameworkArduino.a(Serial.cpp.o)
                0x00004514                UART::setUpUartIrqs(st_uart_cfg&)
 .text._ZN4UART8cfg_pinsEi
                0x00004528       0xe8 .pio\build\uno_r4_wifi\libFrameworkArduino.a(Serial.cpp.o)
                0x00004528                UART::cfg_pins(int)
 .text._ZN4UART5beginEmt
                0x00004610      0x1a8 .pio\build\uno_r4_wifi\libFrameworkArduino.a(Serial.cpp.o)
                0x00004610                UART::begin(unsigned long, unsigned short)
 .text._ZN4UART9write_rawEPhj
                0x000047b8       0x1e .pio\build\uno_r4_wifi\libFrameworkArduino.a(Serial.cpp.o)
                0x000047b8                UART::write_raw(unsigned char*, unsigned int)
 *fill*         0x000047d6        0x2 ff
 .text.startup._GLOBAL__sub_I__UART1_
                0x000047d8       0x1c .pio\build\uno_r4_wifi\libFrameworkArduino.a(SerialObj1.cpp.o)
 .text._ZL13readAllGroupAP13ADC_Container
                0x000047f4       0x2c .pio\build\uno_r4_wifi\libFrameworkArduino.a(analog.cpp.o)
 .text._ZL11ADC_irq_cbkP20st_adc_callback_args
                0x00004820       0x58 .pio\build\uno_r4_wifi\libFrameworkArduino.a(analog.cpp.o)
 .text._ZL10adcConvertP13ADC_Containert
                0x00004878       0xa4 .pio\build\uno_r4_wifi\libFrameworkArduino.a(analog.cpp.o)
 .text._ZL21get_ADC_container_ptrlRt.constprop.4
                0x0000491c       0x38 .pio\build\uno_r4_wifi\libFrameworkArduino.a(analog.cpp.o)
 .text._ZN13ADC_ContainerC2EhPFvP20st_adc_callback_argsEPv
                0x00004954       0x6e .pio\build\uno_r4_wifi\libFrameworkArduino.a(analog.cpp.o)
                0x00004954                ADC_Container::ADC_Container(unsigned char, void (*)(st_adc_callback_args*), void*)
                0x00004954                ADC_Container::ADC_Container(unsigned char, void (*)(st_adc_callback_args*), void*)
 .text._ZN13ADC_ContainerD2Ev
                0x000049c2       0x12 .pio\build\uno_r4_wifi\libFrameworkArduino.a(analog.cpp.o)
                0x000049c2                ADC_Container::~ADC_Container()
                0x000049c2                ADC_Container::~ADC_Container()
 .text.analogRead
                0x000049d4       0x3c .pio\build\uno_r4_wifi\libFrameworkArduino.a(analog.cpp.o)
                0x000049d4                analogRead
 .text.analogReference
                0x00004a10       0x5c .pio\build\uno_r4_wifi\libFrameworkArduino.a(analog.cpp.o)
                0x00004a10                analogReference
 *fill*         0x00004a6c        0x4 ff
 .text._Z15analogReferencev
                0x00004a70      0x10c .pio\build\uno_r4_wifi\libFrameworkArduino.a(analog.cpp.o)
                0x00004a70                analogReference()
 .text._Z23__get_timer_for_channeli
                0x00004b7c       0x2c .pio\build\uno_r4_wifi\libFrameworkArduino.a(analog.cpp.o)
                0x00004b7c                __get_timer_for_channel(int)
 .text.startup._GLOBAL__sub_I__ZN13ADC_ContainerC2EhPFvP20st_adc_callback_argsEPv
                0x00004ba8       0x4c .pio\build\uno_r4_wifi\libFrameworkArduino.a(analog.cpp.o)
 .text.exit._GLOBAL__sub_D__ZN13ADC_ContainerC2EhPFvP20st_adc_callback_argsEPv
                0x00004bf4       0x1c .pio\build\uno_r4_wifi\libFrameworkArduino.a(analog.cpp.o)
 .text._Z3maplllll
                0x00004c10       0x14 .pio\build\uno_r4_wifi\libFrameworkArduino.a(Common.cpp.o)
                0x00004c10                map(long, long, long, long, long)
 .text._ZN7arduino5Print5writeEPKhj
                0x00004c24       0x2c .pio\build\uno_r4_wifi\libFrameworkArduino.a(Print.cpp.o)
                0x00004c24                arduino::Print::write(unsigned char const*, unsigned int)
 .text._ZN7arduino5Print5writeEPKc.part.2
                0x00004c50       0x1e .pio\build\uno_r4_wifi\libFrameworkArduino.a(Print.cpp.o)
 .text._ZN7arduino5Print5writeEPKc
                0x00004c6e        0xa .pio\build\uno_r4_wifi\libFrameworkArduino.a(Print.cpp.o)
                0x00004c6e                arduino::Print::write(char const*)
 .text._ZN7arduino5Print5printEPKc
                0x00004c78        0x8 .pio\build\uno_r4_wifi\libFrameworkArduino.a(Print.cpp.o)
                0x00004c78                arduino::Print::print(char const*)
 .text._ZN7arduino5Print7printlnEv
                0x00004c80        0xc .pio\build\uno_r4_wifi\libFrameworkArduino.a(Print.cpp.o)
                0x00004c80                arduino::Print::println()
 .text._ZN7arduino5Print7printlnEPKc
                0x00004c8c       0x14 .pio\build\uno_r4_wifi\libFrameworkArduino.a(Print.cpp.o)
                0x00004c8c                arduino::Print::println(char const*)
 .text._ZN4CDacC2Eh
                0x00004ca0       0x6c .pio\build\uno_r4_wifi\libFrameworkArduino.a(dac.cpp.o)
                0x00004ca0                CDac::CDac(unsigned char)
                0x00004ca0                CDac::CDac(unsigned char)
 .text.startup._GLOBAL__sub_I__ZN4CDacC2Eh
                0x00004d0c        0xc .pio\build\uno_r4_wifi\libFrameworkArduino.a(dac.cpp.o)
 .text.pinMode  0x00004d18       0x30 .pio\build\uno_r4_wifi\libFrameworkArduino.a(digital.cpp.o)
                0x00004d18                pinMode
 .text.digitalWrite
                0x00004d48       0x18 .pio\build\uno_r4_wifi\libFrameworkArduino.a(digital.cpp.o)
                0x00004d48                digitalWrite
 .text.digitalRead
                0x00004d60       0x28 .pio\build\uno_r4_wifi\libFrameworkArduino.a(digital.cpp.o)
                0x00004d60                digitalRead
 .text.R_BSP_PinAccessEnable
                0x00004d88       0x2c .pio\build\uno_r4_wifi\libFrameworkArduino.a(main.cpp.o)
 .text.start_freertos_on_header_inclusion
                0x00004db4        0x2 .pio\build\uno_r4_wifi\libFrameworkArduino.a(main.cpp.o)
                0x00004db4                start_freertos_on_header_inclusion
 .text.early_start_freertos_on_header_inclusion
                0x00004db6        0x2 .pio\build\uno_r4_wifi\libFrameworkArduino.a(main.cpp.o)
                0x00004db6                early_start_freertos_on_header_inclusion
 .text._Z12arduino_mainv
                0x00004db8       0x94 .pio\build\uno_r4_wifi\libFrameworkArduino.a(main.cpp.o)
                0x00004db8                arduino_main()
 .text._write   0x00004e4c        0xc .pio\build\uno_r4_wifi\libFrameworkArduino.a(main.cpp.o)
                0x00004e4c                _write
 .text.hal_entry
                0x00004e58        0x6 .pio\build\uno_r4_wifi\libFrameworkArduino.a(main.cpp.o)
                0x00004e58                hal_entry
 .text.atexit   0x00004e5e        0x4 .pio\build\uno_r4_wifi\libFrameworkArduino.a(main.cpp.o)
                0x00004e5e                atexit
 *fill*         0x00004e62        0x2 ff
 .text._Z13pinPeripheral19e_bsp_io_port_pin_tm
                0x00004e64       0x10 .pio\build\uno_r4_wifi\libFrameworkArduino.a(pinDefinitions.cpp.o)
                0x00004e64                pinPeripheral(e_bsp_io_port_pin_t, unsigned long)
 .text._ZL21timer_micros_callbackP22st_timer_callback_args
                0x00004e74       0x10 .pio\build\uno_r4_wifi\libFrameworkArduino.a(time.cpp.o)
 .text.delayMicroseconds
                0x00004e84        0x6 .pio\build\uno_r4_wifi\libFrameworkArduino.a(time.cpp.o)
                0x00004e84                delayMicroseconds
 .text.yield    0x00004e8a        0x2 .pio\build\uno_r4_wifi\libFrameworkArduino.a(time.cpp.o)
                0x00004e8a                yield
 .text.delay    0x00004e8c       0x1c .pio\build\uno_r4_wifi\libFrameworkArduino.a(time.cpp.o)
                0x00004e8c                delay
 .text._Z8startAgtv
                0x00004ea8       0x6c .pio\build\uno_r4_wifi\libFrameworkArduino.a(time.cpp.o)
                0x00004ea8                startAgt()
 .text.startup._GLOBAL__sub_I_delayMicroseconds
                0x00004f14        0xc .pio\build\uno_r4_wifi\libFrameworkArduino.a(time.cpp.o)
 .text.exit._GLOBAL__sub_D_delayMicroseconds
                0x00004f20        0xc .pio\build\uno_r4_wifi\libFrameworkArduino.a(time.cpp.o)
 .text._Z10getPinCfgsh11PinCfgReq_t
                0x00004f2c       0xe0 .pio\build\uno_r4_wifi\libFrameworkArduino.a(variant_helper.cpp.o)
                0x00004f2c                getPinCfgs(unsigned char, PinCfgReq_t)
 .text._ZN8FspTimerC2Ev
                0x0000500c       0x18 .pio\build\uno_r4_wifi\libFrameworkArduino.a(FspTimer.cpp.o)
                0x0000500c                FspTimer::FspTimer()
                0x0000500c                FspTimer::FspTimer()
 .text._ZN8FspTimer5beginE12e_timer_modehhmm18e_timer_source_divPFvP22st_timer_callback_argsEPv
                0x00005024      0x16c .pio\build\uno_r4_wifi\libFrameworkArduino.a(FspTimer.cpp.o)
                0x00005024                FspTimer::begin(e_timer_mode, unsigned char, unsigned char, unsigned long, unsigned long, e_timer_source_div, void (*)(st_timer_callback_args*), void*)
 .text._ZN8FspTimer4openEv
                0x00005190       0x4e .pio\build\uno_r4_wifi\libFrameworkArduino.a(FspTimer.cpp.o)
                0x00005190                FspTimer::open()
 .text._ZN8FspTimer5startEv
                0x000051de       0x2e .pio\build\uno_r4_wifi\libFrameworkArduino.a(FspTimer.cpp.o)
                0x000051de                FspTimer::start()
 .text._ZN8FspTimer5closeEv
                0x0000520c       0x2e .pio\build\uno_r4_wifi\libFrameworkArduino.a(FspTimer.cpp.o)
                0x0000520c                FspTimer::close()
 *fill*         0x0000523a        0x2 ff
 .text._ZN8FspTimer3endEv
                0x0000523c       0x48 .pio\build\uno_r4_wifi\libFrameworkArduino.a(FspTimer.cpp.o)
                0x0000523c                FspTimer::end()
 .text._ZN8FspTimerD2Ev
                0x00005284        0xc .pio\build\uno_r4_wifi\libFrameworkArduino.a(FspTimer.cpp.o)
                0x00005284                FspTimer::~FspTimer()
                0x00005284                FspTimer::~FspTimer()
 .text._ZN8FspTimer15get_cfg_for_irqEv
                0x00005290       0x14 .pio\build\uno_r4_wifi\libFrameworkArduino.a(FspTimer.cpp.o)
                0x00005290                FspTimer::get_cfg_for_irq()
 .text._ZN8FspTimer9is_openedEv
                0x000052a4       0x18 .pio\build\uno_r4_wifi\libFrameworkArduino.a(FspTimer.cpp.o)
                0x000052a4                FspTimer::is_opened()
 .text._ZN8FspTimer18setup_overflow_irqEhPFvvE
                0x000052bc       0x4e .pio\build\uno_r4_wifi\libFrameworkArduino.a(FspTimer.cpp.o)
                0x000052bc                FspTimer::setup_overflow_irq(unsigned char, void (*)())
 *fill*         0x0000530a        0x2 ff
 .text.__NVIC_SetPriority
                0x0000530c       0x28 .pio\build\uno_r4_wifi\libFrameworkArduino.a(IRQManager.cpp.o)
 .text.R_BSP_IrqEnable
                0x00005334       0x34 .pio\build\uno_r4_wifi\libFrameworkArduino.a(IRQManager.cpp.o)
 .text.R_BSP_IrqDisable
                0x00005368       0x24 .pio\build\uno_r4_wifi\libFrameworkArduino.a(IRQManager.cpp.o)
 .text.__tcf_0  0x0000538c        0x2 .pio\build\uno_r4_wifi\libFrameworkArduino.a(IRQManager.cpp.o)
 *fill*         0x0000538e        0x2 ff
 .text._ZN10IRQManager11getInstanceEv
                0x00005390       0x38 .pio\build\uno_r4_wifi\libFrameworkArduino.a(IRQManager.cpp.o)
                0x00005390                IRQManager::getInstance()
 .text._ZN10IRQManager18set_ext_link_eventEii
                0x000053c8       0xc8 .pio\build\uno_r4_wifi\libFrameworkArduino.a(IRQManager.cpp.o)
                0x000053c8                IRQManager::set_ext_link_event(int, int)
 .text._ZN10IRQManager23set_gpt_over_link_eventEii
                0x00005490       0x70 .pio\build\uno_r4_wifi\libFrameworkArduino.a(IRQManager.cpp.o)
                0x00005490                IRQManager::set_gpt_over_link_event(int, int)
 .text._ZN10IRQManager18set_agt_link_eventEii
                0x00005500       0x28 .pio\build\uno_r4_wifi\libFrameworkArduino.a(IRQManager.cpp.o)
                0x00005500                IRQManager::set_agt_link_event(int, int)
 .text._ZN10IRQManager16addTimerOverflowER5timerPFvvE
                0x00005528       0x80 .pio\build\uno_r4_wifi\libFrameworkArduino.a(IRQManager.cpp.o)
                0x00005528                IRQManager::addTimerOverflow(timer&, void (*)())
 .text._ZN10IRQManager21set_iic_tx_link_eventEii
                0x000055a8       0x20 .pio\build\uno_r4_wifi\libFrameworkArduino.a(IRQManager.cpp.o)
                0x000055a8                IRQManager::set_iic_tx_link_event(int, int)
 .text._ZN10IRQManager21set_iic_rx_link_eventEii
                0x000055c8       0x20 .pio\build\uno_r4_wifi\libFrameworkArduino.a(IRQManager.cpp.o)
                0x000055c8                IRQManager::set_iic_rx_link_event(int, int)
 .text._ZN10IRQManager22set_iic_tei_link_eventEii
                0x000055e8       0x20 .pio\build\uno_r4_wifi\libFrameworkArduino.a(IRQManager.cpp.o)
                0x000055e8                IRQManager::set_iic_tei_link_event(int, int)
 .text._ZN10IRQManager22set_iic_eri_link_eventEii
                0x00005608       0x20 .pio\build\uno_r4_wifi\libFrameworkArduino.a(IRQManager.cpp.o)
                0x00005608                IRQManager::set_iic_eri_link_event(int, int)
 .text._ZN10IRQManager21set_sci_tx_link_eventEii
                0x00005628       0x38 .pio\build\uno_r4_wifi\libFrameworkArduino.a(IRQManager.cpp.o)
                0x00005628                IRQManager::set_sci_tx_link_event(int, int)
 .text._ZN10IRQManager21set_sci_rx_link_eventEii
                0x00005660       0x38 .pio\build\uno_r4_wifi\libFrameworkArduino.a(IRQManager.cpp.o)
                0x00005660                IRQManager::set_sci_rx_link_event(int, int)
 .text._ZN10IRQManager22set_sci_tei_link_eventEii
                0x00005698       0x38 .pio\build\uno_r4_wifi\libFrameworkArduino.a(IRQManager.cpp.o)
                0x00005698                IRQManager::set_sci_tei_link_event(int, int)
 .text._ZN10IRQManager22set_sci_eri_link_eventEii
                0x000056d0       0x38 .pio\build\uno_r4_wifi\libFrameworkArduino.a(IRQManager.cpp.o)
                0x000056d0                IRQManager::set_sci_eri_link_event(int, int)
 .text._ZN10IRQManager21set_spi_tx_link_eventEii
                0x00005708       0x20 .pio\build\uno_r4_wifi\libFrameworkArduino.a(IRQManager.cpp.o)
                0x00005708                IRQManager::set_spi_tx_link_event(int, int)
 .text._ZN10IRQManager21set_spi_rx_link_eventEii
                0x00005728       0x20 .pio\build\uno_r4_wifi\libFrameworkArduino.a(IRQManager.cpp.o)
                0x00005728                IRQManager::set_spi_rx_link_event(int, int)
 .text._ZN10IRQManager22set_spi_tei_link_eventEii
                0x00005748       0x20 .pio\build\uno_r4_wifi\libFrameworkArduino.a(IRQManager.cpp.o)
                0x00005748                IRQManager::set_spi_tei_link_event(int, int)
 .text._ZN10IRQManager22set_spi_eri_link_eventEii
                0x00005768       0x20 .pio\build\uno_r4_wifi\libFrameworkArduino.a(IRQManager.cpp.o)
                0x00005768                IRQManager::set_spi_eri_link_event(int, int)
 .text._ZN10IRQManager13addPeripheralE12Peripheral_tPv
                0x00005788      0x904 .pio\build\uno_r4_wifi\libFrameworkArduino.a(IRQManager.cpp.o)
                0x00005788                IRQManager::addPeripheral(Peripheral_t, void*)
 .text.dump_stack
                0x0000608c       0x7c .pio\build\uno_r4_wifi\libFrameworkArduino.a(cm_backtrace.c.o)
 .text.cm_backtrace_init
                0x00006108       0x74 .pio\build\uno_r4_wifi\libFrameworkArduino.a(cm_backtrace.c.o)
                0x00006108                cm_backtrace_init
 .text.cm_backtrace_firmware_info
                0x0000617c       0x2c .pio\build\uno_r4_wifi\libFrameworkArduino.a(cm_backtrace.c.o)
                0x0000617c                cm_backtrace_firmware_info
 .text.cm_backtrace_call_stack
                0x000061a8       0xe4 .pio\build\uno_r4_wifi\libFrameworkArduino.a(cm_backtrace.c.o)
                0x000061a8                cm_backtrace_call_stack
 .text.print_call_stack
                0x0000628c       0x94 .pio\build\uno_r4_wifi\libFrameworkArduino.a(cm_backtrace.c.o)
 .text.cm_backtrace_fault
                0x00006320      0x470 .pio\build\uno_r4_wifi\libFrameworkArduino.a(cm_backtrace.c.o)
                0x00006320                cm_backtrace_fault
 .text.Stacktrace_Handler
                0x00006790        0xa .pio\build\uno_r4_wifi\libFrameworkArduino.a(cortex_handlers.c.o)
                0x00006790                Stacktrace_Handler
 *fill*         0x0000679a        0x2 ff
 .text.r_spi_call_callback
                0x0000679c       0x40 C:\Users\amtsn\.platformio\packages\framework-arduinorenesas-uno\variants\UNOWIFIR4\libs\libfsp.a(r_spi.o)
 .text.spi_rxi_isr
                0x000067dc       0x9c C:\Users\amtsn\.platformio\packages\framework-arduinorenesas-uno\variants\UNOWIFIR4\libs\libfsp.a(r_spi.o)
                0x000067dc                spi_rxi_isr
 .text.spi_txi_isr
                0x00006878       0xd8 C:\Users\amtsn\.platformio\packages\framework-arduinorenesas-uno\variants\UNOWIFIR4\libs\libfsp.a(r_spi.o)
                0x00006878                spi_txi_isr
 .text.spi_tei_isr
                0x00006950       0xe0 C:\Users\amtsn\.platformio\packages\framework-arduinorenesas-uno\variants\UNOWIFIR4\libs\libfsp.a(r_spi.o)
                0x00006950                spi_tei_isr
 .text.spi_eri_isr
                0x00006a30       0xdc C:\Users\amtsn\.platformio\packages\framework-arduinorenesas-uno\variants\UNOWIFIR4\libs\libfsp.a(r_spi.o)
                0x00006a30                spi_eri_isr
 .text.R_SCI_UART_Write
                0x00006b0c       0xb0 C:\Users\amtsn\.platformio\packages\framework-arduinorenesas-uno\variants\UNOWIFIR4\libs\libfsp.a(r_sci_uart.o)
                0x00006b0c                R_SCI_UART_Write
 .text.R_SCI_UART_BaudSet
                0x00006bbc       0x44 C:\Users\amtsn\.platformio\packages\framework-arduinorenesas-uno\variants\UNOWIFIR4\libs\libfsp.a(r_sci_uart.o)
                0x00006bbc                R_SCI_UART_BaudSet
 .text.R_SCI_UART_Close
                0x00006c00       0xd8 C:\Users\amtsn\.platformio\packages\framework-arduinorenesas-uno\variants\UNOWIFIR4\libs\libfsp.a(r_sci_uart.o)
                0x00006c00                R_SCI_UART_Close
 .text.r_sci_uart_call_callback
                0x00006cd8       0x44 C:\Users\amtsn\.platformio\packages\framework-arduinorenesas-uno\variants\UNOWIFIR4\libs\libfsp.a(r_sci_uart.o)
 .text.r_sci_uart_transfer_configure.isra.0
                0x00006d1c       0x38 C:\Users\amtsn\.platformio\packages\framework-arduinorenesas-uno\variants\UNOWIFIR4\libs\libfsp.a(r_sci_uart.o)
 .text.R_SCI_UART_Open
                0x00006d54      0x448 C:\Users\amtsn\.platformio\packages\framework-arduinorenesas-uno\variants\UNOWIFIR4\libs\libfsp.a(r_sci_uart.o)
                0x00006d54                R_SCI_UART_Open
 .text.R_SCI_UART_BaudCalculate
                0x0000719c      0x184 C:\Users\amtsn\.platformio\packages\framework-arduinorenesas-uno\variants\UNOWIFIR4\libs\libfsp.a(r_sci_uart.o)
                0x0000719c                R_SCI_UART_BaudCalculate
 .text.sci_uart_txi_isr
                0x00007320       0xec C:\Users\amtsn\.platformio\packages\framework-arduinorenesas-uno\variants\UNOWIFIR4\libs\libfsp.a(r_sci_uart.o)
                0x00007320                sci_uart_txi_isr
 .text.sci_uart_rxi_isr
                0x0000740c      0x184 C:\Users\amtsn\.platformio\packages\framework-arduinorenesas-uno\variants\UNOWIFIR4\libs\libfsp.a(r_sci_uart.o)
                0x0000740c                sci_uart_rxi_isr
 .text.sci_uart_tei_isr
                0x00007590       0x40 C:\Users\amtsn\.platformio\packages\framework-arduinorenesas-uno\variants\UNOWIFIR4\libs\libfsp.a(r_sci_uart.o)
                0x00007590                sci_uart_tei_isr
 .text.sci_uart_eri_isr
                0x000075d0       0x78 C:\Users\amtsn\.platformio\packages\framework-arduinorenesas-uno\variants\UNOWIFIR4\libs\libfsp.a(r_sci_uart.o)
                0x000075d0                sci_uart_eri_isr
 .text.r_sci_spi_call_callback
                0x00007648       0x40 C:\Users\amtsn\.platformio\packages\framework-arduinorenesas-uno\variants\UNOWIFIR4\libs\libfsp.a(r_sci_spi.o)
 .text.sci_spi_txi_isr
                0x00007688       0x68 C:\Users\amtsn\.platformio\packages\framework-arduinorenesas-uno\variants\UNOWIFIR4\libs\libfsp.a(r_sci_spi.o)
                0x00007688                sci_spi_txi_isr
 .text.sci_spi_rxi_isr
                0x000076f0       0x74 C:\Users\amtsn\.platformio\packages\framework-arduinorenesas-uno\variants\UNOWIFIR4\libs\libfsp.a(r_sci_spi.o)
                0x000076f0                sci_spi_rxi_isr
 .text.sci_spi_tei_isr
                0x00007764       0x3c C:\Users\amtsn\.platformio\packages\framework-arduinorenesas-uno\variants\UNOWIFIR4\libs\libfsp.a(r_sci_spi.o)
                0x00007764                sci_spi_tei_isr
 .text.sci_spi_eri_isr
                0x000077a0       0x44 C:\Users\amtsn\.platformio\packages\framework-arduinorenesas-uno\variants\UNOWIFIR4\libs\libfsp.a(r_sci_spi.o)
                0x000077a0                sci_spi_eri_isr
 .text.sci_i2c_enable_transfer_support_tx
                0x000077e4       0x34 C:\Users\amtsn\.platformio\packages\framework-arduinorenesas-uno\variants\UNOWIFIR4\libs\libfsp.a(r_sci_i2c.o)
 .text.sci_i2c_notify
                0x00007818       0x64 C:\Users\amtsn\.platformio\packages\framework-arduinorenesas-uno\variants\UNOWIFIR4\libs\libfsp.a(r_sci_i2c.o)
                0x00007818                sci_i2c_notify
 .text.sci_i2c_rxi_isr
                0x0000787c       0x20 C:\Users\amtsn\.platformio\packages\framework-arduinorenesas-uno\variants\UNOWIFIR4\libs\libfsp.a(r_sci_i2c.o)
                0x0000787c                sci_i2c_rxi_isr
 .text.sci_i2c_txi_isr
                0x0000789c      0x198 C:\Users\amtsn\.platformio\packages\framework-arduinorenesas-uno\variants\UNOWIFIR4\libs\libfsp.a(r_sci_i2c.o)
                0x0000789c                sci_i2c_txi_isr
 .text.sci_i2c_tei_isr
                0x00007a34       0xf0 C:\Users\amtsn\.platformio\packages\framework-arduinorenesas-uno\variants\UNOWIFIR4\libs\libfsp.a(r_sci_i2c.o)
                0x00007a34                sci_i2c_tei_isr
 .text.rtc_alarm_periodic_isr
                0x00007b24       0x68 C:\Users\amtsn\.platformio\packages\framework-arduinorenesas-uno\variants\UNOWIFIR4\libs\libfsp.a(r_rtc.o)
                0x00007b24                rtc_alarm_periodic_isr
 .text.rtc_carry_isr
                0x00007b8c       0x2c C:\Users\amtsn\.platformio\packages\framework-arduinorenesas-uno\variants\UNOWIFIR4\libs\libfsp.a(r_rtc.o)
                0x00007b8c                rtc_carry_isr
 .text.R_IOPORT_PinRead
                0x00007bb8       0x1c C:\Users\amtsn\.platformio\packages\framework-arduinorenesas-uno\variants\UNOWIFIR4\libs\libfsp.a(r_ioport.o)
                0x00007bb8                R_IOPORT_PinRead
 .text.R_IOPORT_PinWrite
                0x00007bd4       0x20 C:\Users\amtsn\.platformio\packages\framework-arduinorenesas-uno\variants\UNOWIFIR4\libs\libfsp.a(r_ioport.o)
                0x00007bd4                R_IOPORT_PinWrite
 .text.bsp_vbatt_init
                0x00007bf4       0xac C:\Users\amtsn\.platformio\packages\framework-arduinorenesas-uno\variants\UNOWIFIR4\libs\libfsp.a(r_ioport.o)
 .text.R_IOPORT_PinCfg
                0x00007ca0       0xa8 C:\Users\amtsn\.platformio\packages\framework-arduinorenesas-uno\variants\UNOWIFIR4\libs\libfsp.a(r_ioport.o)
                0x00007ca0                R_IOPORT_PinCfg
 .text.r_iic_slave_call_callback
                0x00007d48       0x3c C:\Users\amtsn\.platformio\packages\framework-arduinorenesas-uno\variants\UNOWIFIR4\libs\libfsp.a(r_iic_slave.o)
 .text.iic_slave_initiate_transaction
                0x00007d84       0x74 C:\Users\amtsn\.platformio\packages\framework-arduinorenesas-uno\variants\UNOWIFIR4\libs\libfsp.a(r_iic_slave.o)
 .text.iic_slave_rxi_isr
                0x00007df8      0x12c C:\Users\amtsn\.platformio\packages\framework-arduinorenesas-uno\variants\UNOWIFIR4\libs\libfsp.a(r_iic_slave.o)
                0x00007df8                iic_slave_rxi_isr
 .text.iic_slave_txi_isr
                0x00007f24       0xa8 C:\Users\amtsn\.platformio\packages\framework-arduinorenesas-uno\variants\UNOWIFIR4\libs\libfsp.a(r_iic_slave.o)
                0x00007f24                iic_slave_txi_isr
 .text.iic_slave_tei_isr
                0x00007fcc       0x94 C:\Users\amtsn\.platformio\packages\framework-arduinorenesas-uno\variants\UNOWIFIR4\libs\libfsp.a(r_iic_slave.o)
                0x00007fcc                iic_slave_tei_isr
 .text.iic_slave_eri_isr
                0x00008060      0x10c C:\Users\amtsn\.platformio\packages\framework-arduinorenesas-uno\variants\UNOWIFIR4\libs\libfsp.a(r_iic_slave.o)
                0x00008060                iic_slave_eri_isr
 .text.iic_master_notify
                0x0000816c       0x3c C:\Users\amtsn\.platformio\packages\framework-arduinorenesas-uno\variants\UNOWIFIR4\libs\libfsp.a(r_iic_master.o)
 .text.iic_master_open_hw_master
                0x000081a8      0x184 C:\Users\amtsn\.platformio\packages\framework-arduinorenesas-uno\variants\UNOWIFIR4\libs\libfsp.a(r_iic_master.o)
 .text.iic_master_rxi_isr
                0x0000832c      0x13c C:\Users\amtsn\.platformio\packages\framework-arduinorenesas-uno\variants\UNOWIFIR4\libs\libfsp.a(r_iic_master.o)
                0x0000832c                iic_master_rxi_isr
 .text.iic_master_txi_isr
                0x00008468       0xec C:\Users\amtsn\.platformio\packages\framework-arduinorenesas-uno\variants\UNOWIFIR4\libs\libfsp.a(r_iic_master.o)
                0x00008468                iic_master_txi_isr
 .text.iic_master_tei_isr
                0x00008554       0xc4 C:\Users\amtsn\.platformio\packages\framework-arduinorenesas-uno\variants\UNOWIFIR4\libs\libfsp.a(r_iic_master.o)
                0x00008554                iic_master_tei_isr
 .text.iic_master_eri_isr
                0x00008618      0x140 C:\Users\amtsn\.platformio\packages\framework-arduinorenesas-uno\variants\UNOWIFIR4\libs\libfsp.a(r_iic_master.o)
                0x00008618                iic_master_eri_isr
 .text.r_icu_isr
                0x00008758       0x6c C:\Users\amtsn\.platformio\packages\framework-arduinorenesas-uno\variants\UNOWIFIR4\libs\libfsp.a(r_icu.o)
                0x00008758                r_icu_isr
 .text.R_GPT_Start
                0x000087c4        0xc C:\Users\amtsn\.platformio\packages\framework-arduinorenesas-uno\variants\UNOWIFIR4\libs\libfsp.a(r_gpt.o)
                0x000087c4                R_GPT_Start
 .text.R_GPT_Enable
                0x000087d0       0x30 C:\Users\amtsn\.platformio\packages\framework-arduinorenesas-uno\variants\UNOWIFIR4\libs\libfsp.a(r_gpt.o)
                0x000087d0                R_GPT_Enable
 .text.r_gpt_enable_irq
                0x00008800       0x5c C:\Users\amtsn\.platformio\packages\framework-arduinorenesas-uno\variants\UNOWIFIR4\libs\libfsp.a(r_gpt.o)
 .text.r_gpt_call_callback
                0x0000885c       0x3c C:\Users\amtsn\.platformio\packages\framework-arduinorenesas-uno\variants\UNOWIFIR4\libs\libfsp.a(r_gpt.o)
 .text.gpt_calculate_duty_cycle.isra.0
                0x00008898       0x78 C:\Users\amtsn\.platformio\packages\framework-arduinorenesas-uno\variants\UNOWIFIR4\libs\libfsp.a(r_gpt.o)
 .text.R_GPT_Open
                0x00008910      0x264 C:\Users\amtsn\.platformio\packages\framework-arduinorenesas-uno\variants\UNOWIFIR4\libs\libfsp.a(r_gpt.o)
                0x00008910                R_GPT_Open
 .text.R_GPT_Close
                0x00008b74       0xd4 C:\Users\amtsn\.platformio\packages\framework-arduinorenesas-uno\variants\UNOWIFIR4\libs\libfsp.a(r_gpt.o)
                0x00008b74                R_GPT_Close
 .text.gpt_counter_overflow_isr
                0x00008c48       0x78 C:\Users\amtsn\.platformio\packages\framework-arduinorenesas-uno\variants\UNOWIFIR4\libs\libfsp.a(r_gpt.o)
                0x00008c48                gpt_counter_overflow_isr
 .text.R_DAC_Open
                0x00008cc0       0x88 C:\Users\amtsn\.platformio\packages\framework-arduinorenesas-uno\variants\UNOWIFIR4\libs\libfsp.a(r_dac.o)
                0x00008cc0                R_DAC_Open
 .text.R_DAC_Write
                0x00008d48        0xc C:\Users\amtsn\.platformio\packages\framework-arduinorenesas-uno\variants\UNOWIFIR4\libs\libfsp.a(r_dac.o)
                0x00008d48                R_DAC_Write
 .text.R_DAC_Start
                0x00008d54       0x30 C:\Users\amtsn\.platformio\packages\framework-arduinorenesas-uno\variants\UNOWIFIR4\libs\libfsp.a(r_dac.o)
                0x00008d54                R_DAC_Start
 .text.R_DAC_Stop
                0x00008d84       0x34 C:\Users\amtsn\.platformio\packages\framework-arduinorenesas-uno\variants\UNOWIFIR4\libs\libfsp.a(r_dac.o)
                0x00008d84                R_DAC_Stop
 .text.R_DAC_Close
                0x00008db8       0x40 C:\Users\amtsn\.platformio\packages\framework-arduinorenesas-uno\variants\UNOWIFIR4\libs\libfsp.a(r_dac.o)
                0x00008db8                R_DAC_Close
 .text.r_can_call_callback
                0x00008df8       0x68 C:\Users\amtsn\.platformio\packages\framework-arduinorenesas-uno\variants\UNOWIFIR4\libs\libfsp.a(r_can.o)
 .text.can_error_isr
                0x00008e60       0xd4 C:\Users\amtsn\.platformio\packages\framework-arduinorenesas-uno\variants\UNOWIFIR4\libs\libfsp.a(r_can.o)
                0x00008e60                can_error_isr
 .text.can_rx_isr
                0x00008f34      0x118 C:\Users\amtsn\.platformio\packages\framework-arduinorenesas-uno\variants\UNOWIFIR4\libs\libfsp.a(r_can.o)
                0x00008f34                can_rx_isr
 .text.can_tx_isr
                0x0000904c       0xa0 C:\Users\amtsn\.platformio\packages\framework-arduinorenesas-uno\variants\UNOWIFIR4\libs\libfsp.a(r_can.o)
                0x0000904c                can_tx_isr
 .text.R_AGT_Start
                0x000090ec       0x38 C:\Users\amtsn\.platformio\packages\framework-arduinorenesas-uno\variants\UNOWIFIR4\libs\libfsp.a(r_agt.o)
                0x000090ec                R_AGT_Start
 .text.R_AGT_Enable
                0x00009124       0x14 C:\Users\amtsn\.platformio\packages\framework-arduinorenesas-uno\variants\UNOWIFIR4\libs\libfsp.a(r_agt.o)
                0x00009124                R_AGT_Enable
 .text.R_AGT_Close
                0x00009138       0x84 C:\Users\amtsn\.platformio\packages\framework-arduinorenesas-uno\variants\UNOWIFIR4\libs\libfsp.a(r_agt.o)
                0x00009138                R_AGT_Close
 .text.R_AGT_Open
                0x000091bc      0x118 C:\Users\amtsn\.platformio\packages\framework-arduinorenesas-uno\variants\UNOWIFIR4\libs\libfsp.a(r_agt.o)
                0x000091bc                R_AGT_Open
 .text.agt_int_isr
                0x000092d4       0x88 C:\Users\amtsn\.platformio\packages\framework-arduinorenesas-uno\variants\UNOWIFIR4\libs\libfsp.a(r_agt.o)
                0x000092d4                agt_int_isr
 .text.R_ADC_ScanStart
                0x0000935c        0xc C:\Users\amtsn\.platformio\packages\framework-arduinorenesas-uno\variants\UNOWIFIR4\libs\libfsp.a(r_adc.o)
                0x0000935c                R_ADC_ScanStart
 .text.R_ADC_StatusGet
                0x00009368       0x10 C:\Users\amtsn\.platformio\packages\framework-arduinorenesas-uno\variants\UNOWIFIR4\libs\libfsp.a(r_adc.o)
                0x00009368                R_ADC_StatusGet
 .text.R_ADC_Read
                0x00009378       0x10 C:\Users\amtsn\.platformio\packages\framework-arduinorenesas-uno\variants\UNOWIFIR4\libs\libfsp.a(r_adc.o)
                0x00009378                R_ADC_Read
 .text.R_ADC_ScanCfg
                0x00009388      0x1a0 C:\Users\amtsn\.platformio\packages\framework-arduinorenesas-uno\variants\UNOWIFIR4\libs\libfsp.a(r_adc.o)
                0x00009388                R_ADC_ScanCfg
 .text.R_ADC_Open
                0x00009528      0x240 C:\Users\amtsn\.platformio\packages\framework-arduinorenesas-uno\variants\UNOWIFIR4\libs\libfsp.a(r_adc.o)
                0x00009528                R_ADC_Open
 .text.R_ADC_Close
                0x00009768       0xfc C:\Users\amtsn\.platformio\packages\framework-arduinorenesas-uno\variants\UNOWIFIR4\libs\libfsp.a(r_adc.o)
                0x00009768                R_ADC_Close
 .text.bsp_prv_software_delay_loop
                0x00009864        0xc C:\Users\amtsn\.platformio\packages\framework-arduinorenesas-uno\variants\UNOWIFIR4\libs\libfsp.a(bsp_delay.o)
                0x00009864                bsp_prv_software_delay_loop
 .text.R_BSP_SoftwareDelay
                0x00009870       0x5c C:\Users\amtsn\.platformio\packages\framework-arduinorenesas-uno\variants\UNOWIFIR4\libs\libfsp.a(bsp_delay.o)
                0x00009870                R_BSP_SoftwareDelay
 .text.bsp_irq_cfg
                0x000098cc       0x2c C:\Users\amtsn\.platformio\packages\framework-arduinorenesas-uno\variants\UNOWIFIR4\libs\libfsp.a(bsp_irq.o)
                0x000098cc                bsp_irq_cfg
 .text.R_BSP_RegisterProtectEnable
                0x000098f8       0x60 C:\Users\amtsn\.platformio\packages\framework-arduinorenesas-uno\variants\UNOWIFIR4\libs\libfsp.a(bsp_register_protection.o)
                0x000098f8                R_BSP_RegisterProtectEnable
 .text.R_BSP_RegisterProtectDisable
                0x00009958       0x54 C:\Users\amtsn\.platformio\packages\framework-arduinorenesas-uno\variants\UNOWIFIR4\libs\libfsp.a(bsp_register_protection.o)
                0x00009958                R_BSP_RegisterProtectDisable
 .text.Default_Handler
                0x000099ac        0x4 C:\Users\amtsn\.platformio\packages\framework-arduinorenesas-uno\variants\UNOWIFIR4\libs\libfsp.a(startup.o)
                0x000099ac                DebugMon_Handler
                0x000099ac                HardFault_Handler
                0x000099ac                SysTick_Handler
                0x000099ac                PendSV_Handler
                0x000099ac                UsageFault_Handler
                0x000099ac                SecureFault_Handler
                0x000099ac                Default_Handler
                0x000099ac                MemManage_Handler
                0x000099ac                SVC_Handler
                0x000099ac                BusFault_Handler
 .text.Reset_Handler
                0x000099b0        0xc C:\Users\amtsn\.platformio\packages\framework-arduinorenesas-uno\variants\UNOWIFIR4\libs\libfsp.a(startup.o)
                0x000099b0                Reset_Handler
 .text.R_BSP_WarmStart
                0x000099bc        0x4 C:\Users\amtsn\.platformio\packages\framework-arduinorenesas-uno\variants\UNOWIFIR4\libs\libfsp.a(system.o)
                0x000099bc                R_BSP_WarmStart
 .text.SystemInit
                0x000099c0      0x15c C:\Users\amtsn\.platformio\packages\framework-arduinorenesas-uno\variants\UNOWIFIR4\libs\libfsp.a(system.o)
                0x000099c0                SystemInit
 .text.SystemCoreClockUpdate
                0x00009b1c       0x28 C:\Users\amtsn\.platformio\packages\framework-arduinorenesas-uno\variants\UNOWIFIR4\libs\libfsp.a(bsp_clocks.o)
                0x00009b1c                SystemCoreClockUpdate
 .text.bsp_clock_init
                0x00009b44      0x12c C:\Users\amtsn\.platformio\packages\framework-arduinorenesas-uno\variants\UNOWIFIR4\libs\libfsp.a(bsp_clocks.o)
                0x00009b44                bsp_clock_init
 .text.bsp_init_internal
                0x00009c70        0x4 C:\Users\amtsn\.platformio\packages\framework-arduinorenesas-uno\variants\UNOWIFIR4\libs\libfsp.a(bsp_common.o)
                0x00009c70                bsp_init_internal
                0x00009c70                bsp_init
 .text.NMI_Handler
                0x00009c74       0x38 C:\Users\amtsn\.platformio\packages\framework-arduinorenesas-uno\variants\UNOWIFIR4\libs\libfsp.a(bsp_group_irq.o)
                0x00009c74                NMI_Handler
 .text._Znwj    0x00009cac       0x22 c:/users/amtsn/.platformio/packages/toolchain-gccarmnoneeabi/bin/../lib/gcc/arm-none-eabi/7.2.1/../../../../arm-none-eabi/lib/thumb/v7e-m/fpv4-sp/hard\libstdc++_nano.a(new_op.o)
                0x00009cac                operator new(unsigned int)
 .text.__cxa_guard_acquire
                0x00009cce       0x18 c:/users/amtsn/.platformio/packages/toolchain-gccarmnoneeabi/bin/../lib/gcc/arm-none-eabi/7.2.1/../../../../arm-none-eabi/lib/thumb/v7e-m/fpv4-sp/hard\libstdc++_nano.a(guard.o)
                0x00009cce                __cxa_guard_acquire
 .text.__cxa_guard_release
                0x00009ce6        0x6 c:/users/amtsn/.platformio/packages/toolchain-gccarmnoneeabi/bin/../lib/gcc/arm-none-eabi/7.2.1/../../../../arm-none-eabi/lib/thumb/v7e-m/fpv4-sp/hard\libstdc++_nano.a(guard.o)
                0x00009ce6                __cxa_guard_release
 .text._ZL12read_uleb128PKhPm
                0x00009cec       0x22 c:/users/amtsn/.platformio/packages/toolchain-gccarmnoneeabi/bin/../lib/gcc/arm-none-eabi/7.2.1/../../../../arm-none-eabi/lib/thumb/v7e-m/fpv4-sp/hard\libstdc++_nano.a(eh_personality.o)
 .text._ZL12read_sleb128PKhPl
                0x00009d0e       0x30 c:/users/amtsn/.platformio/packages/toolchain-gccarmnoneeabi/bin/../lib/gcc/arm-none-eabi/7.2.1/../../../../arm-none-eabi/lib/thumb/v7e-m/fpv4-sp/hard\libstdc++_nano.a(eh_personality.o)
 .text._ZL28read_encoded_value_with_basehjPKhPj
                0x00009d3e       0x88 c:/users/amtsn/.platformio/packages/toolchain-gccarmnoneeabi/bin/../lib/gcc/arm-none-eabi/7.2.1/../../../../arm-none-eabi/lib/thumb/v7e-m/fpv4-sp/hard\libstdc++_nano.a(eh_personality.o)
 .text._Unwind_GetGR
                0x00009dc6       0x18 c:/users/amtsn/.platformio/packages/toolchain-gccarmnoneeabi/bin/../lib/gcc/arm-none-eabi/7.2.1/../../../../arm-none-eabi/lib/thumb/v7e-m/fpv4-sp/hard\libstdc++_nano.a(eh_personality.o)
 .text._ZL21base_of_encoded_valuehP15_Unwind_Context.part.3
                0x00009dde       0x44 c:/users/amtsn/.platformio/packages/toolchain-gccarmnoneeabi/bin/../lib/gcc/arm-none-eabi/7.2.1/../../../../arm-none-eabi/lib/thumb/v7e-m/fpv4-sp/hard\libstdc++_nano.a(eh_personality.o)
 .text._ZL18read_encoded_valueP15_Unwind_ContexthPKhPj
                0x00009e22       0x28 c:/users/amtsn/.platformio/packages/toolchain-gccarmnoneeabi/bin/../lib/gcc/arm-none-eabi/7.2.1/../../../../arm-none-eabi/lib/thumb/v7e-m/fpv4-sp/hard\libstdc++_nano.a(eh_personality.o)
 .text._ZL17parse_lsda_headerP15_Unwind_ContextPKhP16lsda_header_info
                0x00009e4a       0x5e c:/users/amtsn/.platformio/packages/toolchain-gccarmnoneeabi/bin/../lib/gcc/arm-none-eabi/7.2.1/../../../../arm-none-eabi/lib/thumb/v7e-m/fpv4-sp/hard\libstdc++_nano.a(eh_personality.o)
 .text.__gxx_personality_v0
                0x00009ea8      0x380 c:/users/amtsn/.platformio/packages/toolchain-gccarmnoneeabi/bin/../lib/gcc/arm-none-eabi/7.2.1/../../../../arm-none-eabi/lib/thumb/v7e-m/fpv4-sp/hard\libstdc++_nano.a(eh_personality.o)
                0x00009ea8                __gxx_personality_v0
 .text._ZN10__cxxabiv1L24__is_gxx_exception_classEPc
                0x0000a228       0x3a c:/users/amtsn/.platformio/packages/toolchain-gccarmnoneeabi/bin/../lib/gcc/arm-none-eabi/7.2.1/../../../../arm-none-eabi/lib/thumb/v7e-m/fpv4-sp/hard\libstdc++_nano.a(eh_call.o)
 .text.__cxa_call_terminate
                0x0000a262       0x1e c:/users/amtsn/.platformio/packages/toolchain-gccarmnoneeabi/bin/../lib/gcc/arm-none-eabi/7.2.1/../../../../arm-none-eabi/lib/thumb/v7e-m/fpv4-sp/hard\libstdc++_nano.a(eh_call.o)
                0x0000a262                __cxa_call_terminate
 .text.__cxa_call_unexpected
                0x0000a280       0x28 c:/users/amtsn/.platformio/packages/toolchain-gccarmnoneeabi/bin/../lib/gcc/arm-none-eabi/7.2.1/../../../../arm-none-eabi/lib/thumb/v7e-m/fpv4-sp/hard\libstdc++_nano.a(eh_call.o)
                0x0000a280                __cxa_call_unexpected
 .text._ZSt15get_new_handlerv
                0x0000a2a8       0x10 c:/users/amtsn/.platformio/packages/toolchain-gccarmnoneeabi/bin/../lib/gcc/arm-none-eabi/7.2.1/../../../../arm-none-eabi/lib/thumb/v7e-m/fpv4-sp/hard\libstdc++_nano.a(new_handler.o)
                0x0000a2a8                std::get_new_handler()
 .text._ZN10__cxxabiv1L24__is_gxx_exception_classEPc
                0x0000a2b8       0x3a c:/users/amtsn/.platformio/packages/toolchain-gccarmnoneeabi/bin/../lib/gcc/arm-none-eabi/7.2.1/../../../../arm-none-eabi/lib/thumb/v7e-m/fpv4-sp/hard\libstdc++_nano.a(eh_catch.o)
 .text.__cxa_begin_catch
                0x0000a2f2       0x54 c:/users/amtsn/.platformio/packages/toolchain-gccarmnoneeabi/bin/../lib/gcc/arm-none-eabi/7.2.1/../../../../arm-none-eabi/lib/thumb/v7e-m/fpv4-sp/hard\libstdc++_nano.a(eh_catch.o)
                0x0000a2f2                __cxa_begin_catch
 .text.__cxa_end_catch
                0x0000a346       0x48 c:/users/amtsn/.platformio/packages/toolchain-gccarmnoneeabi/bin/../lib/gcc/arm-none-eabi/7.2.1/../../../../arm-none-eabi/lib/thumb/v7e-m/fpv4-sp/hard\libstdc++_nano.a(eh_catch.o)
                0x0000a346                __cxa_end_catch
 *fill*         0x0000a38e        0x2 ff
 .text.__cxa_get_globals_fast
                0x0000a390        0x8 c:/users/amtsn/.platformio/packages/toolchain-gccarmnoneeabi/bin/../lib/gcc/arm-none-eabi/7.2.1/../../../../arm-none-eabi/lib/thumb/v7e-m/fpv4-sp/hard\libstdc++_nano.a(eh_globals.o)
                0x0000a390                __cxa_get_globals_fast
 .text.__cxa_get_globals
                0x0000a398        0x8 c:/users/amtsn/.platformio/packages/toolchain-gccarmnoneeabi/bin/../lib/gcc/arm-none-eabi/7.2.1/../../../../arm-none-eabi/lib/thumb/v7e-m/fpv4-sp/hard\libstdc++_nano.a(eh_globals.o)
                0x0000a398                __cxa_get_globals
 .text._ZN10__cxxabiv111__terminateEPFvvE
                0x0000a3a0        0x8 c:/users/amtsn/.platformio/packages/toolchain-gccarmnoneeabi/bin/../lib/gcc/arm-none-eabi/7.2.1/../../../../arm-none-eabi/lib/thumb/v7e-m/fpv4-sp/hard\libstdc++_nano.a(eh_terminate.o)
                0x0000a3a0                __cxxabiv1::__terminate(void (*)())
 .text._ZSt13get_terminatev
                0x0000a3a8       0x10 c:/users/amtsn/.platformio/packages/toolchain-gccarmnoneeabi/bin/../lib/gcc/arm-none-eabi/7.2.1/../../../../arm-none-eabi/lib/thumb/v7e-m/fpv4-sp/hard\libstdc++_nano.a(eh_terminate.o)
                0x0000a3a8                std::get_terminate()
 .text._ZSt9terminatev
                0x0000a3b8        0xa c:/users/amtsn/.platformio/packages/toolchain-gccarmnoneeabi/bin/../lib/gcc/arm-none-eabi/7.2.1/../../../../arm-none-eabi/lib/thumb/v7e-m/fpv4-sp/hard\libstdc++_nano.a(eh_terminate.o)
                0x0000a3b8                std::terminate()
 .text._ZN10__cxxabiv112__unexpectedEPFvvE
                0x0000a3c2        0x8 c:/users/amtsn/.platformio/packages/toolchain-gccarmnoneeabi/bin/../lib/gcc/arm-none-eabi/7.2.1/../../../../arm-none-eabi/lib/thumb/v7e-m/fpv4-sp/hard\libstdc++_nano.a(eh_terminate.o)
                0x0000a3c2                __cxxabiv1::__unexpected(void (*)())
 *fill*         0x0000a3ca        0x2 ff
 .text._ZSt14get_unexpectedv
                0x0000a3cc       0x10 c:/users/amtsn/.platformio/packages/toolchain-gccarmnoneeabi/bin/../lib/gcc/arm-none-eabi/7.2.1/../../../../arm-none-eabi/lib/thumb/v7e-m/fpv4-sp/hard\libstdc++_nano.a(eh_terminate.o)
                0x0000a3cc                std::get_unexpected()
 .text._ZSt10unexpectedv
                0x0000a3dc        0xa c:/users/amtsn/.platformio/packages/toolchain-gccarmnoneeabi/bin/../lib/gcc/arm-none-eabi/7.2.1/../../../../arm-none-eabi/lib/thumb/v7e-m/fpv4-sp/hard\libstdc++_nano.a(eh_terminate.o)
                0x0000a3dc                std::unexpected()
 .text.__cxa_end_cleanup
                0x0000a3e6        0xc c:/users/amtsn/.platformio/packages/toolchain-gccarmnoneeabi/bin/../lib/gcc/arm-none-eabi/7.2.1/../../../../arm-none-eabi/lib/thumb/v7e-m/fpv4-sp/hard\libstdc++_nano.a(eh_arm.o)
                0x0000a3e6                __cxa_end_cleanup
 .text._ZN10__cxxabiv1L24__is_gxx_exception_classEPc
                0x0000a3f2       0x3a c:/users/amtsn/.platformio/packages/toolchain-gccarmnoneeabi/bin/../lib/gcc/arm-none-eabi/7.2.1/../../../../arm-none-eabi/lib/thumb/v7e-m/fpv4-sp/hard\libstdc++_nano.a(eh_arm.o)
 .text.__cxa_type_match
                0x0000a42c       0xbc c:/users/amtsn/.platformio/packages/toolchain-gccarmnoneeabi/bin/../lib/gcc/arm-none-eabi/7.2.1/../../../../arm-none-eabi/lib/thumb/v7e-m/fpv4-sp/hard\libstdc++_nano.a(eh_arm.o)
                0x0000a42c                __cxa_type_match
 .text.__cxa_begin_cleanup
                0x0000a4e8       0x3a c:/users/amtsn/.platformio/packages/toolchain-gccarmnoneeabi/bin/../lib/gcc/arm-none-eabi/7.2.1/../../../../arm-none-eabi/lib/thumb/v7e-m/fpv4-sp/hard\libstdc++_nano.a(eh_arm.o)
                0x0000a4e8                __cxa_begin_cleanup
 .text.__gnu_end_cleanup
                0x0000a522       0x32 c:/users/amtsn/.platformio/packages/toolchain-gccarmnoneeabi/bin/../lib/gcc/arm-none-eabi/7.2.1/../../../../arm-none-eabi/lib/thumb/v7e-m/fpv4-sp/hard\libstdc++_nano.a(eh_arm.o)
                0x0000a522                __gnu_end_cleanup
 .text._ZdlPvj  0x0000a554        0x4 c:/users/amtsn/.platformio/packages/toolchain-gccarmnoneeabi/bin/../lib/gcc/arm-none-eabi/7.2.1/../../../../arm-none-eabi/lib/thumb/v7e-m/fpv4-sp/hard\libstdc++_nano.a(del_ops.o)
                0x0000a554                operator delete(void*, unsigned int)
 .text._ZdlPv   0x0000a558        0x4 c:/users/amtsn/.platformio/packages/toolchain-gccarmnoneeabi/bin/../lib/gcc/arm-none-eabi/7.2.1/../../../../arm-none-eabi/lib/thumb/v7e-m/fpv4-sp/hard\libstdc++_nano.a(del_op.o)
                0x0000a558                operator delete(void*)
 .text._ZN10__cxxabiv120__si_class_type_infoD2Ev
                0x0000a55c       0x14 c:/users/amtsn/.platformio/packages/toolchain-gccarmnoneeabi/bin/../lib/gcc/arm-none-eabi/7.2.1/../../../../arm-none-eabi/lib/thumb/v7e-m/fpv4-sp/hard\libstdc++_nano.a(si_class_type_info.o)
                0x0000a55c                __cxxabiv1::__si_class_type_info::~__si_class_type_info()
                0x0000a55c                __cxxabiv1::__si_class_type_info::~__si_class_type_info()
 .text._ZN10__cxxabiv120__si_class_type_infoD0Ev
                0x0000a570       0x14 c:/users/amtsn/.platformio/packages/toolchain-gccarmnoneeabi/bin/../lib/gcc/arm-none-eabi/7.2.1/../../../../arm-none-eabi/lib/thumb/v7e-m/fpv4-sp/hard\libstdc++_nano.a(si_class_type_info.o)
                0x0000a570                __cxxabiv1::__si_class_type_info::~__si_class_type_info()
 .text._ZNK10__cxxabiv120__si_class_type_info20__do_find_public_srcEiPKvPKNS_17__class_type_infoES2_
                0x0000a584       0x38 c:/users/amtsn/.platformio/packages/toolchain-gccarmnoneeabi/bin/../lib/gcc/arm-none-eabi/7.2.1/../../../../arm-none-eabi/lib/thumb/v7e-m/fpv4-sp/hard\libstdc++_nano.a(si_class_type_info.o)
                0x0000a584                __cxxabiv1::__si_class_type_info::__do_find_public_src(int, void const*, __cxxabiv1::__class_type_info const*, void const*) const
 .text._ZNK10__cxxabiv120__si_class_type_info12__do_dyncastEiNS_17__class_type_info10__sub_kindEPKS1_PKvS4_S6_RNS1_16__dyncast_resultE
                0x0000a5bc       0x74 c:/users/amtsn/.platformio/packages/toolchain-gccarmnoneeabi/bin/../lib/gcc/arm-none-eabi/7.2.1/../../../../arm-none-eabi/lib/thumb/v7e-m/fpv4-sp/hard\libstdc++_nano.a(si_class_type_info.o)
                0x0000a5bc                __cxxabiv1::__si_class_type_info::__do_dyncast(int, __cxxabiv1::__class_type_info::__sub_kind, __cxxabiv1::__class_type_info const*, void const*, __cxxabiv1::__class_type_info const*, void const*, __cxxabiv1::__class_type_info::__dyncast_result&) const
 .text._ZNK10__cxxabiv120__si_class_type_info11__do_upcastEPKNS_17__class_type_infoEPKvRNS1_15__upcast_resultE
                0x0000a630       0x2a c:/users/amtsn/.platformio/packages/toolchain-gccarmnoneeabi/bin/../lib/gcc/arm-none-eabi/7.2.1/../../../../arm-none-eabi/lib/thumb/v7e-m/fpv4-sp/hard\libstdc++_nano.a(si_class_type_info.o)
                0x0000a630                __cxxabiv1::__si_class_type_info::__do_upcast(__cxxabiv1::__class_type_info const*, void const*, __cxxabiv1::__class_type_info::__upcast_result&) const
 .text._ZNSt9type_infoD2Ev
                0x0000a65a        0x2 c:/users/amtsn/.platformio/packages/toolchain-gccarmnoneeabi/bin/../lib/gcc/arm-none-eabi/7.2.1/../../../../arm-none-eabi/lib/thumb/v7e-m/fpv4-sp/hard\libstdc++_nano.a(tinfo.o)
                0x0000a65a                std::type_info::~type_info()
                0x0000a65a                std::type_info::~type_info()
 .text._ZNKSt9type_info14__is_pointer_pEv
                0x0000a65c        0x4 c:/users/amtsn/.platformio/packages/toolchain-gccarmnoneeabi/bin/../lib/gcc/arm-none-eabi/7.2.1/../../../../arm-none-eabi/lib/thumb/v7e-m/fpv4-sp/hard\libstdc++_nano.a(tinfo.o)
                0x0000a65c                std::type_info::__is_pointer_p() const
                0x0000a65c                std::type_info::__is_function_p() const
 .text._ZNKSt9type_infoeqERKS_
                0x0000a660       0x2c c:/users/amtsn/.platformio/packages/toolchain-gccarmnoneeabi/bin/../lib/gcc/arm-none-eabi/7.2.1/../../../../arm-none-eabi/lib/thumb/v7e-m/fpv4-sp/hard\libstdc++_nano.a(tinfo.o)
                0x0000a660                std::type_info::operator==(std::type_info const&) const
 .text._ZNK10__cxxabiv117__class_type_info11__do_upcastEPKS0_PPv
                0x0000a68c       0x34 c:/users/amtsn/.platformio/packages/toolchain-gccarmnoneeabi/bin/../lib/gcc/arm-none-eabi/7.2.1/../../../../arm-none-eabi/lib/thumb/v7e-m/fpv4-sp/hard\libstdc++_nano.a(class_type_info.o)
                0x0000a68c                __cxxabiv1::__class_type_info::__do_upcast(__cxxabiv1::__class_type_info const*, void**) const
 .text._ZNK10__cxxabiv117__class_type_info20__do_find_public_srcEiPKvPKS0_S2_
                0x0000a6c0        0xc c:/users/amtsn/.platformio/packages/toolchain-gccarmnoneeabi/bin/../lib/gcc/arm-none-eabi/7.2.1/../../../../arm-none-eabi/lib/thumb/v7e-m/fpv4-sp/hard\libstdc++_nano.a(class_type_info.o)
                0x0000a6c0                __cxxabiv1::__class_type_info::__do_find_public_src(int, void const*, __cxxabiv1::__class_type_info const*, void const*) const
 .text._ZN10__cxxabiv117__class_type_infoD2Ev
                0x0000a6cc       0x14 c:/users/amtsn/.platformio/packages/toolchain-gccarmnoneeabi/bin/../lib/gcc/arm-none-eabi/7.2.1/../../../../arm-none-eabi/lib/thumb/v7e-m/fpv4-sp/hard\libstdc++_nano.a(class_type_info.o)
                0x0000a6cc                __cxxabiv1::__class_type_info::~__class_type_info()
                0x0000a6cc                __cxxabiv1::__class_type_info::~__class_type_info()
 .text._ZN10__cxxabiv117__class_type_infoD0Ev
                0x0000a6e0       0x14 c:/users/amtsn/.platformio/packages/toolchain-gccarmnoneeabi/bin/../lib/gcc/arm-none-eabi/7.2.1/../../../../arm-none-eabi/lib/thumb/v7e-m/fpv4-sp/hard\libstdc++_nano.a(class_type_info.o)
                0x0000a6e0                __cxxabiv1::__class_type_info::~__class_type_info()
 .text._ZNK10__cxxabiv117__class_type_info12__do_dyncastEiNS0_10__sub_kindEPKS0_PKvS3_S5_RNS0_16__dyncast_resultE
                0x0000a6f4       0x3a c:/users/amtsn/.platformio/packages/toolchain-gccarmnoneeabi/bin/../lib/gcc/arm-none-eabi/7.2.1/../../../../arm-none-eabi/lib/thumb/v7e-m/fpv4-sp/hard\libstdc++_nano.a(class_type_info.o)
                0x0000a6f4                __cxxabiv1::__class_type_info::__do_dyncast(int, __cxxabiv1::__class_type_info::__sub_kind, __cxxabiv1::__class_type_info const*, void const*, __cxxabiv1::__class_type_info const*, void const*, __cxxabiv1::__class_type_info::__dyncast_result&) const
 .text._ZNK10__cxxabiv117__class_type_info11__do_upcastEPKS0_PKvRNS0_15__upcast_resultE
                0x0000a72e       0x18 c:/users/amtsn/.platformio/packages/toolchain-gccarmnoneeabi/bin/../lib/gcc/arm-none-eabi/7.2.1/../../../../arm-none-eabi/lib/thumb/v7e-m/fpv4-sp/hard\libstdc++_nano.a(class_type_info.o)
                0x0000a72e                __cxxabiv1::__class_type_info::__do_upcast(__cxxabiv1::__class_type_info const*, void const*, __cxxabiv1::__class_type_info::__upcast_result&) const
 .text._ZNK10__cxxabiv117__class_type_info10__do_catchEPKSt9type_infoPPvj
                0x0000a746       0x2a c:/users/amtsn/.platformio/packages/toolchain-gccarmnoneeabi/bin/../lib/gcc/arm-none-eabi/7.2.1/../../../../arm-none-eabi/lib/thumb/v7e-m/fpv4-sp/hard\libstdc++_nano.a(class_type_info.o)
                0x0000a746                __cxxabiv1::__class_type_info::__do_catch(std::type_info const*, void**, unsigned int) const
 .text          0x0000a770      0x378 c:/users/amtsn/.platformio/packages/toolchain-gccarmnoneeabi/bin/../lib/gcc/arm-none-eabi/7.2.1/thumb/v7e-m/fpv4-sp/hard\libgcc.a(_arm_addsubdf3.o)
                0x0000a770                __aeabi_drsub
                0x0000a778                __aeabi_dsub
                0x0000a778                __subdf3
                0x0000a77c                __aeabi_dadd
                0x0000a77c                __adddf3
                0x0000a9f4                __floatunsidf
                0x0000a9f4                __aeabi_ui2d
                0x0000aa14                __floatsidf
                0x0000aa14                __aeabi_i2d
                0x0000aa38                __aeabi_f2d
                0x0000aa38                __extendsfdf2
                0x0000aa7c                __floatundidf
                0x0000aa7c                __aeabi_ul2d
                0x0000aa8c                __floatdidf
                0x0000aa8c                __aeabi_l2d
 .text          0x0000aae8      0x424 c:/users/amtsn/.platformio/packages/toolchain-gccarmnoneeabi/bin/../lib/gcc/arm-none-eabi/7.2.1/thumb/v7e-m/fpv4-sp/hard\libgcc.a(_arm_muldivdf3.o)
                0x0000aae8                __aeabi_dmul
                0x0000aae8                __muldf3
                0x0000ad3c                __divdf3
                0x0000ad3c                __aeabi_ddiv
 .text          0x0000af0c       0xa0 c:/users/amtsn/.platformio/packages/toolchain-gccarmnoneeabi/bin/../lib/gcc/arm-none-eabi/7.2.1/thumb/v7e-m/fpv4-sp/hard\libgcc.a(_arm_truncdfsf2.o)
                0x0000af0c                __truncdfsf2
                0x0000af0c                __aeabi_d2f
 .text          0x0000afac       0xa0 c:/users/amtsn/.platformio/packages/toolchain-gccarmnoneeabi/bin/../lib/gcc/arm-none-eabi/7.2.1/thumb/v7e-m/fpv4-sp/hard\libgcc.a(_aeabi_ldivmod.o)
                0x0000afac                __aeabi_ldivmod
 .text          0x0000b04c      0x2cc c:/users/amtsn/.platformio/packages/toolchain-gccarmnoneeabi/bin/../lib/gcc/arm-none-eabi/7.2.1/thumb/v7e-m/fpv4-sp/hard\libgcc.a(_udivmoddi4.o)
                0x0000b04c                __udivmoddi4
 .text          0x0000b318      0x9ec c:/users/amtsn/.platformio/packages/toolchain-gccarmnoneeabi/bin/../lib/gcc/arm-none-eabi/7.2.1/thumb/v7e-m/fpv4-sp/hard\libgcc.a(unwind-arm.o)
                0x0000b5cc                _Unwind_GetCFA
                0x0000b5d0                __gnu_Unwind_RaiseException
                0x0000b630                __gnu_Unwind_ForcedUnwind
                0x0000b644                __gnu_Unwind_Resume
                0x0000b688                __gnu_Unwind_Resume_or_Rethrow
                0x0000b698                _Unwind_Complete
                0x0000b69c                _Unwind_DeleteException
                0x0000b6a8                _Unwind_VRS_Get
                0x0000b6ec                _Unwind_VRS_Set
                0x0000b734                __gnu_Unwind_Backtrace
                0x0000ba78                __aeabi_unwind_cpp_pr0
                0x0000ba7c                __aeabi_unwind_cpp_pr1
                0x0000ba80                __aeabi_unwind_cpp_pr2
                0x0000ba84                _Unwind_VRS_Pop
 .text          0x0000bd04      0x1ac c:/users/amtsn/.platformio/packages/toolchain-gccarmnoneeabi/bin/../lib/gcc/arm-none-eabi/7.2.1/thumb/v7e-m/fpv4-sp/hard\libgcc.a(libunwind.o)
                0x0000bd04                __restore_core_regs
                0x0000bd04                restore_core_regs
                0x0000bd1c                __gnu_Unwind_Restore_VFP
                0x0000bd24                __gnu_Unwind_Save_VFP
                0x0000bd2c                __gnu_Unwind_Restore_VFP_D
                0x0000bd34                __gnu_Unwind_Save_VFP_D
                0x0000bd3c                __gnu_Unwind_Restore_VFP_D_16_to_31
                0x0000bd44                __gnu_Unwind_Save_VFP_D_16_to_31
                0x0000bd4c                __gnu_Unwind_Restore_WMMXD
                0x0000bd90                __gnu_Unwind_Save_WMMXD
                0x0000bdd4                __gnu_Unwind_Restore_WMMXC
                0x0000bde8                __gnu_Unwind_Save_WMMXC
                0x0000bdfc                ___Unwind_RaiseException
                0x0000bdfc                _Unwind_RaiseException
                0x0000be20                _Unwind_Resume
                0x0000be20                ___Unwind_Resume
                0x0000be44                _Unwind_Resume_or_Rethrow
                0x0000be44                ___Unwind_Resume_or_Rethrow
                0x0000be68                _Unwind_ForcedUnwind
                0x0000be68                ___Unwind_ForcedUnwind
                0x0000be8c                ___Unwind_Backtrace
                0x0000be8c                _Unwind_Backtrace
 .text          0x0000beb0      0x374 c:/users/amtsn/.platformio/packages/toolchain-gccarmnoneeabi/bin/../lib/gcc/arm-none-eabi/7.2.1/thumb/v7e-m/fpv4-sp/hard\libgcc.a(pr-support.o)
                0x0000bf08                __gnu_unwind_execute
                0x0000c1cc                __gnu_unwind_frame
                0x0000c1f4                _Unwind_GetRegionStart
                0x0000c200                _Unwind_GetLanguageSpecificData
                0x0000c214                _Unwind_GetDataRelBase
                0x0000c21c                _Unwind_GetTextRelBase
 .text          0x0000c224        0x4 c:/users/amtsn/.platformio/packages/toolchain-gccarmnoneeabi/bin/../lib/gcc/arm-none-eabi/7.2.1/thumb/v7e-m/fpv4-sp/hard\libgcc.a(_dvmd_tls.o)
                0x0000c224                __aeabi_idiv0
                0x0000c224                __aeabi_ldiv0
 .text.PINCOUNT_fn
                0x0000c228        0x4 .pio\build\uno_r4_wifi\libFrameworkArduinoVariant.a(variant.cpp.o)
                0x0000c228                PINCOUNT_fn
 .text._Z17__maybe_start_usbv
                0x0000c22c        0x2 .pio\build\uno_r4_wifi\libFrameworkArduinoVariant.a(variant.cpp.o)
                0x0000c22c                __maybe_start_usb()
 *fill*         0x0000c22e        0x2 ff
 .text.initVariant
                0x0000c230       0x9c .pio\build\uno_r4_wifi\libFrameworkArduinoVariant.a(variant.cpp.o)
                0x0000c230                initVariant
 .text.abort    0x0000c2cc        0xe c:/users/amtsn/.platformio/packages/toolchain-gccarmnoneeabi/bin/../lib/gcc/arm-none-eabi/7.2.1/../../../../arm-none-eabi/lib/thumb/v7e-m/fpv4-sp/hard\libc_nano.a(lib_a-abort.o)
                0x0000c2cc                abort
 *fill*         0x0000c2da        0x2 ff
 .text.malloc   0x0000c2dc       0x10 c:/users/amtsn/.platformio/packages/toolchain-gccarmnoneeabi/bin/../lib/gcc/arm-none-eabi/7.2.1/../../../../arm-none-eabi/lib/thumb/v7e-m/fpv4-sp/hard\libc_nano.a(lib_a-malloc.o)
                0x0000c2dc                malloc
 .text.free     0x0000c2ec       0x10 c:/users/amtsn/.platformio/packages/toolchain-gccarmnoneeabi/bin/../lib/gcc/arm-none-eabi/7.2.1/../../../../arm-none-eabi/lib/thumb/v7e-m/fpv4-sp/hard\libc_nano.a(lib_a-malloc.o)
                0x0000c2ec                free
 .text.memcpy   0x0000c2fc       0x16 c:/users/amtsn/.platformio/packages/toolchain-gccarmnoneeabi/bin/../lib/gcc/arm-none-eabi/7.2.1/../../../../arm-none-eabi/lib/thumb/v7e-m/fpv4-sp/hard\libc_nano.a(lib_a-memcpy-stub.o)
                0x0000c2fc                memcpy
 .text.memset   0x0000c312       0x10 c:/users/amtsn/.platformio/packages/toolchain-gccarmnoneeabi/bin/../lib/gcc/arm-none-eabi/7.2.1/../../../../arm-none-eabi/lib/thumb/v7e-m/fpv4-sp/hard\libc_nano.a(lib_a-memset.o)
                0x0000c312                memset
 *fill*         0x0000c322        0x2 ff
 .text._free_r  0x0000c324       0x9c c:/users/amtsn/.platformio/packages/toolchain-gccarmnoneeabi/bin/../lib/gcc/arm-none-eabi/7.2.1/../../../../arm-none-eabi/lib/thumb/v7e-m/fpv4-sp/hard\libc_nano.a(lib_a-nano-freer.o)
                0x0000c324                _free_r
 .text._malloc_r
                0x0000c3c0       0xb4 c:/users/amtsn/.platformio/packages/toolchain-gccarmnoneeabi/bin/../lib/gcc/arm-none-eabi/7.2.1/../../../../arm-none-eabi/lib/thumb/v7e-m/fpv4-sp/hard\libc_nano.a(lib_a-nano-mallocr.o)
                0x0000c3c0                _malloc_r
 .text.printf   0x0000c474       0x30 c:/users/amtsn/.platformio/packages/toolchain-gccarmnoneeabi/bin/../lib/gcc/arm-none-eabi/7.2.1/../../../../arm-none-eabi/lib/thumb/v7e-m/fpv4-sp/hard\libc_nano.a(lib_a-printf.o)
                0x0000c474                iprintf
                0x0000c474                printf
 .text._sbrk_r  0x0000c4a4       0x20 c:/users/amtsn/.platformio/packages/toolchain-gccarmnoneeabi/bin/../lib/gcc/arm-none-eabi/7.2.1/../../../../arm-none-eabi/lib/thumb/v7e-m/fpv4-sp/hard\libc_nano.a(lib_a-sbrkr.o)
                0x0000c4a4                _sbrk_r
 .text._raise_r
                0x0000c4c4       0x50 c:/users/amtsn/.platformio/packages/toolchain-gccarmnoneeabi/bin/../lib/gcc/arm-none-eabi/7.2.1/../../../../arm-none-eabi/lib/thumb/v7e-m/fpv4-sp/hard\libc_nano.a(lib_a-signal.o)
                0x0000c4c4                _raise_r
 .text.raise    0x0000c514       0x10 c:/users/amtsn/.platformio/packages/toolchain-gccarmnoneeabi/bin/../lib/gcc/arm-none-eabi/7.2.1/../../../../arm-none-eabi/lib/thumb/v7e-m/fpv4-sp/hard\libc_nano.a(lib_a-signal.o)
                0x0000c514                raise
 .text._kill_r  0x0000c524       0x24 c:/users/amtsn/.platformio/packages/toolchain-gccarmnoneeabi/bin/../lib/gcc/arm-none-eabi/7.2.1/../../../../arm-none-eabi/lib/thumb/v7e-m/fpv4-sp/hard\libc_nano.a(lib_a-signalr.o)
                0x0000c524                _kill_r
 .text._getpid_r
                0x0000c548        0x4 c:/users/amtsn/.platformio/packages/toolchain-gccarmnoneeabi/bin/../lib/gcc/arm-none-eabi/7.2.1/../../../../arm-none-eabi/lib/thumb/v7e-m/fpv4-sp/hard\libc_nano.a(lib_a-signalr.o)
                0x0000c548                _getpid_r
 .text.sprintf  0x0000c54c       0x40 c:/users/amtsn/.platformio/packages/toolchain-gccarmnoneeabi/bin/../lib/gcc/arm-none-eabi/7.2.1/../../../../arm-none-eabi/lib/thumb/v7e-m/fpv4-sp/hard\libc_nano.a(lib_a-sprintf.o)
                0x0000c54c                siprintf
                0x0000c54c                sprintf
 .text          0x0000c58c       0x14 c:/users/amtsn/.platformio/packages/toolchain-gccarmnoneeabi/bin/../lib/gcc/arm-none-eabi/7.2.1/../../../../arm-none-eabi/lib/thumb/v7e-m/fpv4-sp/hard\libc_nano.a(lib_a-strcmp.o)
                0x0000c58c                strcmp
 .text          0x0000c5a0       0x10 c:/users/amtsn/.platformio/packages/toolchain-gccarmnoneeabi/bin/../lib/gcc/arm-none-eabi/7.2.1/../../../../arm-none-eabi/lib/thumb/v7e-m/fpv4-sp/hard\libc_nano.a(lib_a-strlen.o)
                0x0000c5a0                strlen
 .text.std      0x0000c5b0       0x48 c:/users/amtsn/.platformio/packages/toolchain-gccarmnoneeabi/bin/../lib/gcc/arm-none-eabi/7.2.1/../../../../arm-none-eabi/lib/thumb/v7e-m/fpv4-sp/hard\libc_nano.a(lib_a-findfp.o)
 .text._cleanup_r
                0x0000c5f8        0xc c:/users/amtsn/.platformio/packages/toolchain-gccarmnoneeabi/bin/../lib/gcc/arm-none-eabi/7.2.1/../../../../arm-none-eabi/lib/thumb/v7e-m/fpv4-sp/hard\libc_nano.a(lib_a-findfp.o)
                0x0000c5f8                _cleanup_r
 .text.__sfmoreglue
                0x0000c604       0x2c c:/users/amtsn/.platformio/packages/toolchain-gccarmnoneeabi/bin/../lib/gcc/arm-none-eabi/7.2.1/../../../../arm-none-eabi/lib/thumb/v7e-m/fpv4-sp/hard\libc_nano.a(lib_a-findfp.o)
                0x0000c604                __sfmoreglue
 .text.__sinit  0x0000c630       0x60 c:/users/amtsn/.platformio/packages/toolchain-gccarmnoneeabi/bin/../lib/gcc/arm-none-eabi/7.2.1/../../../../arm-none-eabi/lib/thumb/v7e-m/fpv4-sp/hard\libc_nano.a(lib_a-findfp.o)
                0x0000c630                __sinit
 .text.__sfp    0x0000c690       0x78 c:/users/amtsn/.platformio/packages/toolchain-gccarmnoneeabi/bin/../lib/gcc/arm-none-eabi/7.2.1/../../../../arm-none-eabi/lib/thumb/v7e-m/fpv4-sp/hard\libc_nano.a(lib_a-findfp.o)
                0x0000c690                __sfp
 .text._fwalk_reent
                0x0000c708       0x3c c:/users/amtsn/.platformio/packages/toolchain-gccarmnoneeabi/bin/../lib/gcc/arm-none-eabi/7.2.1/../../../../arm-none-eabi/lib/thumb/v7e-m/fpv4-sp/hard\libc_nano.a(lib_a-fwalk.o)
                0x0000c708                _fwalk_reent
 .text.__malloc_lock
                0x0000c744        0x2 c:/users/amtsn/.platformio/packages/toolchain-gccarmnoneeabi/bin/../lib/gcc/arm-none-eabi/7.2.1/../../../../arm-none-eabi/lib/thumb/v7e-m/fpv4-sp/hard\libc_nano.a(lib_a-mlock.o)
                0x0000c744                __malloc_lock
 .text.__malloc_unlock
                0x0000c746        0x2 c:/users/amtsn/.platformio/packages/toolchain-gccarmnoneeabi/bin/../lib/gcc/arm-none-eabi/7.2.1/../../../../arm-none-eabi/lib/thumb/v7e-m/fpv4-sp/hard\libc_nano.a(lib_a-mlock.o)
                0x0000c746                __malloc_unlock
 .text.__ssputs_r
                0x0000c748       0xb4 c:/users/amtsn/.platformio/packages/toolchain-gccarmnoneeabi/bin/../lib/gcc/arm-none-eabi/7.2.1/../../../../arm-none-eabi/lib/thumb/v7e-m/fpv4-sp/hard\libc_nano.a(lib_a-nano-svfprintf.o)
                0x0000c748                __ssputs_r
 .text._svfprintf_r
                0x0000c7fc      0x1ec c:/users/amtsn/.platformio/packages/toolchain-gccarmnoneeabi/bin/../lib/gcc/arm-none-eabi/7.2.1/../../../../arm-none-eabi/lib/thumb/v7e-m/fpv4-sp/hard\libc_nano.a(lib_a-nano-svfprintf.o)
                0x0000c7fc                _svfiprintf_r
                0x0000c7fc                _svfprintf_r
 .text.__sfputc_r
                0x0000c9e8       0x2e c:/users/amtsn/.platformio/packages/toolchain-gccarmnoneeabi/bin/../lib/gcc/arm-none-eabi/7.2.1/../../../../arm-none-eabi/lib/thumb/v7e-m/fpv4-sp/hard\libc_nano.a(lib_a-nano-vfprintf.o)
 .text.__sfputs_r
                0x0000ca16       0x24 c:/users/amtsn/.platformio/packages/toolchain-gccarmnoneeabi/bin/../lib/gcc/arm-none-eabi/7.2.1/../../../../arm-none-eabi/lib/thumb/v7e-m/fpv4-sp/hard\libc_nano.a(lib_a-nano-vfprintf.o)
                0x0000ca16                __sfputs_r
 *fill*         0x0000ca3a        0x2 ff
 .text._vfprintf_r
                0x0000ca3c      0x228 c:/users/amtsn/.platformio/packages/toolchain-gccarmnoneeabi/bin/../lib/gcc/arm-none-eabi/7.2.1/../../../../arm-none-eabi/lib/thumb/v7e-m/fpv4-sp/hard\libc_nano.a(lib_a-nano-vfprintf.o)
                0x0000ca3c                _vfprintf_r
                0x0000ca3c                _vfiprintf_r
 .text._printf_common
                0x0000cc64       0xea c:/users/amtsn/.platformio/packages/toolchain-gccarmnoneeabi/bin/../lib/gcc/arm-none-eabi/7.2.1/../../../../arm-none-eabi/lib/thumb/v7e-m/fpv4-sp/hard\libc_nano.a(lib_a-nano-vfprintf_i.o)
                0x0000cc64                _printf_common
 *fill*         0x0000cd4e        0x2 ff
 .text._printf_i
                0x0000cd50      0x224 c:/users/amtsn/.platformio/packages/toolchain-gccarmnoneeabi/bin/../lib/gcc/arm-none-eabi/7.2.1/../../../../arm-none-eabi/lib/thumb/v7e-m/fpv4-sp/hard\libc_nano.a(lib_a-nano-vfprintf_i.o)
                0x0000cd50                _printf_i
 .text.__sread  0x0000cf74       0x22 c:/users/amtsn/.platformio/packages/toolchain-gccarmnoneeabi/bin/../lib/gcc/arm-none-eabi/7.2.1/../../../../arm-none-eabi/lib/thumb/v7e-m/fpv4-sp/hard\libc_nano.a(lib_a-stdio.o)
                0x0000cf74                __sread
 .text.__swrite
                0x0000cf96       0x38 c:/users/amtsn/.platformio/packages/toolchain-gccarmnoneeabi/bin/../lib/gcc/arm-none-eabi/7.2.1/../../../../arm-none-eabi/lib/thumb/v7e-m/fpv4-sp/hard\libc_nano.a(lib_a-stdio.o)
                0x0000cf96                __swrite
 .text.__sseek  0x0000cfce       0x24 c:/users/amtsn/.platformio/packages/toolchain-gccarmnoneeabi/bin/../lib/gcc/arm-none-eabi/7.2.1/../../../../arm-none-eabi/lib/thumb/v7e-m/fpv4-sp/hard\libc_nano.a(lib_a-stdio.o)
                0x0000cfce                __sseek
 .text.__sclose
                0x0000cff2        0x8 c:/users/amtsn/.platformio/packages/toolchain-gccarmnoneeabi/bin/../lib/gcc/arm-none-eabi/7.2.1/../../../../arm-none-eabi/lib/thumb/v7e-m/fpv4-sp/hard\libc_nano.a(lib_a-stdio.o)
                0x0000cff2                __sclose
 *fill*         0x0000cffa        0x2 ff
 .text.__swbuf_r
                0x0000cffc       0xa4 c:/users/amtsn/.platformio/packages/toolchain-gccarmnoneeabi/bin/../lib/gcc/arm-none-eabi/7.2.1/../../../../arm-none-eabi/lib/thumb/v7e-m/fpv4-sp/hard\libc_nano.a(lib_a-wbuf.o)
                0x0000cffc                __swbuf_r
 .text._write_r
                0x0000d0a0       0x24 c:/users/amtsn/.platformio/packages/toolchain-gccarmnoneeabi/bin/../lib/gcc/arm-none-eabi/7.2.1/../../../../arm-none-eabi/lib/thumb/v7e-m/fpv4-sp/hard\libc_nano.a(lib_a-writer.o)
                0x0000d0a0                _write_r
 .text.__swsetup_r
                0x0000d0c4       0xdc c:/users/amtsn/.platformio/packages/toolchain-gccarmnoneeabi/bin/../lib/gcc/arm-none-eabi/7.2.1/../../../../arm-none-eabi/lib/thumb/v7e-m/fpv4-sp/hard\libc_nano.a(lib_a-wsetup.o)
                0x0000d0c4                __swsetup_r
 .text._close_r
                0x0000d1a0       0x20 c:/users/amtsn/.platformio/packages/toolchain-gccarmnoneeabi/bin/../lib/gcc/arm-none-eabi/7.2.1/../../../../arm-none-eabi/lib/thumb/v7e-m/fpv4-sp/hard\libc_nano.a(lib_a-closer.o)
                0x0000d1a0                _close_r
 .text.__sflush_r
                0x0000d1c0      0x10c c:/users/amtsn/.platformio/packages/toolchain-gccarmnoneeabi/bin/../lib/gcc/arm-none-eabi/7.2.1/../../../../arm-none-eabi/lib/thumb/v7e-m/fpv4-sp/hard\libc_nano.a(lib_a-fflush.o)
                0x0000d1c0                __sflush_r
 .text._fflush_r
                0x0000d2cc       0x54 c:/users/amtsn/.platformio/packages/toolchain-gccarmnoneeabi/bin/../lib/gcc/arm-none-eabi/7.2.1/../../../../arm-none-eabi/lib/thumb/v7e-m/fpv4-sp/hard\libc_nano.a(lib_a-fflush.o)
                0x0000d2cc                _fflush_r
 .text._lseek_r
                0x0000d320       0x24 c:/users/amtsn/.platformio/packages/toolchain-gccarmnoneeabi/bin/../lib/gcc/arm-none-eabi/7.2.1/../../../../arm-none-eabi/lib/thumb/v7e-m/fpv4-sp/hard\libc_nano.a(lib_a-lseekr.o)
                0x0000d320                _lseek_r
 .text.__swhatbuf_r
                0x0000d344       0x48 c:/users/amtsn/.platformio/packages/toolchain-gccarmnoneeabi/bin/../lib/gcc/arm-none-eabi/7.2.1/../../../../arm-none-eabi/lib/thumb/v7e-m/fpv4-sp/hard\libc_nano.a(lib_a-makebuf.o)
                0x0000d344                __swhatbuf_r
 .text.__smakebuf_r
                0x0000d38c       0x80 c:/users/amtsn/.platformio/packages/toolchain-gccarmnoneeabi/bin/../lib/gcc/arm-none-eabi/7.2.1/../../../../arm-none-eabi/lib/thumb/v7e-m/fpv4-sp/hard\libc_nano.a(lib_a-makebuf.o)
                0x0000d38c                __smakebuf_r
 *fill*         0x0000d40c        0x4 ff
 .text          0x0000d410       0xa0 c:/users/amtsn/.platformio/packages/toolchain-gccarmnoneeabi/bin/../lib/gcc/arm-none-eabi/7.2.1/../../../../arm-none-eabi/lib/thumb/v7e-m/fpv4-sp/hard\libc_nano.a(lib_a-memchr.o)
                0x0000d410                memchr
 .text.memmove  0x0000d4b0       0x32 c:/users/amtsn/.platformio/packages/toolchain-gccarmnoneeabi/bin/../lib/gcc/arm-none-eabi/7.2.1/../../../../arm-none-eabi/lib/thumb/v7e-m/fpv4-sp/hard\libc_nano.a(lib_a-memmove.o)
                0x0000d4b0                memmove
 .text._realloc_r
                0x0000d4e2       0x4c c:/users/amtsn/.platformio/packages/toolchain-gccarmnoneeabi/bin/../lib/gcc/arm-none-eabi/7.2.1/../../../../arm-none-eabi/lib/thumb/v7e-m/fpv4-sp/hard\libc_nano.a(lib_a-nano-reallocr.o)
                0x0000d4e2                _realloc_r
 *fill*         0x0000d52e        0x2 ff
 .text._read_r  0x0000d530       0x24 c:/users/amtsn/.platformio/packages/toolchain-gccarmnoneeabi/bin/../lib/gcc/arm-none-eabi/7.2.1/../../../../arm-none-eabi/lib/thumb/v7e-m/fpv4-sp/hard\libc_nano.a(lib_a-readr.o)
                0x0000d530                _read_r
 .text._fstat_r
                0x0000d554       0x24 c:/users/amtsn/.platformio/packages/toolchain-gccarmnoneeabi/bin/../lib/gcc/arm-none-eabi/7.2.1/../../../../arm-none-eabi/lib/thumb/v7e-m/fpv4-sp/hard\libc_nano.a(lib_a-fstatr.o)
                0x0000d554                _fstat_r
 .text._isatty_r
                0x0000d578       0x20 c:/users/amtsn/.platformio/packages/toolchain-gccarmnoneeabi/bin/../lib/gcc/arm-none-eabi/7.2.1/../../../../arm-none-eabi/lib/thumb/v7e-m/fpv4-sp/hard\libc_nano.a(lib_a-isattyr.o)
                0x0000d578                _isatty_r
 .text._malloc_usable_size_r
                0x0000d598       0x10 c:/users/amtsn/.platformio/packages/toolchain-gccarmnoneeabi/bin/../lib/gcc/arm-none-eabi/7.2.1/../../../../arm-none-eabi/lib/thumb/v7e-m/fpv4-sp/hard\libc_nano.a(lib_a-nano-msizer.o)
                0x0000d598                _malloc_usable_size_r
 .text._close   0x0000d5a8       0x10 c:/users/amtsn/.platformio/packages/toolchain-gccarmnoneeabi/bin/../lib/gcc/arm-none-eabi/7.2.1/../../../../arm-none-eabi/lib/thumb/v7e-m/fpv4-sp/hard\libnosys.a(close.o)
                0x0000d5a8                _close
 .text._fstat   0x0000d5b8       0x10 c:/users/amtsn/.platformio/packages/toolchain-gccarmnoneeabi/bin/../lib/gcc/arm-none-eabi/7.2.1/../../../../arm-none-eabi/lib/thumb/v7e-m/fpv4-sp/hard\libnosys.a(fstat.o)
                0x0000d5b8                _fstat
 .text._getpid  0x0000d5c8       0x10 c:/users/amtsn/.platformio/packages/toolchain-gccarmnoneeabi/bin/../lib/gcc/arm-none-eabi/7.2.1/../../../../arm-none-eabi/lib/thumb/v7e-m/fpv4-sp/hard\libnosys.a(getpid.o)
                0x0000d5c8                _getpid
 .text._isatty  0x0000d5d8       0x10 c:/users/amtsn/.platformio/packages/toolchain-gccarmnoneeabi/bin/../lib/gcc/arm-none-eabi/7.2.1/../../../../arm-none-eabi/lib/thumb/v7e-m/fpv4-sp/hard\libnosys.a(isatty.o)
                0x0000d5d8                _isatty
 .text._kill    0x0000d5e8       0x10 c:/users/amtsn/.platformio/packages/toolchain-gccarmnoneeabi/bin/../lib/gcc/arm-none-eabi/7.2.1/../../../../arm-none-eabi/lib/thumb/v7e-m/fpv4-sp/hard\libnosys.a(kill.o)
                0x0000d5e8                _kill
 .text._lseek   0x0000d5f8       0x10 c:/users/amtsn/.platformio/packages/toolchain-gccarmnoneeabi/bin/../lib/gcc/arm-none-eabi/7.2.1/../../../../arm-none-eabi/lib/thumb/v7e-m/fpv4-sp/hard\libnosys.a(lseek.o)
                0x0000d5f8                _lseek
 .text._read    0x0000d608       0x10 c:/users/amtsn/.platformio/packages/toolchain-gccarmnoneeabi/bin/../lib/gcc/arm-none-eabi/7.2.1/../../../../arm-none-eabi/lib/thumb/v7e-m/fpv4-sp/hard\libnosys.a(read.o)
                0x0000d608                _read
 .text._sbrk    0x0000d618       0x1c c:/users/amtsn/.platformio/packages/toolchain-gccarmnoneeabi/bin/../lib/gcc/arm-none-eabi/7.2.1/../../../../arm-none-eabi/lib/thumb/v7e-m/fpv4-sp/hard\libnosys.a(sbrk.o)
                0x0000d618                _sbrk
 .text._exit    0x0000d634        0x4 c:/users/amtsn/.platformio/packages/toolchain-gccarmnoneeabi/bin/../lib/gcc/arm-none-eabi/7.2.1/../../../../arm-none-eabi/lib/thumb/v7e-m/fpv4-sp/hard\libnosys.a(_exit.o)
                0x0000d634                _exit
 *(.version)
 .version       0x0000d638       0x50 C:\Users\amtsn\.platformio\packages\framework-arduinorenesas-uno\variants\UNOWIFIR4\libs\libfsp.a(bsp_common.o)
 *(.init)
 .init          0x0000d688        0x4 c:/users/amtsn/.platformio/packages/toolchain-gccarmnoneeabi/bin/../lib/gcc/arm-none-eabi/7.2.1/thumb/v7e-m/fpv4-sp/hard/crti.o
                0x0000d688                _init
 .init          0x0000d68c        0x8 c:/users/amtsn/.platformio/packages/toolchain-gccarmnoneeabi/bin/../lib/gcc/arm-none-eabi/7.2.1/thumb/v7e-m/fpv4-sp/hard/crtn.o
 *(.fini)
 .fini          0x0000d694        0x4 c:/users/amtsn/.platformio/packages/toolchain-gccarmnoneeabi/bin/../lib/gcc/arm-none-eabi/7.2.1/thumb/v7e-m/fpv4-sp/hard/crti.o
                0x0000d694                _fini
 .fini          0x0000d698        0x8 c:/users/amtsn/.platformio/packages/toolchain-gccarmnoneeabi/bin/../lib/gcc/arm-none-eabi/7.2.1/thumb/v7e-m/fpv4-sp/hard/crtn.o
 *crtbegin.o(.ctors)
 *crtbegin?.o(.ctors)
 *(EXCLUDE_FILE(*crtend.o *crtend?.o) .ctors)
 *(SORT_BY_NAME(.ctors.*))
 *(.ctors)
 *crtbegin.o(.dtors)
 *crtbegin?.o(.dtors)
 *(EXCLUDE_FILE(*crtend.o *crtend?.o) .dtors)
 *(SORT_BY_NAME(.dtors.*))
 *(.dtors)
 *(.rodata*)
 .rodata._ZN10SmartLight10SmartLight11LightSensorEv.str1.1
                0x0000d6a0       0x5c .pio\build\uno_r4_wifi\src\SmartLight.cpp.o
 .rodata._ZN10SmartLight10SmartLight12MotionSensorEv.str1.1
                0x0000d6fc       0x4e .pio\build\uno_r4_wifi\src\SmartLight.cpp.o
 .rodata._ZN10SmartLight10SmartLight5setupEv.str1.1
                0x0000d74a       0x98 .pio\build\uno_r4_wifi\src\SmartLight.cpp.o
 .rodata.loop.str1.1
                0x0000d7e2       0x1d .pio\build\uno_r4_wifi\src\SmartLight.cpp.o
 *fill*         0x0000d7ff        0x1 ff
 .rodata._ZTV4UART
                0x0000d800       0x34 .pio\build\uno_r4_wifi\libFrameworkArduino.a(Serial.cpp.o)
                0x0000d800                vtable for UART
 .rodata.CSWTCH.44
                0x0000d834        0x6 .pio\build\uno_r4_wifi\libFrameworkArduino.a(analog.cpp.o)
 .rodata.CSWTCH.72
                0x0000d83a        0x5 .pio\build\uno_r4_wifi\libFrameworkArduino.a(analog.cpp.o)
 .rodata._ZN7arduino5Print7printlnEv.str1.1
                0x0000d83f        0x3 .pio\build\uno_r4_wifi\libFrameworkArduino.a(Print.cpp.o)
 .rodata        0x0000d842        0xd .pio\build\uno_r4_wifi\libFrameworkArduino.a(main.cpp.o)
 .rodata._Z12arduino_mainv.str1.1
                0x0000d84f       0x10 .pio\build\uno_r4_wifi\libFrameworkArduino.a(main.cpp.o)
 .rodata.g_interrupt_event_link_select
                0x0000d85f       0x20 .pio\build\uno_r4_wifi\libFrameworkArduino.a(vector_table.c.o)
                0x0000d85f                g_interrupt_event_link_select
 .rodata.__FUNCTION__.6535
                0x0000d87f       0x13 .pio\build\uno_r4_wifi\libFrameworkArduino.a(cm_backtrace.c.o)
 .rodata.cm_backtrace_assert.str1.1
                0x0000d892       0x26 .pio\build\uno_r4_wifi\libFrameworkArduino.a(cm_backtrace.c.o)
                                 0x28 (size before relaxing)
 .rodata.cm_backtrace_fault.str1.1
                0x0000d8b8      0x6ae .pio\build\uno_r4_wifi\libFrameworkArduino.a(cm_backtrace.c.o)
 .rodata.cm_backtrace_firmware_info.str1.1
                0x0000df66       0x23 .pio\build\uno_r4_wifi\libFrameworkArduino.a(cm_backtrace.c.o)
 .rodata.cm_backtrace_init.str1.1
                0x0000df89       0x62 .pio\build\uno_r4_wifi\libFrameworkArduino.a(cm_backtrace.c.o)
 .rodata.dump_stack.str1.1
                0x0000dfeb       0x65 .pio\build\uno_r4_wifi\libFrameworkArduino.a(cm_backtrace.c.o)
                                 0x8d (size before relaxing)
 .rodata.print_call_stack.str1.1
                0x0000e050       0x65 .pio\build\uno_r4_wifi\libFrameworkArduino.a(cm_backtrace.c.o)
 .rodata.str1.1
                0x0000e0b5       0x20 .pio\build\uno_r4_wifi\libFrameworkArduino.a(cm_backtrace.c.o)
 *fill*         0x0000e0d5        0x3 ff
 .rodata.g_async_baud
                0x0000e0d8        0xd C:\Users\amtsn\.platformio\packages\framework-arduinorenesas-uno\variants\UNOWIFIR4\libs\libfsp.a(r_sci_uart.o)
 *fill*         0x0000e0e5        0x3 ff
 .rodata.g_div_coefficient
                0x0000e0e8       0x1a C:\Users\amtsn\.platformio\packages\framework-arduinorenesas-uno\variants\UNOWIFIR4\libs\libfsp.a(r_sci_uart.o)
 *fill*         0x0000e102        0x2 ff
 .rodata.adc_elc_trigger_lut
                0x0000e104        0xc C:\Users\amtsn\.platformio\packages\framework-arduinorenesas-uno\variants\UNOWIFIR4\libs\libfsp.a(r_adc.o)
 .rodata.g_prcr_masks
                0x0000e110        0x8 C:\Users\amtsn\.platformio\packages\framework-arduinorenesas-uno\variants\UNOWIFIR4\libs\libfsp.a(bsp_register_protection.o)
 .rodata._ZTIN10__cxxabiv115__forced_unwindE
                0x0000e118        0x8 c:/users/amtsn/.platformio/packages/toolchain-gccarmnoneeabi/bin/../lib/gcc/arm-none-eabi/7.2.1/../../../../arm-none-eabi/lib/thumb/v7e-m/fpv4-sp/hard\libstdc++_nano.a(eh_exception.o)
                0x0000e118                typeinfo for __cxxabiv1::__forced_unwind
 .rodata._ZTIN10__cxxabiv119__foreign_exceptionE
                0x0000e120        0x8 c:/users/amtsn/.platformio/packages/toolchain-gccarmnoneeabi/bin/../lib/gcc/arm-none-eabi/7.2.1/../../../../arm-none-eabi/lib/thumb/v7e-m/fpv4-sp/hard\libstdc++_nano.a(eh_exception.o)
                0x0000e120                typeinfo for __cxxabiv1::__foreign_exception
 .rodata._ZTSN10__cxxabiv115__forced_unwindE
                0x0000e128       0x20 c:/users/amtsn/.platformio/packages/toolchain-gccarmnoneeabi/bin/../lib/gcc/arm-none-eabi/7.2.1/../../../../arm-none-eabi/lib/thumb/v7e-m/fpv4-sp/hard\libstdc++_nano.a(eh_exception.o)
                0x0000e128                typeinfo name for __cxxabiv1::__forced_unwind
 .rodata._ZTSN10__cxxabiv119__foreign_exceptionE
                0x0000e148       0x24 c:/users/amtsn/.platformio/packages/toolchain-gccarmnoneeabi/bin/../lib/gcc/arm-none-eabi/7.2.1/../../../../arm-none-eabi/lib/thumb/v7e-m/fpv4-sp/hard\libstdc++_nano.a(eh_exception.o)
                0x0000e148                typeinfo name for __cxxabiv1::__foreign_exception
 .rodata._ZTIN10__cxxabiv120__si_class_type_infoE
                0x0000e16c        0xc c:/users/amtsn/.platformio/packages/toolchain-gccarmnoneeabi/bin/../lib/gcc/arm-none-eabi/7.2.1/../../../../arm-none-eabi/lib/thumb/v7e-m/fpv4-sp/hard\libstdc++_nano.a(si_class_type_info.o)
                0x0000e16c                typeinfo for __cxxabiv1::__si_class_type_info
 .rodata._ZTSN10__cxxabiv120__si_class_type_infoE
                0x0000e178       0x25 c:/users/amtsn/.platformio/packages/toolchain-gccarmnoneeabi/bin/../lib/gcc/arm-none-eabi/7.2.1/../../../../arm-none-eabi/lib/thumb/v7e-m/fpv4-sp/hard\libstdc++_nano.a(si_class_type_info.o)
                0x0000e178                typeinfo name for __cxxabiv1::__si_class_type_info
 *fill*         0x0000e19d        0x3 ff
 .rodata._ZTVN10__cxxabiv120__si_class_type_infoE
                0x0000e1a0       0x2c c:/users/amtsn/.platformio/packages/toolchain-gccarmnoneeabi/bin/../lib/gcc/arm-none-eabi/7.2.1/../../../../arm-none-eabi/lib/thumb/v7e-m/fpv4-sp/hard\libstdc++_nano.a(si_class_type_info.o)
                0x0000e1a0                vtable for __cxxabiv1::__si_class_type_info
 .rodata._ZTISt9type_info
                0x0000e1cc        0x8 c:/users/amtsn/.platformio/packages/toolchain-gccarmnoneeabi/bin/../lib/gcc/arm-none-eabi/7.2.1/../../../../arm-none-eabi/lib/thumb/v7e-m/fpv4-sp/hard\libstdc++_nano.a(tinfo.o)
                0x0000e1cc                typeinfo for std::type_info
 .rodata._ZTSSt9type_info